Archive member included to satisfy reference by file (symbol)

/opt/gcc-arm-none-eabi/bin/../lib/gcc/arm-none-eabi/8.2.1/../../../../arm-none-eabi/lib/thumb/v7e-m+fp/hard/libm.a(lib_a-sf_round.o)
                              bin/obj/emu.o (roundf)
/opt/gcc-arm-none-eabi/bin/../lib/gcc/arm-none-eabi/8.2.1/../../../../arm-none-eabi/lib/thumb/v7e-m+fp/hard/libc_nano.a(lib_a-malloc.o)
                              bin/obj/main.o (malloc)
/opt/gcc-arm-none-eabi/bin/../lib/gcc/arm-none-eabi/8.2.1/../../../../arm-none-eabi/lib/thumb/v7e-m+fp/hard/libc_nano.a(lib_a-memcpy-stub.o)
                              bin/obj/md5/md5.o (memcpy)
/opt/gcc-arm-none-eabi/bin/../lib/gcc/arm-none-eabi/8.2.1/../../../../arm-none-eabi/lib/thumb/v7e-m+fp/hard/libc_nano.a(lib_a-memset.o)
                              bin/obj/md5/md5.o (memset)
/opt/gcc-arm-none-eabi/bin/../lib/gcc/arm-none-eabi/8.2.1/../../../../arm-none-eabi/lib/thumb/v7e-m+fp/hard/libc_nano.a(lib_a-nano-freer.o)
                              /opt/gcc-arm-none-eabi/bin/../lib/gcc/arm-none-eabi/8.2.1/../../../../arm-none-eabi/lib/thumb/v7e-m+fp/hard/libc_nano.a(lib_a-malloc.o) (_free_r)
/opt/gcc-arm-none-eabi/bin/../lib/gcc/arm-none-eabi/8.2.1/../../../../arm-none-eabi/lib/thumb/v7e-m+fp/hard/libc_nano.a(lib_a-nano-mallocr.o)
                              /opt/gcc-arm-none-eabi/bin/../lib/gcc/arm-none-eabi/8.2.1/../../../../arm-none-eabi/lib/thumb/v7e-m+fp/hard/libc_nano.a(lib_a-malloc.o) (_malloc_r)
/opt/gcc-arm-none-eabi/bin/../lib/gcc/arm-none-eabi/8.2.1/../../../../arm-none-eabi/lib/thumb/v7e-m+fp/hard/libc_nano.a(lib_a-sbrkr.o)
                              /opt/gcc-arm-none-eabi/bin/../lib/gcc/arm-none-eabi/8.2.1/../../../../arm-none-eabi/lib/thumb/v7e-m+fp/hard/libc_nano.a(lib_a-nano-mallocr.o) (_sbrk_r)
/opt/gcc-arm-none-eabi/bin/../lib/gcc/arm-none-eabi/8.2.1/../../../../arm-none-eabi/lib/thumb/v7e-m+fp/hard/libc_nano.a(lib_a-impure.o)
                              /opt/gcc-arm-none-eabi/bin/../lib/gcc/arm-none-eabi/8.2.1/../../../../arm-none-eabi/lib/thumb/v7e-m+fp/hard/libc_nano.a(lib_a-malloc.o) (_impure_ptr)
/opt/gcc-arm-none-eabi/bin/../lib/gcc/arm-none-eabi/8.2.1/../../../../arm-none-eabi/lib/thumb/v7e-m+fp/hard/libc_nano.a(lib_a-mlock.o)
                              /opt/gcc-arm-none-eabi/bin/../lib/gcc/arm-none-eabi/8.2.1/../../../../arm-none-eabi/lib/thumb/v7e-m+fp/hard/libc_nano.a(lib_a-nano-freer.o) (__malloc_lock)
/opt/gcc-arm-none-eabi/bin/../lib/gcc/arm-none-eabi/8.2.1/../../../../arm-none-eabi/lib/thumb/v7e-m+fp/hard/libc_nano.a(lib_a-reent.o)
                              /opt/gcc-arm-none-eabi/bin/../lib/gcc/arm-none-eabi/8.2.1/../../../../arm-none-eabi/lib/thumb/v7e-m+fp/hard/libc_nano.a(lib_a-sbrkr.o) (errno)
/opt/gcc-arm-none-eabi/bin/../lib/gcc/arm-none-eabi/8.2.1/../../../../arm-none-eabi/lib/thumb/v7e-m+fp/hard/libc_nano.a(lib_a-lock.o)
                              /opt/gcc-arm-none-eabi/bin/../lib/gcc/arm-none-eabi/8.2.1/../../../../arm-none-eabi/lib/thumb/v7e-m+fp/hard/libc_nano.a(lib_a-mlock.o) (__retarget_lock_acquire_recursive)
/opt/gcc-arm-none-eabi/bin/../lib/gcc/arm-none-eabi/8.2.1/thumb/v7e-m+fp/hard/libgcc.a(_arm_addsubdf3.o)
                              bin/obj/printf/printf.o (__aeabi_dsub)
/opt/gcc-arm-none-eabi/bin/../lib/gcc/arm-none-eabi/8.2.1/thumb/v7e-m+fp/hard/libgcc.a(_arm_muldivdf3.o)
                              bin/obj/printf/printf.o (__aeabi_dmul)
/opt/gcc-arm-none-eabi/bin/../lib/gcc/arm-none-eabi/8.2.1/thumb/v7e-m+fp/hard/libgcc.a(_arm_cmpdf2.o)
                              bin/obj/printf/printf.o (__aeabi_dcmpeq)
/opt/gcc-arm-none-eabi/bin/../lib/gcc/arm-none-eabi/8.2.1/thumb/v7e-m+fp/hard/libgcc.a(_arm_fixdfsi.o)
                              bin/obj/printf/printf.o (__aeabi_d2iz)
/opt/gcc-arm-none-eabi/bin/../lib/gcc/arm-none-eabi/8.2.1/thumb/v7e-m+fp/hard/libgcc.a(_arm_fixunsdfsi.o)
                              bin/obj/printf/printf.o (__aeabi_d2uiz)
/opt/gcc-arm-none-eabi/bin/../lib/gcc/arm-none-eabi/8.2.1/thumb/v7e-m+fp/hard/libgcc.a(_aeabi_uldivmod.o)
                              bin/obj/printf/printf.o (__aeabi_uldivmod)
/opt/gcc-arm-none-eabi/bin/../lib/gcc/arm-none-eabi/8.2.1/thumb/v7e-m+fp/hard/libgcc.a(_udivmoddi4.o)
                              /opt/gcc-arm-none-eabi/bin/../lib/gcc/arm-none-eabi/8.2.1/thumb/v7e-m+fp/hard/libgcc.a(_aeabi_uldivmod.o) (__udivmoddi4)
/opt/gcc-arm-none-eabi/bin/../lib/gcc/arm-none-eabi/8.2.1/thumb/v7e-m+fp/hard/libgcc.a(_dvmd_tls.o)
                              /opt/gcc-arm-none-eabi/bin/../lib/gcc/arm-none-eabi/8.2.1/thumb/v7e-m+fp/hard/libgcc.a(_aeabi_uldivmod.o) (__aeabi_ldiv0)
/opt/gcc-arm-none-eabi/bin/../lib/gcc/arm-none-eabi/8.2.1/../../../../arm-none-eabi/lib/thumb/v7e-m+fp/hard/libnosys.a(sbrk.o)
                              /opt/gcc-arm-none-eabi/bin/../lib/gcc/arm-none-eabi/8.2.1/../../../../arm-none-eabi/lib/thumb/v7e-m+fp/hard/libc_nano.a(lib_a-sbrkr.o) (_sbrk)

Allocating common symbols
Common symbol       size              file

__lock___atexit_recursive_mutex
                    0x1               /opt/gcc-arm-none-eabi/bin/../lib/gcc/arm-none-eabi/8.2.1/../../../../arm-none-eabi/lib/thumb/v7e-m+fp/hard/libc_nano.a(lib_a-lock.o)
LETIMER0_CLOCK_FREQ
                    0x4               bin/obj/cmu.o
__lock___arc4random_mutex
                    0x1               /opt/gcc-arm-none-eabi/bin/../lib/gcc/arm-none-eabi/8.2.1/../../../../arm-none-eabi/lib/thumb/v7e-m+fp/hard/libc_nano.a(lib_a-lock.o)
errno               0x4               /opt/gcc-arm-none-eabi/bin/../lib/gcc/arm-none-eabi/8.2.1/../../../../arm-none-eabi/lib/thumb/v7e-m+fp/hard/libc_nano.a(lib_a-reent.o)
CSEN_CLOCK_FREQ     0x4               bin/obj/cmu.o
LFA_CLOCK_FREQ      0x4               bin/obj/cmu.o
HFLE_CLOCK_FREQ     0x4               bin/obj/cmu.o
SYSTICK_CLOCK_FREQ  0x4               bin/obj/cmu.o
__lock___env_recursive_mutex
                    0x1               /opt/gcc-arm-none-eabi/bin/../lib/gcc/arm-none-eabi/8.2.1/../../../../arm-none-eabi/lib/thumb/v7e-m+fp/hard/libc_nano.a(lib_a-lock.o)
__lock___sinit_recursive_mutex
                    0x1               /opt/gcc-arm-none-eabi/bin/../lib/gcc/arm-none-eabi/8.2.1/../../../../arm-none-eabi/lib/thumb/v7e-m+fp/hard/libc_nano.a(lib_a-lock.o)
LETIMER1_CLOCK_FREQ
                    0x4               bin/obj/cmu.o
ADC0_CLOCK_FREQ     0x4               bin/obj/cmu.o
LFB_CLOCK_FREQ      0x4               bin/obj/cmu.o
HFCORE_CLOCK_FREQ   0x4               bin/obj/cmu.o
__lock___malloc_recursive_mutex
                    0x1               /opt/gcc-arm-none-eabi/bin/../lib/gcc/arm-none-eabi/8.2.1/../../../../arm-none-eabi/lib/thumb/v7e-m+fp/hard/libc_nano.a(lib_a-lock.o)
ADC1_CLOCK_FREQ     0x4               bin/obj/cmu.o
RTCC_CLOCK_FREQ     0x4               bin/obj/cmu.o
LEUART1_CLOCK_FREQ  0x4               bin/obj/cmu.o
LFE_CLOCK_FREQ      0x4               bin/obj/cmu.o
HFSRC_CLOCK_FREQ    0x4               bin/obj/cmu.o
HFBUS_CLOCK_FREQ    0x4               bin/obj/cmu.o
HFPERC_CLOCK_FREQ   0x4               bin/obj/cmu.o
HFEXP_CLOCK_FREQ    0x4               bin/obj/cmu.o
HFPERB_CLOCK_FREQ   0x4               bin/obj/cmu.o
LFC_CLOCK_FREQ      0x4               bin/obj/cmu.o
AUX_CLOCK_FREQ      0x4               bin/obj/cmu.o
HFPER_CLOCK_FREQ    0x4               bin/obj/cmu.o
__lock___at_quick_exit_mutex
                    0x1               /opt/gcc-arm-none-eabi/bin/../lib/gcc/arm-none-eabi/8.2.1/../../../../arm-none-eabi/lib/thumb/v7e-m+fp/hard/libc_nano.a(lib_a-lock.o)
HF_CLOCK_FREQ       0x4               bin/obj/cmu.o
LESENSE_CLOCK_FREQ  0x4               bin/obj/cmu.o
RTC_CLOCK_FREQ      0x4               bin/obj/cmu.o
LCD_CLOCK_FREQ      0x4               bin/obj/cmu.o
__lock___dd_hash_mutex
                    0x1               /opt/gcc-arm-none-eabi/bin/../lib/gcc/arm-none-eabi/8.2.1/../../../../arm-none-eabi/lib/thumb/v7e-m+fp/hard/libc_nano.a(lib_a-lock.o)
__lock___tz_mutex   0x1               /opt/gcc-arm-none-eabi/bin/../lib/gcc/arm-none-eabi/8.2.1/../../../../arm-none-eabi/lib/thumb/v7e-m+fp/hard/libc_nano.a(lib_a-lock.o)
LEUART0_CLOCK_FREQ  0x4               bin/obj/cmu.o
DBG_CLOCK_FREQ      0x4               bin/obj/cmu.o
__lock___sfp_recursive_mutex
                    0x1               /opt/gcc-arm-none-eabi/bin/../lib/gcc/arm-none-eabi/8.2.1/../../../../arm-none-eabi/lib/thumb/v7e-m+fp/hard/libc_nano.a(lib_a-lock.o)

Discarded input sections

 .text          0x0000000000000000        0x0 bin/obj/cmu.o
 .data          0x0000000000000000        0x0 bin/obj/cmu.o
 .bss           0x0000000000000000        0x0 bin/obj/cmu.o
 .text.cmu_lfxo_calib
                0x0000000000000000       0x88 bin/obj/cmu.o
 .text.cmu_lfxo_get_cap
                0x0000000000000000       0x24 bin/obj/cmu.o
 .text          0x0000000000000000        0x0 bin/obj/crc.o
 .data          0x0000000000000000        0x0 bin/obj/crc.o
 .bss           0x0000000000000000        0x0 bin/obj/crc.o
 .text.calc_crc32
                0x0000000000000000       0x44 bin/obj/crc.o
 .text          0x0000000000000000        0x0 bin/obj/dbg.o
 .data          0x0000000000000000        0x0 bin/obj/dbg.o
 .bss           0x0000000000000000        0x0 bin/obj/dbg.o
 .text.dbg_swo_putc
                0x0000000000000000        0x4 bin/obj/dbg.o
 .text.dbg_swo_send_uint16
                0x0000000000000000       0x26 bin/obj/dbg.o
 .text.dbg_swo_send_uint32
                0x0000000000000000       0x26 bin/obj/dbg.o
 .text          0x0000000000000000        0x0 bin/obj/crypto.o
 .data          0x0000000000000000        0x0 bin/obj/crypto.o
 .bss           0x0000000000000000        0x0 bin/obj/crypto.o
 .text.crypto_sha256
                0x0000000000000000      0x16c bin/obj/crypto.o
 .text.crypto_sha1
                0x0000000000000000      0x168 bin/obj/crypto.o
 .text          0x0000000000000000        0x0 bin/obj/exc_handler.o
 .data          0x0000000000000000        0x0 bin/obj/exc_handler.o
 .bss           0x0000000000000000        0x0 bin/obj/exc_handler.o
 .text          0x0000000000000000        0x0 bin/obj/msc.o
 .data          0x0000000000000000        0x0 bin/obj/msc.o
 .bss           0x0000000000000000        0x0 bin/obj/msc.o
 .text.msc_flash_page_erase
                0x0000000000000000       0x50 bin/obj/msc.o
 .text.msc_flash_page_write
                0x0000000000000000       0x84 bin/obj/msc.o
 .text.msc_flash_word_write
                0x0000000000000000       0x56 bin/obj/msc.o
 .data.g_psLockBits
                0x0000000000000000        0x4 bin/obj/msc.o
 .text          0x0000000000000000        0x0 bin/obj/emu.o
 .data          0x0000000000000000        0x0 bin/obj/emu.o
 .bss           0x0000000000000000        0x0 bin/obj/emu.o
 .text.emu_vmon_altavdd_config
                0x0000000000000000       0x6c bin/obj/emu.o
 .text          0x0000000000000000        0x0 bin/obj/gpio.o
 .data          0x0000000000000000        0x0 bin/obj/gpio.o
 .bss           0x0000000000000000        0x0 bin/obj/gpio.o
 .text          0x0000000000000000        0x0 bin/obj/main.o
 .data          0x0000000000000000        0x0 bin/obj/main.o
 .bss           0x0000000000000000        0x0 bin/obj/main.o
 .text          0x0000000000000000        0x0 bin/obj/rtcc.o
 .data          0x0000000000000000        0x0 bin/obj/rtcc.o
 .bss           0x0000000000000000        0x0 bin/obj/rtcc.o
 .text.rtcc_set_time
                0x0000000000000000        0xc bin/obj/rtcc.o
 .text.rtcc_set_alarm
                0x0000000000000000       0x10 bin/obj/rtcc.o
 .text          0x0000000000000000        0x0 bin/obj/trng.o
 .data          0x0000000000000000        0x0 bin/obj/trng.o
 .bss           0x0000000000000000        0x0 bin/obj/trng.o
 .text.trng_init
                0x0000000000000000       0x50 bin/obj/trng.o
 .text.trng_pop_random
                0x0000000000000000       0x14 bin/obj/trng.o
 .debug_info    0x0000000000000000      0x685 bin/obj/trng.o
 .debug_abbrev  0x0000000000000000      0x133 bin/obj/trng.o
 .debug_aranges
                0x0000000000000000       0x28 bin/obj/trng.o
 .debug_ranges  0x0000000000000000       0x18 bin/obj/trng.o
 .debug_line    0x0000000000000000      0x203 bin/obj/trng.o
 .debug_str     0x0000000000000000      0x541 bin/obj/trng.o
 .comment       0x0000000000000000       0x76 bin/obj/trng.o
 .debug_frame   0x0000000000000000       0x30 bin/obj/trng.o
 .ARM.attributes
                0x0000000000000000       0x34 bin/obj/trng.o
 .text          0x0000000000000000        0x0 bin/obj/systick.o
 .data          0x0000000000000000        0x0 bin/obj/systick.o
 .bss           0x0000000000000000        0x0 bin/obj/systick.o
 .text          0x0000000000000000        0x0 bin/obj/i2c.o
 .data          0x0000000000000000        0x0 bin/obj/i2c.o
 .bss           0x0000000000000000        0x0 bin/obj/i2c.o
 .text.i2c0_init
                0x0000000000000000       0x74 bin/obj/i2c.o
 .text.i2c0_transmit
                0x0000000000000000       0xb4 bin/obj/i2c.o
 .text.i2c2_init
                0x0000000000000000       0x78 bin/obj/i2c.o
 .text.i2c2_transmit
                0x0000000000000000       0xac bin/obj/i2c.o
 .text          0x0000000000000000        0x0 bin/obj/startup.o
 .data          0x0000000000000000        0x0 bin/obj/startup.o
 .bss           0x0000000000000000        0x0 bin/obj/startup.o
 .text          0x0000000000000000        0x0 bin/obj/adc.o
 .data          0x0000000000000000        0x0 bin/obj/adc.o
 .bss           0x0000000000000000        0x0 bin/obj/adc.o
 .text          0x0000000000000000        0x0 bin/obj/printf/printf.o
 .data          0x0000000000000000        0x0 bin/obj/printf/printf.o
 .bss           0x0000000000000000        0x0 bin/obj/printf/printf.o
 .text._out_fct
                0x0000000000000000        0x6 bin/obj/printf/printf.o
 .text.sprintf  0x0000000000000000       0x28 bin/obj/printf/printf.o
 .text.vsnprintf
                0x0000000000000000       0x1c bin/obj/printf/printf.o
 .text.fctprintf
                0x0000000000000000       0x2c bin/obj/printf/printf.o
 .text          0x0000000000000000        0x0 bin/obj/md5/md5.o
 .data          0x0000000000000000        0x0 bin/obj/md5/md5.o
 .bss           0x0000000000000000        0x0 bin/obj/md5/md5.o
 .text.body     0x0000000000000000      0x770 bin/obj/md5/md5.o
 .text.md5_init
                0x0000000000000000       0x2c bin/obj/md5/md5.o
 .text.md5_update
                0x0000000000000000       0x7c bin/obj/md5/md5.o
 .text.md5_final
                0x0000000000000000       0xb2 bin/obj/md5/md5.o
 .debug_info    0x0000000000000000      0xcd4 bin/obj/md5/md5.o
 .debug_abbrev  0x0000000000000000      0x2a4 bin/obj/md5/md5.o
 .debug_loc     0x0000000000000000     0x121f bin/obj/md5/md5.o
 .debug_aranges
                0x0000000000000000       0x38 bin/obj/md5/md5.o
 .debug_ranges  0x0000000000000000       0x28 bin/obj/md5/md5.o
 .debug_line    0x0000000000000000      0x9bc bin/obj/md5/md5.o
 .debug_str     0x0000000000000000      0x614 bin/obj/md5/md5.o
 .comment       0x0000000000000000       0x76 bin/obj/md5/md5.o
 .debug_frame   0x0000000000000000       0xa0 bin/obj/md5/md5.o
 .ARM.attributes
                0x0000000000000000       0x34 bin/obj/md5/md5.o
 .text          0x0000000000000000        0x0 /opt/gcc-arm-none-eabi/bin/../lib/gcc/arm-none-eabi/8.2.1/../../../../arm-none-eabi/lib/thumb/v7e-m+fp/hard/libm.a(lib_a-sf_round.o)
 .data          0x0000000000000000        0x0 /opt/gcc-arm-none-eabi/bin/../lib/gcc/arm-none-eabi/8.2.1/../../../../arm-none-eabi/lib/thumb/v7e-m+fp/hard/libm.a(lib_a-sf_round.o)
 .bss           0x0000000000000000        0x0 /opt/gcc-arm-none-eabi/bin/../lib/gcc/arm-none-eabi/8.2.1/../../../../arm-none-eabi/lib/thumb/v7e-m+fp/hard/libm.a(lib_a-sf_round.o)
 .text          0x0000000000000000        0x0 /opt/gcc-arm-none-eabi/bin/../lib/gcc/arm-none-eabi/8.2.1/../../../../arm-none-eabi/lib/thumb/v7e-m+fp/hard/libc_nano.a(lib_a-malloc.o)
 .data          0x0000000000000000        0x0 /opt/gcc-arm-none-eabi/bin/../lib/gcc/arm-none-eabi/8.2.1/../../../../arm-none-eabi/lib/thumb/v7e-m+fp/hard/libc_nano.a(lib_a-malloc.o)
 .bss           0x0000000000000000        0x0 /opt/gcc-arm-none-eabi/bin/../lib/gcc/arm-none-eabi/8.2.1/../../../../arm-none-eabi/lib/thumb/v7e-m+fp/hard/libc_nano.a(lib_a-malloc.o)
 .text          0x0000000000000000        0x0 /opt/gcc-arm-none-eabi/bin/../lib/gcc/arm-none-eabi/8.2.1/../../../../arm-none-eabi/lib/thumb/v7e-m+fp/hard/libc_nano.a(lib_a-memcpy-stub.o)
 .data          0x0000000000000000        0x0 /opt/gcc-arm-none-eabi/bin/../lib/gcc/arm-none-eabi/8.2.1/../../../../arm-none-eabi/lib/thumb/v7e-m+fp/hard/libc_nano.a(lib_a-memcpy-stub.o)
 .bss           0x0000000000000000        0x0 /opt/gcc-arm-none-eabi/bin/../lib/gcc/arm-none-eabi/8.2.1/../../../../arm-none-eabi/lib/thumb/v7e-m+fp/hard/libc_nano.a(lib_a-memcpy-stub.o)
 .text.memcpy   0x0000000000000000       0x1c /opt/gcc-arm-none-eabi/bin/../lib/gcc/arm-none-eabi/8.2.1/../../../../arm-none-eabi/lib/thumb/v7e-m+fp/hard/libc_nano.a(lib_a-memcpy-stub.o)
 .debug_frame   0x0000000000000000       0x28 /opt/gcc-arm-none-eabi/bin/../lib/gcc/arm-none-eabi/8.2.1/../../../../arm-none-eabi/lib/thumb/v7e-m+fp/hard/libc_nano.a(lib_a-memcpy-stub.o)
 .ARM.attributes
                0x0000000000000000       0x34 /opt/gcc-arm-none-eabi/bin/../lib/gcc/arm-none-eabi/8.2.1/../../../../arm-none-eabi/lib/thumb/v7e-m+fp/hard/libc_nano.a(lib_a-memcpy-stub.o)
 .text          0x0000000000000000        0x0 /opt/gcc-arm-none-eabi/bin/../lib/gcc/arm-none-eabi/8.2.1/../../../../arm-none-eabi/lib/thumb/v7e-m+fp/hard/libc_nano.a(lib_a-memset.o)
 .data          0x0000000000000000        0x0 /opt/gcc-arm-none-eabi/bin/../lib/gcc/arm-none-eabi/8.2.1/../../../../arm-none-eabi/lib/thumb/v7e-m+fp/hard/libc_nano.a(lib_a-memset.o)
 .bss           0x0000000000000000        0x0 /opt/gcc-arm-none-eabi/bin/../lib/gcc/arm-none-eabi/8.2.1/../../../../arm-none-eabi/lib/thumb/v7e-m+fp/hard/libc_nano.a(lib_a-memset.o)
 .text.memset   0x0000000000000000       0x10 /opt/gcc-arm-none-eabi/bin/../lib/gcc/arm-none-eabi/8.2.1/../../../../arm-none-eabi/lib/thumb/v7e-m+fp/hard/libc_nano.a(lib_a-memset.o)
 .debug_frame   0x0000000000000000       0x20 /opt/gcc-arm-none-eabi/bin/../lib/gcc/arm-none-eabi/8.2.1/../../../../arm-none-eabi/lib/thumb/v7e-m+fp/hard/libc_nano.a(lib_a-memset.o)
 .ARM.attributes
                0x0000000000000000       0x34 /opt/gcc-arm-none-eabi/bin/../lib/gcc/arm-none-eabi/8.2.1/../../../../arm-none-eabi/lib/thumb/v7e-m+fp/hard/libc_nano.a(lib_a-memset.o)
 .text          0x0000000000000000        0x0 /opt/gcc-arm-none-eabi/bin/../lib/gcc/arm-none-eabi/8.2.1/../../../../arm-none-eabi/lib/thumb/v7e-m+fp/hard/libc_nano.a(lib_a-nano-freer.o)
 .data          0x0000000000000000        0x0 /opt/gcc-arm-none-eabi/bin/../lib/gcc/arm-none-eabi/8.2.1/../../../../arm-none-eabi/lib/thumb/v7e-m+fp/hard/libc_nano.a(lib_a-nano-freer.o)
 .bss           0x0000000000000000        0x0 /opt/gcc-arm-none-eabi/bin/../lib/gcc/arm-none-eabi/8.2.1/../../../../arm-none-eabi/lib/thumb/v7e-m+fp/hard/libc_nano.a(lib_a-nano-freer.o)
 .text          0x0000000000000000        0x0 /opt/gcc-arm-none-eabi/bin/../lib/gcc/arm-none-eabi/8.2.1/../../../../arm-none-eabi/lib/thumb/v7e-m+fp/hard/libc_nano.a(lib_a-nano-mallocr.o)
 .data          0x0000000000000000        0x0 /opt/gcc-arm-none-eabi/bin/../lib/gcc/arm-none-eabi/8.2.1/../../../../arm-none-eabi/lib/thumb/v7e-m+fp/hard/libc_nano.a(lib_a-nano-mallocr.o)
 .bss           0x0000000000000000        0x0 /opt/gcc-arm-none-eabi/bin/../lib/gcc/arm-none-eabi/8.2.1/../../../../arm-none-eabi/lib/thumb/v7e-m+fp/hard/libc_nano.a(lib_a-nano-mallocr.o)
 .text          0x0000000000000000        0x0 /opt/gcc-arm-none-eabi/bin/../lib/gcc/arm-none-eabi/8.2.1/../../../../arm-none-eabi/lib/thumb/v7e-m+fp/hard/libc_nano.a(lib_a-sbrkr.o)
 .data          0x0000000000000000        0x0 /opt/gcc-arm-none-eabi/bin/../lib/gcc/arm-none-eabi/8.2.1/../../../../arm-none-eabi/lib/thumb/v7e-m+fp/hard/libc_nano.a(lib_a-sbrkr.o)
 .bss           0x0000000000000000        0x0 /opt/gcc-arm-none-eabi/bin/../lib/gcc/arm-none-eabi/8.2.1/../../../../arm-none-eabi/lib/thumb/v7e-m+fp/hard/libc_nano.a(lib_a-sbrkr.o)
 .text          0x0000000000000000        0x0 /opt/gcc-arm-none-eabi/bin/../lib/gcc/arm-none-eabi/8.2.1/../../../../arm-none-eabi/lib/thumb/v7e-m+fp/hard/libc_nano.a(lib_a-impure.o)
 .data          0x0000000000000000        0x0 /opt/gcc-arm-none-eabi/bin/../lib/gcc/arm-none-eabi/8.2.1/../../../../arm-none-eabi/lib/thumb/v7e-m+fp/hard/libc_nano.a(lib_a-impure.o)
 .bss           0x0000000000000000        0x0 /opt/gcc-arm-none-eabi/bin/../lib/gcc/arm-none-eabi/8.2.1/../../../../arm-none-eabi/lib/thumb/v7e-m+fp/hard/libc_nano.a(lib_a-impure.o)
 .rodata._global_impure_ptr
                0x0000000000000000        0x4 /opt/gcc-arm-none-eabi/bin/../lib/gcc/arm-none-eabi/8.2.1/../../../../arm-none-eabi/lib/thumb/v7e-m+fp/hard/libc_nano.a(lib_a-impure.o)
 .text          0x0000000000000000        0x0 /opt/gcc-arm-none-eabi/bin/../lib/gcc/arm-none-eabi/8.2.1/../../../../arm-none-eabi/lib/thumb/v7e-m+fp/hard/libc_nano.a(lib_a-mlock.o)
 .data          0x0000000000000000        0x0 /opt/gcc-arm-none-eabi/bin/../lib/gcc/arm-none-eabi/8.2.1/../../../../arm-none-eabi/lib/thumb/v7e-m+fp/hard/libc_nano.a(lib_a-mlock.o)
 .bss           0x0000000000000000        0x0 /opt/gcc-arm-none-eabi/bin/../lib/gcc/arm-none-eabi/8.2.1/../../../../arm-none-eabi/lib/thumb/v7e-m+fp/hard/libc_nano.a(lib_a-mlock.o)
 .text          0x0000000000000000        0x0 /opt/gcc-arm-none-eabi/bin/../lib/gcc/arm-none-eabi/8.2.1/../../../../arm-none-eabi/lib/thumb/v7e-m+fp/hard/libc_nano.a(lib_a-reent.o)
 .data          0x0000000000000000        0x0 /opt/gcc-arm-none-eabi/bin/../lib/gcc/arm-none-eabi/8.2.1/../../../../arm-none-eabi/lib/thumb/v7e-m+fp/hard/libc_nano.a(lib_a-reent.o)
 .bss           0x0000000000000000        0x0 /opt/gcc-arm-none-eabi/bin/../lib/gcc/arm-none-eabi/8.2.1/../../../../arm-none-eabi/lib/thumb/v7e-m+fp/hard/libc_nano.a(lib_a-reent.o)
 .text.cleanup_glue
                0x0000000000000000       0x1a /opt/gcc-arm-none-eabi/bin/../lib/gcc/arm-none-eabi/8.2.1/../../../../arm-none-eabi/lib/thumb/v7e-m+fp/hard/libc_nano.a(lib_a-reent.o)
 .text._reclaim_reent
                0x0000000000000000       0xb8 /opt/gcc-arm-none-eabi/bin/../lib/gcc/arm-none-eabi/8.2.1/../../../../arm-none-eabi/lib/thumb/v7e-m+fp/hard/libc_nano.a(lib_a-reent.o)
 .text          0x0000000000000000        0x0 /opt/gcc-arm-none-eabi/bin/../lib/gcc/arm-none-eabi/8.2.1/../../../../arm-none-eabi/lib/thumb/v7e-m+fp/hard/libc_nano.a(lib_a-lock.o)
 .data          0x0000000000000000        0x0 /opt/gcc-arm-none-eabi/bin/../lib/gcc/arm-none-eabi/8.2.1/../../../../arm-none-eabi/lib/thumb/v7e-m+fp/hard/libc_nano.a(lib_a-lock.o)
 .bss           0x0000000000000000        0x0 /opt/gcc-arm-none-eabi/bin/../lib/gcc/arm-none-eabi/8.2.1/../../../../arm-none-eabi/lib/thumb/v7e-m+fp/hard/libc_nano.a(lib_a-lock.o)
 .text.__retarget_lock_init
                0x0000000000000000        0x2 /opt/gcc-arm-none-eabi/bin/../lib/gcc/arm-none-eabi/8.2.1/../../../../arm-none-eabi/lib/thumb/v7e-m+fp/hard/libc_nano.a(lib_a-lock.o)
 .text.__retarget_lock_init_recursive
                0x0000000000000000        0x2 /opt/gcc-arm-none-eabi/bin/../lib/gcc/arm-none-eabi/8.2.1/../../../../arm-none-eabi/lib/thumb/v7e-m+fp/hard/libc_nano.a(lib_a-lock.o)
 .text.__retarget_lock_close
                0x0000000000000000        0x2 /opt/gcc-arm-none-eabi/bin/../lib/gcc/arm-none-eabi/8.2.1/../../../../arm-none-eabi/lib/thumb/v7e-m+fp/hard/libc_nano.a(lib_a-lock.o)
 .text.__retarget_lock_close_recursive
                0x0000000000000000        0x2 /opt/gcc-arm-none-eabi/bin/../lib/gcc/arm-none-eabi/8.2.1/../../../../arm-none-eabi/lib/thumb/v7e-m+fp/hard/libc_nano.a(lib_a-lock.o)
 .text.__retarget_lock_acquire
                0x0000000000000000        0x2 /opt/gcc-arm-none-eabi/bin/../lib/gcc/arm-none-eabi/8.2.1/../../../../arm-none-eabi/lib/thumb/v7e-m+fp/hard/libc_nano.a(lib_a-lock.o)
 .text.__retarget_lock_try_acquire
                0x0000000000000000        0x4 /opt/gcc-arm-none-eabi/bin/../lib/gcc/arm-none-eabi/8.2.1/../../../../arm-none-eabi/lib/thumb/v7e-m+fp/hard/libc_nano.a(lib_a-lock.o)
 .text.__retarget_lock_try_acquire_recursive
                0x0000000000000000        0x4 /opt/gcc-arm-none-eabi/bin/../lib/gcc/arm-none-eabi/8.2.1/../../../../arm-none-eabi/lib/thumb/v7e-m+fp/hard/libc_nano.a(lib_a-lock.o)
 .text.__retarget_lock_release
                0x0000000000000000        0x2 /opt/gcc-arm-none-eabi/bin/../lib/gcc/arm-none-eabi/8.2.1/../../../../arm-none-eabi/lib/thumb/v7e-m+fp/hard/libc_nano.a(lib_a-lock.o)
 .data          0x0000000000000000        0x0 /opt/gcc-arm-none-eabi/bin/../lib/gcc/arm-none-eabi/8.2.1/thumb/v7e-m+fp/hard/libgcc.a(_arm_addsubdf3.o)
 .bss           0x0000000000000000        0x0 /opt/gcc-arm-none-eabi/bin/../lib/gcc/arm-none-eabi/8.2.1/thumb/v7e-m+fp/hard/libgcc.a(_arm_addsubdf3.o)
 .data          0x0000000000000000        0x0 /opt/gcc-arm-none-eabi/bin/../lib/gcc/arm-none-eabi/8.2.1/thumb/v7e-m+fp/hard/libgcc.a(_arm_muldivdf3.o)
 .bss           0x0000000000000000        0x0 /opt/gcc-arm-none-eabi/bin/../lib/gcc/arm-none-eabi/8.2.1/thumb/v7e-m+fp/hard/libgcc.a(_arm_muldivdf3.o)
 .data          0x0000000000000000        0x0 /opt/gcc-arm-none-eabi/bin/../lib/gcc/arm-none-eabi/8.2.1/thumb/v7e-m+fp/hard/libgcc.a(_arm_cmpdf2.o)
 .bss           0x0000000000000000        0x0 /opt/gcc-arm-none-eabi/bin/../lib/gcc/arm-none-eabi/8.2.1/thumb/v7e-m+fp/hard/libgcc.a(_arm_cmpdf2.o)
 .data          0x0000000000000000        0x0 /opt/gcc-arm-none-eabi/bin/../lib/gcc/arm-none-eabi/8.2.1/thumb/v7e-m+fp/hard/libgcc.a(_arm_fixdfsi.o)
 .bss           0x0000000000000000        0x0 /opt/gcc-arm-none-eabi/bin/../lib/gcc/arm-none-eabi/8.2.1/thumb/v7e-m+fp/hard/libgcc.a(_arm_fixdfsi.o)
 .data          0x0000000000000000        0x0 /opt/gcc-arm-none-eabi/bin/../lib/gcc/arm-none-eabi/8.2.1/thumb/v7e-m+fp/hard/libgcc.a(_arm_fixunsdfsi.o)
 .bss           0x0000000000000000        0x0 /opt/gcc-arm-none-eabi/bin/../lib/gcc/arm-none-eabi/8.2.1/thumb/v7e-m+fp/hard/libgcc.a(_arm_fixunsdfsi.o)
 .data          0x0000000000000000        0x0 /opt/gcc-arm-none-eabi/bin/../lib/gcc/arm-none-eabi/8.2.1/thumb/v7e-m+fp/hard/libgcc.a(_aeabi_uldivmod.o)
 .bss           0x0000000000000000        0x0 /opt/gcc-arm-none-eabi/bin/../lib/gcc/arm-none-eabi/8.2.1/thumb/v7e-m+fp/hard/libgcc.a(_aeabi_uldivmod.o)
 .data          0x0000000000000000        0x0 /opt/gcc-arm-none-eabi/bin/../lib/gcc/arm-none-eabi/8.2.1/thumb/v7e-m+fp/hard/libgcc.a(_udivmoddi4.o)
 .bss           0x0000000000000000        0x0 /opt/gcc-arm-none-eabi/bin/../lib/gcc/arm-none-eabi/8.2.1/thumb/v7e-m+fp/hard/libgcc.a(_udivmoddi4.o)
 .ARM.extab     0x0000000000000000        0x0 /opt/gcc-arm-none-eabi/bin/../lib/gcc/arm-none-eabi/8.2.1/thumb/v7e-m+fp/hard/libgcc.a(_udivmoddi4.o)
 .data          0x0000000000000000        0x0 /opt/gcc-arm-none-eabi/bin/../lib/gcc/arm-none-eabi/8.2.1/thumb/v7e-m+fp/hard/libgcc.a(_dvmd_tls.o)
 .bss           0x0000000000000000        0x0 /opt/gcc-arm-none-eabi/bin/../lib/gcc/arm-none-eabi/8.2.1/thumb/v7e-m+fp/hard/libgcc.a(_dvmd_tls.o)
 .text          0x0000000000000000        0x0 /opt/gcc-arm-none-eabi/bin/../lib/gcc/arm-none-eabi/8.2.1/../../../../arm-none-eabi/lib/thumb/v7e-m+fp/hard/libnosys.a(sbrk.o)
 .data          0x0000000000000000        0x0 /opt/gcc-arm-none-eabi/bin/../lib/gcc/arm-none-eabi/8.2.1/../../../../arm-none-eabi/lib/thumb/v7e-m+fp/hard/libnosys.a(sbrk.o)
 .bss           0x0000000000000000        0x0 /opt/gcc-arm-none-eabi/bin/../lib/gcc/arm-none-eabi/8.2.1/../../../../arm-none-eabi/lib/thumb/v7e-m+fp/hard/libnosys.a(sbrk.o)

Memory Configuration

Name             Origin             Length             Attributes
irom0            0x0000000000000000 0x0000000000200000 xr
irom1            0x000000000fe10000 0x0000000000008000 xr
irom2            0x0000000004000000 0x0000000000800000 xr
drom0            0x000000000fe00000 0x0000000000001000 r
drom1            0x00000000c0000000 0x0000000000800000 r
iram0            0x0000000010000000 0x0000000000080000 xrw
dram0            0x0000000020000000 0x0000000000080000 rw
*default*        0x0000000000000000 0xffffffffffffffff

Linker script and memory map

LOAD bin/obj/cmu.o
LOAD bin/obj/crc.o
LOAD bin/obj/dbg.o
LOAD bin/obj/crypto.o
LOAD bin/obj/exc_handler.o
LOAD bin/obj/msc.o
LOAD bin/obj/emu.o
LOAD bin/obj/gpio.o
LOAD bin/obj/main.o
LOAD bin/obj/rtcc.o
LOAD bin/obj/trng.o
LOAD bin/obj/systick.o
LOAD bin/obj/i2c.o
LOAD bin/obj/startup.o
LOAD bin/obj/adc.o
LOAD bin/obj/printf/printf.o
LOAD bin/obj/md5/md5.o
LOAD /opt/gcc-arm-none-eabi/bin/../lib/gcc/arm-none-eabi/8.2.1/../../../../arm-none-eabi/lib/thumb/v7e-m+fp/hard/libm.a
LOAD /opt/gcc-arm-none-eabi/bin/../lib/gcc/arm-none-eabi/8.2.1/../../../../arm-none-eabi/lib/thumb/v7e-m+fp/hard/libc_nano.a
LOAD /opt/gcc-arm-none-eabi/bin/../lib/gcc/arm-none-eabi/8.2.1/thumb/v7e-m+fp/hard/libgcc.a
LOAD /opt/gcc-arm-none-eabi/bin/../lib/gcc/arm-none-eabi/8.2.1/../../../../arm-none-eabi/lib/thumb/v7e-m+fp/hard/libnosys.a
                0x0000000000000800                _min_heap_size = 0x800
                0x0000000000000400                _min_stack_size = 0x400
                0x0000000020080000                _estack = ((ORIGIN (dram0) + LENGTH (dram0)) & 0xfffffffffffffff8)

.isr_vector     0x0000000000000000      0x150
                0x0000000000000000                . = ALIGN (0x4)
                0x0000000000000000                _svect = .
 *(.isr_vector)
 .isr_vector    0x0000000000000000      0x150 bin/obj/startup.o
                0x0000000000000000                g_pfnVectors
                0x0000000000000150                . = ALIGN (0x4)
                0x0000000000000150                _evect = .

.text           0x0000000000000150     0x4c60
                0x0000000000000150                . = ALIGN (0x4)
                0x0000000000000150                _stext = .
 *(.text)
 .text          0x0000000000000150      0x378 /opt/gcc-arm-none-eabi/bin/../lib/gcc/arm-none-eabi/8.2.1/thumb/v7e-m+fp/hard/libgcc.a(_arm_addsubdf3.o)
                0x0000000000000150                __aeabi_drsub
                0x0000000000000158                __aeabi_dsub
                0x0000000000000158                __subdf3
                0x000000000000015c                __adddf3
                0x000000000000015c                __aeabi_dadd
                0x00000000000003d4                __aeabi_ui2d
                0x00000000000003d4                __floatunsidf
                0x00000000000003f4                __floatsidf
                0x00000000000003f4                __aeabi_i2d
                0x0000000000000418                __extendsfdf2
                0x0000000000000418                __aeabi_f2d
                0x000000000000045c                __aeabi_ul2d
                0x000000000000045c                __floatundidf
                0x000000000000046c                __floatdidf
                0x000000000000046c                __aeabi_l2d
 .text          0x00000000000004c8      0x424 /opt/gcc-arm-none-eabi/bin/../lib/gcc/arm-none-eabi/8.2.1/thumb/v7e-m+fp/hard/libgcc.a(_arm_muldivdf3.o)
                0x00000000000004c8                __aeabi_dmul
                0x00000000000004c8                __muldf3
                0x000000000000071c                __aeabi_ddiv
                0x000000000000071c                __divdf3
 .text          0x00000000000008ec      0x110 /opt/gcc-arm-none-eabi/bin/../lib/gcc/arm-none-eabi/8.2.1/thumb/v7e-m+fp/hard/libgcc.a(_arm_cmpdf2.o)
                0x00000000000008ec                __gtdf2
                0x00000000000008ec                __gedf2
                0x00000000000008f4                __ltdf2
                0x00000000000008f4                __ledf2
                0x00000000000008fc                __cmpdf2
                0x00000000000008fc                __eqdf2
                0x00000000000008fc                __nedf2
                0x0000000000000978                __aeabi_cdrcmple
                0x0000000000000988                __aeabi_cdcmple
                0x0000000000000988                __aeabi_cdcmpeq
                0x0000000000000998                __aeabi_dcmpeq
                0x00000000000009ac                __aeabi_dcmplt
                0x00000000000009c0                __aeabi_dcmple
                0x00000000000009d4                __aeabi_dcmpge
                0x00000000000009e8                __aeabi_dcmpgt
 .text          0x00000000000009fc       0x50 /opt/gcc-arm-none-eabi/bin/../lib/gcc/arm-none-eabi/8.2.1/thumb/v7e-m+fp/hard/libgcc.a(_arm_fixdfsi.o)
                0x00000000000009fc                __fixdfsi
                0x00000000000009fc                __aeabi_d2iz
 .text          0x0000000000000a4c       0x40 /opt/gcc-arm-none-eabi/bin/../lib/gcc/arm-none-eabi/8.2.1/thumb/v7e-m+fp/hard/libgcc.a(_arm_fixunsdfsi.o)
                0x0000000000000a4c                __fixunsdfsi
                0x0000000000000a4c                __aeabi_d2uiz
 .text          0x0000000000000a8c       0x30 /opt/gcc-arm-none-eabi/bin/../lib/gcc/arm-none-eabi/8.2.1/thumb/v7e-m+fp/hard/libgcc.a(_aeabi_uldivmod.o)
                0x0000000000000a8c                __aeabi_uldivmod
 .text          0x0000000000000abc      0x2d0 /opt/gcc-arm-none-eabi/bin/../lib/gcc/arm-none-eabi/8.2.1/thumb/v7e-m+fp/hard/libgcc.a(_udivmoddi4.o)
                0x0000000000000abc                __udivmoddi4
 .text          0x0000000000000d8c        0x4 /opt/gcc-arm-none-eabi/bin/../lib/gcc/arm-none-eabi/8.2.1/thumb/v7e-m+fp/hard/libgcc.a(_dvmd_tls.o)
                0x0000000000000d8c                __aeabi_ldiv0
                0x0000000000000d8c                __aeabi_idiv0
 *(.text*)
 .text.cmu_update_clocks
                0x0000000000000d90      0x410 bin/obj/cmu.o
                0x0000000000000d90                cmu_update_clocks
 .text.cmu_config_waitstates
                0x00000000000011a0       0x20 bin/obj/cmu.o
                0x00000000000011a0                cmu_config_waitstates
 .text.cmu_hfrco_calib
                0x00000000000011c0       0x2c bin/obj/cmu.o
                0x00000000000011c0                cmu_hfrco_calib
 .text.cmu_init
                0x00000000000011ec       0xf8 bin/obj/cmu.o
                0x00000000000011ec                cmu_init
 .text.cmu_ushfrco_calib
                0x00000000000012e4       0x4c bin/obj/cmu.o
                0x00000000000012e4                cmu_ushfrco_calib
 .text.cmu_auxhfrco_calib
                0x0000000000001330       0x48 bin/obj/cmu.o
                0x0000000000001330                cmu_auxhfrco_calib
 .text.cmu_hfxo_startup_calib
                0x0000000000001378       0x2c bin/obj/cmu.o
                0x0000000000001378                cmu_hfxo_startup_calib
 .text.cmu_hfxo_get_startup_current
                0x00000000000013a4       0x24 bin/obj/cmu.o
                0x00000000000013a4                cmu_hfxo_get_startup_current
 .text.cmu_hfxo_get_startup_cap
                0x00000000000013c8       0x2c bin/obj/cmu.o
                0x00000000000013c8                cmu_hfxo_get_startup_cap
 .text.cmu_hfxo_steady_calib
                0x00000000000013f4       0x2c bin/obj/cmu.o
                0x00000000000013f4                cmu_hfxo_steady_calib
 .text.cmu_hfxo_get_steady_current
                0x0000000000001420       0x24 bin/obj/cmu.o
                0x0000000000001420                cmu_hfxo_get_steady_current
 .text.cmu_hfxo_get_steady_cap
                0x0000000000001444       0x2c bin/obj/cmu.o
                0x0000000000001444                cmu_hfxo_get_steady_cap
 .text.cmu_hfxo_get_pda_ibtrim
                0x0000000000001470       0x2c bin/obj/cmu.o
                0x0000000000001470                cmu_hfxo_get_pda_ibtrim
 .text.cmu_hfxo_get_pda_current
                0x000000000000149c       0x44 bin/obj/cmu.o
                0x000000000000149c                cmu_hfxo_get_pda_current
 .text.cmu_hfxo_get_pma_ibtrim
                0x00000000000014e0       0x1c bin/obj/cmu.o
                0x00000000000014e0                cmu_hfxo_get_pma_ibtrim
 .text.cmu_hfxo_get_pma_current
                0x00000000000014fc       0x40 bin/obj/cmu.o
                0x00000000000014fc                cmu_hfxo_get_pma_current
 .text.crc_init
                0x000000000000153c       0x28 bin/obj/crc.o
                0x000000000000153c                crc_init
 .text.dbg_init
                0x0000000000001564       0x10 bin/obj/dbg.o
                0x0000000000001564                dbg_init
 .text.dbg_swo_config
                0x0000000000001574       0x60 bin/obj/dbg.o
                0x0000000000001574                dbg_swo_config
 .text.dbg_swo_send_uint8
                0x00000000000015d4       0x26 bin/obj/dbg.o
                0x00000000000015d4                dbg_swo_send_uint8
 .text._putchar
                0x00000000000015fa        0x6 bin/obj/dbg.o
                0x00000000000015fa                _putchar
 .text.crypto_init
                0x0000000000001600       0x14 bin/obj/crypto.o
                0x0000000000001600                crypto_init
 .text._hardfault_isr
                0x0000000000001614       0x18 bin/obj/exc_handler.o
                0x0000000000001614                _hardfault_isr
 .text._memmanage_isr
                0x000000000000162c       0x18 bin/obj/exc_handler.o
                0x000000000000162c                _memmanage_isr
 .text._busfault_isr
                0x0000000000001644       0x18 bin/obj/exc_handler.o
                0x0000000000001644                _busfault_isr
 .text._usagefault_isr
                0x000000000000165c       0x18 bin/obj/exc_handler.o
                0x000000000000165c                _usagefault_isr
 .text.hardfault_trace_stack
                0x0000000000001674       0xe4 bin/obj/exc_handler.o
                0x0000000000001674                hardfault_trace_stack
 .text.memmanage_trace_stack
                0x0000000000001758       0xf4 bin/obj/exc_handler.o
                0x0000000000001758                memmanage_trace_stack
 .text.busfault_trace_stack
                0x000000000000184c      0x100 bin/obj/exc_handler.o
                0x000000000000184c                busfault_trace_stack
 .text.usagefault_trace_stack
                0x000000000000194c       0xe8 bin/obj/exc_handler.o
                0x000000000000194c                usagefault_trace_stack
 .text.msc_flash_lock
                0x0000000000001a34       0x16 bin/obj/msc.o
                0x0000000000001a34                msc_flash_lock
 .text.msc_flash_unlock
                0x0000000000001a4a       0x20 bin/obj/msc.o
                0x0000000000001a4a                msc_flash_unlock
 .text.msc_init
                0x0000000000001a6a       0x36 bin/obj/msc.o
                0x0000000000001a6a                msc_init
 .text.msc_config_waitstates
                0x0000000000001aa0       0xa8 bin/obj/msc.o
                0x0000000000001aa0                msc_config_waitstates
 .text.emu_vmon_thresh_get
                0x0000000000001b48       0x5c bin/obj/emu.o
 .text.emu_vmon_thresh_calc
                0x0000000000001ba4       0x90 bin/obj/emu.o
 .text._emu_isr
                0x0000000000001c34       0x6c bin/obj/emu.o
                0x0000000000001c34                _emu_isr
 .text.emu_init
                0x0000000000001ca0       0x2c bin/obj/emu.o
                0x0000000000001ca0                emu_init
 .text.emu_get_temperature
                0x0000000000001ccc       0x5c bin/obj/emu.o
                0x0000000000001ccc                emu_get_temperature
 .text.emu_vmon_avdd_config
                0x0000000000001d28       0xa8 bin/obj/emu.o
                0x0000000000001d28                emu_vmon_avdd_config
 .text.emu_vmon_dvdd_config
                0x0000000000001dd0       0x6c bin/obj/emu.o
                0x0000000000001dd0                emu_vmon_dvdd_config
 .text.emu_vmon_iovdd_config
                0x0000000000001e3c       0x6c bin/obj/emu.o
                0x0000000000001e3c                emu_vmon_iovdd_config
 .text.gpio_init
                0x0000000000001ea8       0xb8 bin/obj/gpio.o
                0x0000000000001ea8                gpio_init
 .text.get_device_name
                0x0000000000001f60      0x374 bin/obj/main.o
                0x0000000000001f60                get_device_name
 *fill*         0x00000000000022d4        0x4 
 .text.init     0x00000000000022d8      0x8d8 bin/obj/main.o
                0x00000000000022d8                init
 .text.startup.main
                0x0000000000002bb0      0x188 bin/obj/main.o
                0x0000000000002bb0                main
 .text.rtcc_init
                0x0000000000002d38       0x64 bin/obj/rtcc.o
                0x0000000000002d38                rtcc_init
 .text.rtcc_get_time
                0x0000000000002d9c        0xc bin/obj/rtcc.o
                0x0000000000002d9c                rtcc_get_time
 .text._systick_isr
                0x0000000000002da8       0x18 bin/obj/systick.o
                0x0000000000002da8                _systick_isr
 .text.systick_init
                0x0000000000002dc0       0x30 bin/obj/systick.o
                0x0000000000002dc0                systick_init
 .text.delay_ms
                0x0000000000002df0       0x28 bin/obj/systick.o
                0x0000000000002df0                delay_ms
 .text.i2c1_init
                0x0000000000002e18       0x78 bin/obj/i2c.o
                0x0000000000002e18                i2c1_init
 .text.i2c1_transmit
                0x0000000000002e90       0xac bin/obj/i2c.o
                0x0000000000002e90                i2c1_transmit
 .text._default_isr
                0x0000000000002f3c        0x2 bin/obj/startup.o
                0x0000000000002f3c                _timer3_isr
                0x0000000000002f3c                _wtimer2_isr
                0x0000000000002f3c                _ebi_isr
                0x0000000000002f3c                _timer5_isr
                0x0000000000002f3c                _letimer0_isr
                0x0000000000002f3c                _cmu_isr
                0x0000000000002f3c                _acmp2_3_isr
                0x0000000000002f3c                _msc_isr
                0x0000000000002f3c                _pcnt1_isr
                0x0000000000002f3c                _can1_isr
                0x0000000000002f3c                _eth_isr
                0x0000000000002f3c                _usart4_rx_isr
                0x0000000000002f3c                _uart0_tx_isr
                0x0000000000002f3c                _uart0_rx_isr
                0x0000000000002f3c                _wdog1_isr
                0x0000000000002f3c                _usart0_rx_isr
                0x0000000000002f3c                _csen_isr
                0x0000000000002f3c                _wtimer1_isr
                0x0000000000002f3c                _can0_isr
                0x0000000000002f3c                _usart4_tx_isr
                0x0000000000002f3c                _letimer1_isr
                0x0000000000002f3c                _usart2_rx_isr
                0x0000000000002f3c                _usart5_tx_isr
                0x0000000000002f3c                _gpio_even_isr
                0x0000000000002f3c                _lesense_isr
                0x0000000000002f3c                _uart1_tx_isr
                0x0000000000002f3c                _wdog0_isr
                0x0000000000002f3c                _smu_isr
                0x0000000000002f3c                _usart2_tx_isr
                0x0000000000002f3c                _usb_isr
                0x0000000000002f3c                _usart3_tx_isr
                0x0000000000002f3c                _crypto0_isr
                0x0000000000002f3c                _usart3_rx_isr
                0x0000000000002f3c                _pendsv_isr
                0x0000000000002f3c                _leuart1_isr
                0x0000000000002f3c                _usart0_tx_isr
                0x0000000000002f3c                _wtimer0_isr
                0x0000000000002f3c                _idac0_isr
                0x0000000000002f3c                _vdac0_isr
                0x0000000000002f3c                _timer4_isr
                0x0000000000002f3c                _debugmon_isr
                0x0000000000002f3c                _adc1_isr
                0x0000000000002f3c                _trng0_isr
                0x0000000000002f3c                _timer0_isr
                0x0000000000002f3c                _rtc_isr
                0x0000000000002f3c                _lcd_isr
                0x0000000000002f3c                _acmp0_1_isr
                0x0000000000002f3c                _uart1_rx_isr
                0x0000000000002f3c                _i2c0_isr
                0x0000000000002f3c                _timer2_isr
                0x0000000000002f3c                _timer6_isr
                0x0000000000002f3c                _nmi_isr
                0x0000000000002f3c                _i2c2_isr
                0x0000000000002f3c                _svc_isr
                0x0000000000002f3c                _rtcc_isr
                0x0000000000002f3c                _pcnt2_isr
                0x0000000000002f3c                _adc0_isr
                0x0000000000002f3c                _wtimer3_isr
                0x0000000000002f3c                _timer1_isr
                0x0000000000002f3c                _pcnt0_isr
                0x0000000000002f3c                _sdio_isr
                0x0000000000002f3c                _usart1_rx_isr
                0x0000000000002f3c                _ldma_isr
                0x0000000000002f3c                _cryotimer_isr
                0x0000000000002f3c                _usart5_rx_isr
                0x0000000000002f3c                _leuart0_isr
                0x0000000000002f3c                _usart1_tx_isr
                0x0000000000002f3c                _fpueh_isr
                0x0000000000002f3c                _qspi0_isr
                0x0000000000002f3c                _i2c1_isr
                0x0000000000002f3c                _default_isr
                0x0000000000002f3c                _gpio_odd_isr
 .text.__libc_init_array
                0x0000000000002f3e        0x2 bin/obj/startup.o
                0x0000000000002f3e                __libc_init_array
 .text._reset_isr
                0x0000000000002f40       0xa4 bin/obj/startup.o
                0x0000000000002f40                _reset_isr
 .text.adc_init
                0x0000000000002fe4       0x40 bin/obj/adc.o
                0x0000000000002fe4                adc_init
 .text.adc_get_avdd
                0x0000000000003024       0x88 bin/obj/adc.o
                0x0000000000003024                adc_get_avdd
 .text.adc_get_dvdd
                0x00000000000030ac       0x88 bin/obj/adc.o
                0x00000000000030ac                adc_get_dvdd
 .text.adc_get_iovdd
                0x0000000000003134       0x88 bin/obj/adc.o
                0x0000000000003134                adc_get_iovdd
 .text.adc_get_corevdd
                0x00000000000031bc       0x88 bin/obj/adc.o
                0x00000000000031bc                adc_get_corevdd
 .text.adc_get_temperature
                0x0000000000003244       0xb8 bin/obj/adc.o
                0x0000000000003244                adc_get_temperature
 .text._out_buffer
                0x00000000000032fc        0x8 bin/obj/printf/printf.o
 .text._out_null
                0x0000000000003304        0x2 bin/obj/printf/printf.o
 .text._ntoa_format
                0x0000000000003306      0x14a bin/obj/printf/printf.o
 .text._ntoa_long
                0x0000000000003450       0x84 bin/obj/printf/printf.o
 .text._ntoa_long_long
                0x00000000000034d4       0x98 bin/obj/printf/printf.o
 .text._out_char
                0x000000000000356c        0x8 bin/obj/printf/printf.o
 *fill*         0x0000000000003574        0x4 
 .text._vsnprintf
                0x0000000000003578      0x6dc bin/obj/printf/printf.o
 .text.printf   0x0000000000003c54       0x28 bin/obj/printf/printf.o
                0x0000000000003c54                printf
 .text.snprintf
                0x0000000000003c7c       0x28 bin/obj/printf/printf.o
                0x0000000000003c7c                snprintf
 .text.roundf   0x0000000000003ca4       0x60 /opt/gcc-arm-none-eabi/bin/../lib/gcc/arm-none-eabi/8.2.1/../../../../arm-none-eabi/lib/thumb/v7e-m+fp/hard/libm.a(lib_a-sf_round.o)
                0x0000000000003ca4                roundf
 .text.malloc   0x0000000000003d04       0x10 /opt/gcc-arm-none-eabi/bin/../lib/gcc/arm-none-eabi/8.2.1/../../../../arm-none-eabi/lib/thumb/v7e-m+fp/hard/libc_nano.a(lib_a-malloc.o)
                0x0000000000003d04                malloc
 .text.free     0x0000000000003d14       0x10 /opt/gcc-arm-none-eabi/bin/../lib/gcc/arm-none-eabi/8.2.1/../../../../arm-none-eabi/lib/thumb/v7e-m+fp/hard/libc_nano.a(lib_a-malloc.o)
                0x0000000000003d14                free
 .text._free_r  0x0000000000003d24       0x9c /opt/gcc-arm-none-eabi/bin/../lib/gcc/arm-none-eabi/8.2.1/../../../../arm-none-eabi/lib/thumb/v7e-m+fp/hard/libc_nano.a(lib_a-nano-freer.o)
                0x0000000000003d24                _free_r
 .text._malloc_r
                0x0000000000003dc0       0xb4 /opt/gcc-arm-none-eabi/bin/../lib/gcc/arm-none-eabi/8.2.1/../../../../arm-none-eabi/lib/thumb/v7e-m+fp/hard/libc_nano.a(lib_a-nano-mallocr.o)
                0x0000000000003dc0                _malloc_r
 .text._sbrk_r  0x0000000000003e74       0x20 /opt/gcc-arm-none-eabi/bin/../lib/gcc/arm-none-eabi/8.2.1/../../../../arm-none-eabi/lib/thumb/v7e-m+fp/hard/libc_nano.a(lib_a-sbrkr.o)
                0x0000000000003e74                _sbrk_r
 .text.__malloc_lock
                0x0000000000003e94        0xc /opt/gcc-arm-none-eabi/bin/../lib/gcc/arm-none-eabi/8.2.1/../../../../arm-none-eabi/lib/thumb/v7e-m+fp/hard/libc_nano.a(lib_a-mlock.o)
                0x0000000000003e94                __malloc_lock
 .text.__malloc_unlock
                0x0000000000003ea0        0xc /opt/gcc-arm-none-eabi/bin/../lib/gcc/arm-none-eabi/8.2.1/../../../../arm-none-eabi/lib/thumb/v7e-m+fp/hard/libc_nano.a(lib_a-mlock.o)
                0x0000000000003ea0                __malloc_unlock
 .text.__retarget_lock_acquire_recursive
                0x0000000000003eac        0x2 /opt/gcc-arm-none-eabi/bin/../lib/gcc/arm-none-eabi/8.2.1/../../../../arm-none-eabi/lib/thumb/v7e-m+fp/hard/libc_nano.a(lib_a-lock.o)
                0x0000000000003eac                __retarget_lock_acquire_recursive
 .text.__retarget_lock_release_recursive
                0x0000000000003eae        0x2 /opt/gcc-arm-none-eabi/bin/../lib/gcc/arm-none-eabi/8.2.1/../../../../arm-none-eabi/lib/thumb/v7e-m+fp/hard/libc_nano.a(lib_a-lock.o)
                0x0000000000003eae                __retarget_lock_release_recursive
 .text._sbrk    0x0000000000003eb0       0x1c /opt/gcc-arm-none-eabi/bin/../lib/gcc/arm-none-eabi/8.2.1/../../../../arm-none-eabi/lib/thumb/v7e-m+fp/hard/libnosys.a(sbrk.o)
                0x0000000000003eb0                _sbrk
 *(.rodata)
 *(.rodata*)
 .rodata.__FUNCTION__.7200
                0x0000000000003ecc       0x16 bin/obj/exc_handler.o
 .rodata.__FUNCTION__.7213
                0x0000000000003ee2       0x16 bin/obj/exc_handler.o
 .rodata.__FUNCTION__.7226
                0x0000000000003ef8       0x15 bin/obj/exc_handler.o
 .rodata.__FUNCTION__.7239
                0x0000000000003f0d       0x17 bin/obj/exc_handler.o
 .rodata.busfault_trace_stack.str1.1
                0x0000000000003f24       0x4f bin/obj/exc_handler.o
 .rodata.hardfault_trace_stack.str1.1
                0x0000000000003f73      0x178 bin/obj/exc_handler.o
 .rodata.memmanage_trace_stack.str1.1
                0x00000000000040eb       0x5f bin/obj/exc_handler.o
 .rodata.usagefault_trace_stack.str1.1
                0x000000000000414a       0x3a bin/obj/exc_handler.o
 .rodata.__FUNCTION__.8630
                0x0000000000004184        0x5 bin/obj/main.o
 .rodata.__FUNCTION__.8637
                0x0000000000004189        0x5 bin/obj/main.o
 .rodata.get_device_name.str1.1
                0x000000000000418e      0x235 bin/obj/main.o
                                        0x238 (size before relaxing)
 .rodata.init.str1.1
                0x00000000000043c3      0x81e bin/obj/main.o
 .rodata.main.str1.1
                0x0000000000004be1      0x178 bin/obj/main.o
 *fill*         0x0000000000004d59        0x7 
 .rodata.pow10.5152
                0x0000000000004d60       0x50 bin/obj/printf/printf.o
 *(.glue_7)
 .glue_7        0x0000000000004db0        0x0 linker stubs
 *(.glue_7t)
 .glue_7t       0x0000000000004db0        0x0 linker stubs
 *(.init)
 *(.fini)
                0x0000000000004db0                . = ALIGN (0x4)
                0x0000000000004db0                _etext = .

.vfp11_veneer   0x0000000000004db0        0x0
 .vfp11_veneer  0x0000000000004db0        0x0 linker stubs

.v4_bx          0x0000000000004db0        0x0
 .v4_bx         0x0000000000004db0        0x0 linker stubs

.iplt           0x0000000000004db0        0x0
 .iplt          0x0000000000004db0        0x0 bin/obj/cmu.o

.ARM.extab
 *(.ARM.extab* .gnu.linkonce.armextab.*)

.ARM            0x0000000000004db0        0x8
                0x0000000000004db0                __exidx_start = .
 *(.ARM.exidx*)
 .ARM.exidx     0x0000000000004db0        0x8 /opt/gcc-arm-none-eabi/bin/../lib/gcc/arm-none-eabi/8.2.1/thumb/v7e-m+fp/hard/libgcc.a(_udivmoddi4.o)
                0x0000000000004db8                __exidx_end = .

.rel.dyn        0x0000000000004db8        0x0
 .rel.iplt      0x0000000000004db8        0x0 bin/obj/cmu.o

.ARM.attributes
                0x0000000000004db8       0x34
 *(.ARM.attributes)
 .ARM.attributes
                0x0000000000004db8       0x34 bin/obj/cmu.o
 .ARM.attributes
                0x0000000000004dec       0x34 bin/obj/crc.o
 .ARM.attributes
                0x0000000000004e20       0x34 bin/obj/dbg.o
 .ARM.attributes
                0x0000000000004e54       0x34 bin/obj/crypto.o
 .ARM.attributes
                0x0000000000004e88       0x34 bin/obj/exc_handler.o
 .ARM.attributes
                0x0000000000004ebc       0x34 bin/obj/msc.o
 .ARM.attributes
                0x0000000000004ef0       0x34 bin/obj/emu.o
 .ARM.attributes
                0x0000000000004f24       0x34 bin/obj/gpio.o
 .ARM.attributes
                0x0000000000004f58       0x34 bin/obj/main.o
 .ARM.attributes
                0x0000000000004f8c       0x34 bin/obj/rtcc.o
 .ARM.attributes
                0x0000000000004fc0       0x34 bin/obj/systick.o
 .ARM.attributes
                0x0000000000004ff4       0x34 bin/obj/i2c.o
 .ARM.attributes
                0x0000000000005028       0x34 bin/obj/startup.o
 .ARM.attributes
                0x000000000000505c       0x34 bin/obj/adc.o
 .ARM.attributes
                0x0000000000005090       0x34 bin/obj/printf/printf.o
 .ARM.attributes
                0x00000000000050c4       0x34 /opt/gcc-arm-none-eabi/bin/../lib/gcc/arm-none-eabi/8.2.1/../../../../arm-none-eabi/lib/thumb/v7e-m+fp/hard/libm.a(lib_a-sf_round.o)
 .ARM.attributes
                0x00000000000050f8       0x34 /opt/gcc-arm-none-eabi/bin/../lib/gcc/arm-none-eabi/8.2.1/../../../../arm-none-eabi/lib/thumb/v7e-m+fp/hard/libc_nano.a(lib_a-malloc.o)
 .ARM.attributes
                0x000000000000512c       0x34 /opt/gcc-arm-none-eabi/bin/../lib/gcc/arm-none-eabi/8.2.1/../../../../arm-none-eabi/lib/thumb/v7e-m+fp/hard/libc_nano.a(lib_a-nano-freer.o)
 .ARM.attributes
                0x0000000000005160       0x34 /opt/gcc-arm-none-eabi/bin/../lib/gcc/arm-none-eabi/8.2.1/../../../../arm-none-eabi/lib/thumb/v7e-m+fp/hard/libc_nano.a(lib_a-nano-mallocr.o)
 .ARM.attributes
                0x0000000000005194       0x34 /opt/gcc-arm-none-eabi/bin/../lib/gcc/arm-none-eabi/8.2.1/../../../../arm-none-eabi/lib/thumb/v7e-m+fp/hard/libc_nano.a(lib_a-sbrkr.o)
 .ARM.attributes
                0x00000000000051c8       0x32 /opt/gcc-arm-none-eabi/bin/../lib/gcc/arm-none-eabi/8.2.1/../../../../arm-none-eabi/lib/thumb/v7e-m+fp/hard/libc_nano.a(lib_a-impure.o)
 .ARM.attributes
                0x00000000000051fa       0x34 /opt/gcc-arm-none-eabi/bin/../lib/gcc/arm-none-eabi/8.2.1/../../../../arm-none-eabi/lib/thumb/v7e-m+fp/hard/libc_nano.a(lib_a-mlock.o)
 .ARM.attributes
                0x000000000000522e       0x34 /opt/gcc-arm-none-eabi/bin/../lib/gcc/arm-none-eabi/8.2.1/../../../../arm-none-eabi/lib/thumb/v7e-m+fp/hard/libc_nano.a(lib_a-reent.o)
 .ARM.attributes
                0x0000000000005262       0x34 /opt/gcc-arm-none-eabi/bin/../lib/gcc/arm-none-eabi/8.2.1/../../../../arm-none-eabi/lib/thumb/v7e-m+fp/hard/libc_nano.a(lib_a-lock.o)
 .ARM.attributes
                0x0000000000005296       0x1e /opt/gcc-arm-none-eabi/bin/../lib/gcc/arm-none-eabi/8.2.1/thumb/v7e-m+fp/hard/libgcc.a(_arm_addsubdf3.o)
 .ARM.attributes
                0x00000000000052b4       0x1e /opt/gcc-arm-none-eabi/bin/../lib/gcc/arm-none-eabi/8.2.1/thumb/v7e-m+fp/hard/libgcc.a(_arm_muldivdf3.o)
 .ARM.attributes
                0x00000000000052d2       0x1e /opt/gcc-arm-none-eabi/bin/../lib/gcc/arm-none-eabi/8.2.1/thumb/v7e-m+fp/hard/libgcc.a(_arm_cmpdf2.o)
 .ARM.attributes
                0x00000000000052f0       0x1e /opt/gcc-arm-none-eabi/bin/../lib/gcc/arm-none-eabi/8.2.1/thumb/v7e-m+fp/hard/libgcc.a(_arm_fixdfsi.o)
 .ARM.attributes
                0x000000000000530e       0x1e /opt/gcc-arm-none-eabi/bin/../lib/gcc/arm-none-eabi/8.2.1/thumb/v7e-m+fp/hard/libgcc.a(_arm_fixunsdfsi.o)
 .ARM.attributes
                0x000000000000532c       0x1e /opt/gcc-arm-none-eabi/bin/../lib/gcc/arm-none-eabi/8.2.1/thumb/v7e-m+fp/hard/libgcc.a(_aeabi_uldivmod.o)
 .ARM.attributes
                0x000000000000534a       0x34 /opt/gcc-arm-none-eabi/bin/../lib/gcc/arm-none-eabi/8.2.1/thumb/v7e-m+fp/hard/libgcc.a(_udivmoddi4.o)
 .ARM.attributes
                0x000000000000537e       0x1e /opt/gcc-arm-none-eabi/bin/../lib/gcc/arm-none-eabi/8.2.1/thumb/v7e-m+fp/hard/libgcc.a(_dvmd_tls.o)
 .ARM.attributes
                0x000000000000539c       0x34 /opt/gcc-arm-none-eabi/bin/../lib/gcc/arm-none-eabi/8.2.1/../../../../arm-none-eabi/lib/thumb/v7e-m+fp/hard/libnosys.a(sbrk.o)

.preinit_array  0x0000000000004db8        0x0
                [!provide]                        PROVIDE (__preinit_array_start = .)
 *(.preinit_array*)
                [!provide]                        PROVIDE (__preinit_array_end = .)

.init_array     0x0000000000004db8        0x0
                [!provide]                        PROVIDE (__init_array_start = .)
 *(SORT_BY_NAME(.init_array.*))
 *(.init_array*)
                [!provide]                        PROVIDE (__init_array_end = .)

.fini_array     0x0000000000004db8        0x0
                [!provide]                        PROVIDE (__fini_array_start = .)
 *(.fini_array*)
 *(SORT_BY_NAME(.fini_array.*))
                [!provide]                        PROVIDE (__fini_array_end = .)
                0x0000000000004db8                _siiram0 = LOADADDR (.iram0.text)

.iram0.text     0x0000000010000000        0x0 load address 0x0000000000004db8
                0x0000000010000000                . = ALIGN (0x4)
                0x0000000010000000                _siram0 = .
 *(.iram0.text)
 *(.iram0.text*)
                0x0000000010000000                . = ALIGN (0x4)
                0x0000000010000000                _eiram0 = .

.irom1.text     0x000000000fe10000        0x0
                0x000000000fe10000                . = ALIGN (0x4)
                0x000000000fe10000                _sirom1 = .
 *(.irom1.text)
 *(.irom1.text*)
                0x000000000fe10000                . = ALIGN (0x4)
                0x000000000fe10000                _eirom1 = .

.irom2.text     0x0000000004000000        0x0
                0x0000000004000000                . = ALIGN (0x4)
                0x0000000004000000                _sirom2 = .
 *(.irom2.text)
 *(.irom2.text*)
                0x0000000004000000                . = ALIGN (0x4)
                0x0000000004000000                _eirom2 = .
                0x0000000000004db8                _sidata = LOADADDR (.data)

.data           0x0000000020000000       0x7c load address 0x0000000000004db8
                0x0000000020000000                . = ALIGN (0x4)
                0x0000000020000000                _sdata = .
 *(.data)
 *(.data*)
 .data.AUXHFRCO_VALUE
                0x0000000020000000        0x4 bin/obj/cmu.o
                0x0000000020000000                AUXHFRCO_VALUE
 .data.HFRCO_VALUE
                0x0000000020000004        0x4 bin/obj/cmu.o
                0x0000000020000004                HFRCO_VALUE
 .data.LFRCO_VALUE
                0x0000000020000008        0x4 bin/obj/cmu.o
                0x0000000020000008                LFRCO_VALUE
 .data.ULFRCO_VALUE
                0x000000002000000c        0x4 bin/obj/cmu.o
                0x000000002000000c                ULFRCO_VALUE
 .data.USHFRCO_VALUE
                0x0000000020000010        0x4 bin/obj/cmu.o
                0x0000000020000010                USHFRCO_VALUE
 .data.g_psInitCalibrationTable
                0x0000000020000014        0x4 bin/obj/msc.o
                0x0000000020000014                g_psInitCalibrationTable
 .data._impure_ptr
                0x0000000020000018        0x4 /opt/gcc-arm-none-eabi/bin/../lib/gcc/arm-none-eabi/8.2.1/../../../../arm-none-eabi/lib/thumb/v7e-m+fp/hard/libc_nano.a(lib_a-impure.o)
                0x0000000020000018                _impure_ptr
 .data.impure_data
                0x000000002000001c       0x60 /opt/gcc-arm-none-eabi/bin/../lib/gcc/arm-none-eabi/8.2.1/../../../../arm-none-eabi/lib/thumb/v7e-m+fp/hard/libc_nano.a(lib_a-impure.o)
                0x000000002000007c                . = ALIGN (0x4)
                0x000000002000007c                _edata = .

.igot.plt       0x000000002000007c        0x0 load address 0x0000000000004e34
 .igot.plt      0x000000002000007c        0x0 bin/obj/cmu.o

.drom0.data     0x000000000fe00000        0x0
                0x000000000fe00000                . = ALIGN (0x4)
                0x000000000fe00000                _sdrom0 = .
 *(.drom0.data)
 *(.drom0.data*)
                0x000000000fe00000                . = ALIGN (0x4)
                0x000000000fe00000                _edrom0 = .

.drom1.data     0x00000000c0000000        0x0
                0x00000000c0000000                . = ALIGN (0x4)
                0x00000000c0000000                _sdrom1 = .
 *(.drom1.data)
 *(.drom1.data*)
                0x00000000c0000000                . = ALIGN (0x4)
                0x00000000c0000000                _edrom1 = .

.bss            0x0000000020000080       0x98
                0x0000000020000080                . = ALIGN (0x4)
                0x0000000020000080                _sbss = .
                0x0000000020000080                __bss_start__ = _sbss
 *(.bss)
 *(.bss*)
 .bss.g_ubAVDDLow
                0x0000000020000080        0x1 bin/obj/emu.o
                0x0000000020000080                g_ubAVDDLow
 .bss.g_ubAltAVDDLow
                0x0000000020000081        0x1 bin/obj/emu.o
                0x0000000020000081                g_ubAltAVDDLow
 .bss.g_ubDVDDLow
                0x0000000020000082        0x1 bin/obj/emu.o
                0x0000000020000082                g_ubDVDDLow
 .bss.g_ubIOVDDLow
                0x0000000020000083        0x1 bin/obj/emu.o
                0x0000000020000083                g_ubIOVDDLow
 *fill*         0x0000000020000084        0x4 
 .bss.g_ullSystemTick
                0x0000000020000088        0x8 bin/obj/systick.o
                0x0000000020000088                g_ullSystemTick
 .bss.__malloc_free_list
                0x0000000020000090        0x4 /opt/gcc-arm-none-eabi/bin/../lib/gcc/arm-none-eabi/8.2.1/../../../../arm-none-eabi/lib/thumb/v7e-m+fp/hard/libc_nano.a(lib_a-nano-mallocr.o)
                0x0000000020000090                __malloc_free_list
 .bss.__malloc_sbrk_start
                0x0000000020000094        0x4 /opt/gcc-arm-none-eabi/bin/../lib/gcc/arm-none-eabi/8.2.1/../../../../arm-none-eabi/lib/thumb/v7e-m+fp/hard/libc_nano.a(lib_a-nano-mallocr.o)
                0x0000000020000094                __malloc_sbrk_start
 .bss.heap_end.5501
                0x0000000020000098        0x4 /opt/gcc-arm-none-eabi/bin/../lib/gcc/arm-none-eabi/8.2.1/../../../../arm-none-eabi/lib/thumb/v7e-m+fp/hard/libnosys.a(sbrk.o)
 *(COMMON)
 COMMON         0x000000002000009c       0x6c bin/obj/cmu.o
                0x000000002000009c                LETIMER0_CLOCK_FREQ
                0x00000000200000a0                CSEN_CLOCK_FREQ
                0x00000000200000a4                LFA_CLOCK_FREQ
                0x00000000200000a8                HFLE_CLOCK_FREQ
                0x00000000200000ac                SYSTICK_CLOCK_FREQ
                0x00000000200000b0                LETIMER1_CLOCK_FREQ
                0x00000000200000b4                ADC0_CLOCK_FREQ
                0x00000000200000b8                LFB_CLOCK_FREQ
                0x00000000200000bc                HFCORE_CLOCK_FREQ
                0x00000000200000c0                ADC1_CLOCK_FREQ
                0x00000000200000c4                RTCC_CLOCK_FREQ
                0x00000000200000c8                LEUART1_CLOCK_FREQ
                0x00000000200000cc                LFE_CLOCK_FREQ
                0x00000000200000d0                HFSRC_CLOCK_FREQ
                0x00000000200000d4                HFBUS_CLOCK_FREQ
                0x00000000200000d8                HFPERC_CLOCK_FREQ
                0x00000000200000dc                HFEXP_CLOCK_FREQ
                0x00000000200000e0                HFPERB_CLOCK_FREQ
                0x00000000200000e4                LFC_CLOCK_FREQ
                0x00000000200000e8                AUX_CLOCK_FREQ
                0x00000000200000ec                HFPER_CLOCK_FREQ
                0x00000000200000f0                HF_CLOCK_FREQ
                0x00000000200000f4                LESENSE_CLOCK_FREQ
                0x00000000200000f8                RTC_CLOCK_FREQ
                0x00000000200000fc                LCD_CLOCK_FREQ
                0x0000000020000100                LEUART0_CLOCK_FREQ
                0x0000000020000104                DBG_CLOCK_FREQ
 COMMON         0x0000000020000108        0x4 /opt/gcc-arm-none-eabi/bin/../lib/gcc/arm-none-eabi/8.2.1/../../../../arm-none-eabi/lib/thumb/v7e-m+fp/hard/libc_nano.a(lib_a-reent.o)
                0x0000000020000108                errno
 COMMON         0x000000002000010c        0x9 /opt/gcc-arm-none-eabi/bin/../lib/gcc/arm-none-eabi/8.2.1/../../../../arm-none-eabi/lib/thumb/v7e-m+fp/hard/libc_nano.a(lib_a-lock.o)
                0x000000002000010c                __lock___atexit_recursive_mutex
                0x000000002000010d                __lock___arc4random_mutex
                0x000000002000010e                __lock___env_recursive_mutex
                0x000000002000010f                __lock___sinit_recursive_mutex
                0x0000000020000110                __lock___malloc_recursive_mutex
                0x0000000020000111                __lock___at_quick_exit_mutex
                0x0000000020000112                __lock___dd_hash_mutex
                0x0000000020000113                __lock___tz_mutex
                0x0000000020000114                __lock___sfp_recursive_mutex
                0x0000000020000118                . = ALIGN (0x4)
 *fill*         0x0000000020000115        0x3 
                0x0000000020000118                _ebss = .
                0x0000000020000118                __bss_end__ = _ebss
                0x0000000020000118                PROVIDE (end = _ebss)
                [!provide]                        PROVIDE (_end = _ebss)

.min_heap_stack
                0x0000000020000118      0xc00
                0x0000000020000118                . = ALIGN (0x4)
                0x0000000020000918                . = (. + _min_heap_size)
 *fill*         0x0000000020000118      0x800 
                0x0000000020000d18                . = (. + _min_stack_size)
 *fill*         0x0000000020000918      0x400 
                0x0000000020000d18                . = ALIGN (0x4)

/DISCARD/
 libc.a(*)
 libm.a(*)
 libgcc.a(*)
OUTPUT(bin/v1.reeeflow.elf elf32-littlearm)

.debug_info     0x0000000000000000     0xe13a
 .debug_info    0x0000000000000000     0x14e8 bin/obj/cmu.o
 .debug_info    0x00000000000014e8      0x6c2 bin/obj/crc.o
 .debug_info    0x0000000000001baa      0xff9 bin/obj/dbg.o
 .debug_info    0x0000000000002ba3      0xc25 bin/obj/crypto.o
 .debug_info    0x00000000000037c8      0xf8d bin/obj/exc_handler.o
 .debug_info    0x0000000000004755      0x5aa bin/obj/msc.o
 .debug_info    0x0000000000004cff     0x1cd5 bin/obj/emu.o
 .debug_info    0x00000000000069d4      0x781 bin/obj/gpio.o
 .debug_info    0x0000000000007155     0x2b43 bin/obj/main.o
 .debug_info    0x0000000000009c98      0xa64 bin/obj/rtcc.o
 .debug_info    0x000000000000a6fc      0x606 bin/obj/systick.o
 .debug_info    0x000000000000ad02      0xbb2 bin/obj/i2c.o
 .debug_info    0x000000000000b8b4      0x409 bin/obj/startup.o
 .debug_info    0x000000000000bcbd     0x120b bin/obj/adc.o
 .debug_info    0x000000000000cec8     0x1272 bin/obj/printf/printf.o

.debug_abbrev   0x0000000000000000     0x2194
 .debug_abbrev  0x0000000000000000      0x323 bin/obj/cmu.o
 .debug_abbrev  0x0000000000000323      0x185 bin/obj/crc.o
 .debug_abbrev  0x00000000000004a8      0x291 bin/obj/dbg.o
 .debug_abbrev  0x0000000000000739      0x220 bin/obj/crypto.o
 .debug_abbrev  0x0000000000000959      0x1d6 bin/obj/exc_handler.o
 .debug_abbrev  0x0000000000000b2f      0x1e0 bin/obj/msc.o
 .debug_abbrev  0x0000000000000d0f      0x34f bin/obj/emu.o
 .debug_abbrev  0x000000000000105e      0x14a bin/obj/gpio.o
 .debug_abbrev  0x00000000000011a8      0x408 bin/obj/main.o
 .debug_abbrev  0x00000000000015b0      0x1a9 bin/obj/rtcc.o
 .debug_abbrev  0x0000000000001759      0x181 bin/obj/systick.o
 .debug_abbrev  0x00000000000018da      0x1a7 bin/obj/i2c.o
 .debug_abbrev  0x0000000000001a81      0x172 bin/obj/startup.o
 .debug_abbrev  0x0000000000001bf3      0x1a3 bin/obj/adc.o
 .debug_abbrev  0x0000000000001d96      0x3fe bin/obj/printf/printf.o

.debug_loc      0x0000000000000000     0x38ed
 .debug_loc     0x0000000000000000      0x2c5 bin/obj/cmu.o
 .debug_loc     0x00000000000002c5       0xd7 bin/obj/crc.o
 .debug_loc     0x000000000000039c       0x64 bin/obj/dbg.o
 .debug_loc     0x0000000000000400      0x500 bin/obj/crypto.o
 .debug_loc     0x0000000000000900       0xe8 bin/obj/exc_handler.o
 .debug_loc     0x00000000000009e8       0xfb bin/obj/msc.o
 .debug_loc     0x0000000000000ae3      0x72c bin/obj/emu.o
 .debug_loc     0x000000000000120f      0x2f1 bin/obj/main.o
 .debug_loc     0x0000000000001500       0x1a bin/obj/systick.o
 .debug_loc     0x000000000000151a      0x40d bin/obj/i2c.o
 .debug_loc     0x0000000000001927       0xdd bin/obj/startup.o
 .debug_loc     0x0000000000001a04      0x25f bin/obj/adc.o
 .debug_loc     0x0000000000001c63     0x1c8a bin/obj/printf/printf.o

.debug_aranges  0x0000000000000000      0x450
 .debug_aranges
                0x0000000000000000       0xa8 bin/obj/cmu.o
 .debug_aranges
                0x00000000000000a8       0x28 bin/obj/crc.o
 .debug_aranges
                0x00000000000000d0       0x50 bin/obj/dbg.o
 .debug_aranges
                0x0000000000000120       0x30 bin/obj/crypto.o
 .debug_aranges
                0x0000000000000150       0x58 bin/obj/exc_handler.o
 .debug_aranges
                0x00000000000001a8       0x50 bin/obj/msc.o
 .debug_aranges
                0x00000000000001f8       0x60 bin/obj/emu.o
 .debug_aranges
                0x0000000000000258       0x20 bin/obj/gpio.o
 .debug_aranges
                0x0000000000000278       0x30 bin/obj/main.o
 .debug_aranges
                0x00000000000002a8       0x38 bin/obj/rtcc.o
 .debug_aranges
                0x00000000000002e0       0x30 bin/obj/systick.o
 .debug_aranges
                0x0000000000000310       0x48 bin/obj/i2c.o
 .debug_aranges
                0x0000000000000358       0x30 bin/obj/startup.o
 .debug_aranges
                0x0000000000000388       0x48 bin/obj/adc.o
 .debug_aranges
                0x00000000000003d0       0x80 bin/obj/printf/printf.o

.debug_ranges   0x0000000000000000      0x6b8
 .debug_ranges  0x0000000000000000       0xb0 bin/obj/cmu.o
 .debug_ranges  0x00000000000000b0       0x18 bin/obj/crc.o
 .debug_ranges  0x00000000000000c8       0x40 bin/obj/dbg.o
 .debug_ranges  0x0000000000000108      0x120 bin/obj/crypto.o
 .debug_ranges  0x0000000000000228       0x48 bin/obj/exc_handler.o
 .debug_ranges  0x0000000000000270       0x58 bin/obj/msc.o
 .debug_ranges  0x00000000000002c8       0x50 bin/obj/emu.o
 .debug_ranges  0x0000000000000318       0x10 bin/obj/gpio.o
 .debug_ranges  0x0000000000000328       0x80 bin/obj/main.o
 .debug_ranges  0x00000000000003a8       0x28 bin/obj/rtcc.o
 .debug_ranges  0x00000000000003d0       0x20 bin/obj/systick.o
 .debug_ranges  0x00000000000003f0       0x38 bin/obj/i2c.o
 .debug_ranges  0x0000000000000428       0x20 bin/obj/startup.o
 .debug_ranges  0x0000000000000448       0x38 bin/obj/adc.o
 .debug_ranges  0x0000000000000480      0x238 bin/obj/printf/printf.o

.debug_line     0x0000000000000000     0x507e
 .debug_line    0x0000000000000000      0xbcf bin/obj/cmu.o
 .debug_line    0x0000000000000bcf      0x21f bin/obj/crc.o
 .debug_line    0x0000000000000dee      0x2f1 bin/obj/dbg.o
 .debug_line    0x00000000000010df      0x5cc bin/obj/crypto.o
 .debug_line    0x00000000000016ab      0x44a bin/obj/exc_handler.o
 .debug_line    0x0000000000001af5      0x515 bin/obj/msc.o
 .debug_line    0x000000000000200a      0x66e bin/obj/emu.o
 .debug_line    0x0000000000002678      0x29c bin/obj/gpio.o
 .debug_line    0x0000000000002914      0x7bc bin/obj/main.o
 .debug_line    0x00000000000030d0      0x273 bin/obj/rtcc.o
 .debug_line    0x0000000000003343      0x1e5 bin/obj/systick.o
 .debug_line    0x0000000000003528      0x77b bin/obj/i2c.o
 .debug_line    0x0000000000003ca3      0x211 bin/obj/startup.o
 .debug_line    0x0000000000003eb4      0x59d bin/obj/adc.o
 .debug_line    0x0000000000004451      0xc2d bin/obj/printf/printf.o

.debug_str      0x0000000000000000     0x2672
 .debug_str     0x0000000000000000      0xc87 bin/obj/cmu.o
                                        0xd67 (size before relaxing)
 .debug_str     0x0000000000000c87       0x7e bin/obj/crc.o
                                        0x555 (size before relaxing)
 .debug_str     0x0000000000000d05      0x21f bin/obj/dbg.o
                                        0x9b4 (size before relaxing)
 .debug_str     0x0000000000000f24      0x1b3 bin/obj/crypto.o
                                        0x6b2 (size before relaxing)
 .debug_str     0x00000000000010d7      0x1e9 bin/obj/exc_handler.o
                                        0x420 (size before relaxing)
 .debug_str     0x00000000000012c0       0x7c bin/obj/msc.o
                                        0x404 (size before relaxing)
 .debug_str     0x000000000000133c      0xb6b bin/obj/emu.o
                                       0x1279 (size before relaxing)
 .debug_str     0x0000000000001ea7       0xb2 bin/obj/gpio.o
                                        0x577 (size before relaxing)
 .debug_str     0x0000000000001f59      0x236 bin/obj/main.o
                                       0x14f7 (size before relaxing)
 .debug_str     0x000000000000218f       0x88 bin/obj/rtcc.o
                                        0x814 (size before relaxing)
 .debug_str     0x0000000000002217       0x49 bin/obj/systick.o
                                        0x53d (size before relaxing)
 .debug_str     0x0000000000002260       0xb8 bin/obj/i2c.o
                                        0x874 (size before relaxing)
 .debug_str     0x0000000000002318       0xaf bin/obj/startup.o
                                        0x2e4 (size before relaxing)
 .debug_str     0x00000000000023c7      0x155 bin/obj/adc.o
                                        0xd16 (size before relaxing)
 .debug_str     0x000000000000251c      0x156 bin/obj/printf/printf.o
                                        0x33f (size before relaxing)

.comment        0x0000000000000000       0x75
 .comment       0x0000000000000000       0x75 bin/obj/cmu.o
                                         0x76 (size before relaxing)
 .comment       0x0000000000000075       0x76 bin/obj/crc.o
 .comment       0x0000000000000075       0x76 bin/obj/dbg.o
 .comment       0x0000000000000075       0x76 bin/obj/crypto.o
 .comment       0x0000000000000075       0x76 bin/obj/exc_handler.o
 .comment       0x0000000000000075       0x76 bin/obj/msc.o
 .comment       0x0000000000000075       0x76 bin/obj/emu.o
 .comment       0x0000000000000075       0x76 bin/obj/gpio.o
 .comment       0x0000000000000075       0x76 bin/obj/main.o
 .comment       0x0000000000000075       0x76 bin/obj/rtcc.o
 .comment       0x0000000000000075       0x76 bin/obj/systick.o
 .comment       0x0000000000000075       0x76 bin/obj/i2c.o
 .comment       0x0000000000000075       0x76 bin/obj/startup.o
 .comment       0x0000000000000075       0x76 bin/obj/adc.o
 .comment       0x0000000000000075       0x76 bin/obj/printf/printf.o

.debug_frame    0x0000000000000000      0xeac
 .debug_frame   0x0000000000000000      0x154 bin/obj/cmu.o
 .debug_frame   0x0000000000000154       0x3c bin/obj/crc.o
 .debug_frame   0x0000000000000190       0x98 bin/obj/dbg.o
 .debug_frame   0x0000000000000228       0x78 bin/obj/crypto.o
 .debug_frame   0x00000000000002a0       0xb0 bin/obj/exc_handler.o
 .debug_frame   0x0000000000000350       0xcc bin/obj/msc.o
 .debug_frame   0x000000000000041c      0x10c bin/obj/emu.o
 .debug_frame   0x0000000000000528       0x20 bin/obj/gpio.o
 .debug_frame   0x0000000000000548       0x98 bin/obj/main.o
 .debug_frame   0x00000000000005e0       0x58 bin/obj/rtcc.o
 .debug_frame   0x0000000000000638       0x60 bin/obj/systick.o
 .debug_frame   0x0000000000000698       0xc4 bin/obj/i2c.o
 .debug_frame   0x000000000000075c       0x48 bin/obj/startup.o
 .debug_frame   0x00000000000007a4       0x80 bin/obj/adc.o
 .debug_frame   0x0000000000000824      0x1cc bin/obj/printf/printf.o
 .debug_frame   0x00000000000009f0       0x34 /opt/gcc-arm-none-eabi/bin/../lib/gcc/arm-none-eabi/8.2.1/../../../../arm-none-eabi/lib/thumb/v7e-m+fp/hard/libm.a(lib_a-sf_round.o)
 .debug_frame   0x0000000000000a24       0x30 /opt/gcc-arm-none-eabi/bin/../lib/gcc/arm-none-eabi/8.2.1/../../../../arm-none-eabi/lib/thumb/v7e-m+fp/hard/libc_nano.a(lib_a-malloc.o)
 .debug_frame   0x0000000000000a54       0x38 /opt/gcc-arm-none-eabi/bin/../lib/gcc/arm-none-eabi/8.2.1/../../../../arm-none-eabi/lib/thumb/v7e-m+fp/hard/libc_nano.a(lib_a-nano-freer.o)
 .debug_frame   0x0000000000000a8c       0x30 /opt/gcc-arm-none-eabi/bin/../lib/gcc/arm-none-eabi/8.2.1/../../../../arm-none-eabi/lib/thumb/v7e-m+fp/hard/libc_nano.a(lib_a-nano-mallocr.o)
 .debug_frame   0x0000000000000abc       0x2c /opt/gcc-arm-none-eabi/bin/../lib/gcc/arm-none-eabi/8.2.1/../../../../arm-none-eabi/lib/thumb/v7e-m+fp/hard/libc_nano.a(lib_a-sbrkr.o)
 .debug_frame   0x0000000000000ae8       0x30 /opt/gcc-arm-none-eabi/bin/../lib/gcc/arm-none-eabi/8.2.1/../../../../arm-none-eabi/lib/thumb/v7e-m+fp/hard/libc_nano.a(lib_a-mlock.o)
 .debug_frame   0x0000000000000b18       0x5c /opt/gcc-arm-none-eabi/bin/../lib/gcc/arm-none-eabi/8.2.1/../../../../arm-none-eabi/lib/thumb/v7e-m+fp/hard/libc_nano.a(lib_a-reent.o)
 .debug_frame   0x0000000000000b74       0xb0 /opt/gcc-arm-none-eabi/bin/../lib/gcc/arm-none-eabi/8.2.1/../../../../arm-none-eabi/lib/thumb/v7e-m+fp/hard/libc_nano.a(lib_a-lock.o)
 .debug_frame   0x0000000000000c24       0xac /opt/gcc-arm-none-eabi/bin/../lib/gcc/arm-none-eabi/8.2.1/thumb/v7e-m+fp/hard/libgcc.a(_arm_addsubdf3.o)
 .debug_frame   0x0000000000000cd0       0x50 /opt/gcc-arm-none-eabi/bin/../lib/gcc/arm-none-eabi/8.2.1/thumb/v7e-m+fp/hard/libgcc.a(_arm_muldivdf3.o)
 .debug_frame   0x0000000000000d20       0xc4 /opt/gcc-arm-none-eabi/bin/../lib/gcc/arm-none-eabi/8.2.1/thumb/v7e-m+fp/hard/libgcc.a(_arm_cmpdf2.o)
 .debug_frame   0x0000000000000de4       0x24 /opt/gcc-arm-none-eabi/bin/../lib/gcc/arm-none-eabi/8.2.1/thumb/v7e-m+fp/hard/libgcc.a(_arm_fixdfsi.o)
 .debug_frame   0x0000000000000e08       0x24 /opt/gcc-arm-none-eabi/bin/../lib/gcc/arm-none-eabi/8.2.1/thumb/v7e-m+fp/hard/libgcc.a(_arm_fixunsdfsi.o)
 .debug_frame   0x0000000000000e2c       0x2c /opt/gcc-arm-none-eabi/bin/../lib/gcc/arm-none-eabi/8.2.1/thumb/v7e-m+fp/hard/libgcc.a(_aeabi_uldivmod.o)
 .debug_frame   0x0000000000000e58       0x34 /opt/gcc-arm-none-eabi/bin/../lib/gcc/arm-none-eabi/8.2.1/thumb/v7e-m+fp/hard/libgcc.a(_udivmoddi4.o)
 .debug_frame   0x0000000000000e8c       0x20 /opt/gcc-arm-none-eabi/bin/../lib/gcc/arm-none-eabi/8.2.1/../../../../arm-none-eabi/lib/thumb/v7e-m+fp/hard/libnosys.a(sbrk.o)
