Archive member included to satisfy reference by file (symbol)

/usr/lib/gcc/arm-none-eabi/9.2.0/../../../../arm-none-eabi/lib/thumb/v7e-m+fp/hard/libm.a(lib_a-sf_round.o)
                              bin/obj/peripheral/emu.o (roundf)
/usr/lib/gcc/arm-none-eabi/9.2.0/../../../../arm-none-eabi/lib/thumb/v7e-m+fp/hard/libc_nano.a(lib_a-malloc.o)
                              bin/obj/pid.o (malloc)
/usr/lib/gcc/arm-none-eabi/9.2.0/../../../../arm-none-eabi/lib/thumb/v7e-m+fp/hard/libc_nano.a(lib_a-memcpy-stub.o)
                              bin/obj/lvgl/lvgl_source/lv_misc/lv_txt.o (memcpy)
/usr/lib/gcc/arm-none-eabi/9.2.0/../../../../arm-none-eabi/lib/thumb/v7e-m+fp/hard/libc_nano.a(lib_a-memset.o)
                              bin/obj/sk9822.o (memset)
/usr/lib/gcc/arm-none-eabi/9.2.0/../../../../arm-none-eabi/lib/thumb/v7e-m+fp/hard/libc_nano.a(lib_a-nano-freer.o)
                              /usr/lib/gcc/arm-none-eabi/9.2.0/../../../../arm-none-eabi/lib/thumb/v7e-m+fp/hard/libc_nano.a(lib_a-malloc.o) (_free_r)
/usr/lib/gcc/arm-none-eabi/9.2.0/../../../../arm-none-eabi/lib/thumb/v7e-m+fp/hard/libc_nano.a(lib_a-nano-mallocr.o)
                              /usr/lib/gcc/arm-none-eabi/9.2.0/../../../../arm-none-eabi/lib/thumb/v7e-m+fp/hard/libc_nano.a(lib_a-malloc.o) (_malloc_r)
/usr/lib/gcc/arm-none-eabi/9.2.0/../../../../arm-none-eabi/lib/thumb/v7e-m+fp/hard/libc_nano.a(lib_a-sbrkr.o)
                              /usr/lib/gcc/arm-none-eabi/9.2.0/../../../../arm-none-eabi/lib/thumb/v7e-m+fp/hard/libc_nano.a(lib_a-nano-mallocr.o) (_sbrk_r)
/usr/lib/gcc/arm-none-eabi/9.2.0/../../../../arm-none-eabi/lib/thumb/v7e-m+fp/hard/libc_nano.a(lib_a-strcmp.o)
                              bin/obj/lvgl/lvgl_source/lv_draw/lv_img_cache.o (strcmp)
/usr/lib/gcc/arm-none-eabi/9.2.0/../../../../arm-none-eabi/lib/thumb/v7e-m+fp/hard/libc_nano.a(lib_a-strcpy.o)
                              bin/obj/lvgl/lvgl_source/lv_draw/lv_img_decoder.o (strcpy)
/usr/lib/gcc/arm-none-eabi/9.2.0/../../../../arm-none-eabi/lib/thumb/v7e-m+fp/hard/libc_nano.a(lib_a-strlen.o)
                              bin/obj/lvgl/lvgl_source/lv_misc/lv_txt.o (strlen)
/usr/lib/gcc/arm-none-eabi/9.2.0/../../../../arm-none-eabi/lib/thumb/v7e-m+fp/hard/libc_nano.a(lib_a-strncpy.o)
                              bin/obj/lvgl/lvgl_source/lv_objx/lv_chart.o (strncpy)
/usr/lib/gcc/arm-none-eabi/9.2.0/../../../../arm-none-eabi/lib/thumb/v7e-m+fp/hard/libc_nano.a(lib_a-impure.o)
                              /usr/lib/gcc/arm-none-eabi/9.2.0/../../../../arm-none-eabi/lib/thumb/v7e-m+fp/hard/libc_nano.a(lib_a-malloc.o) (_impure_ptr)
/usr/lib/gcc/arm-none-eabi/9.2.0/../../../../arm-none-eabi/lib/thumb/v7e-m+fp/hard/libc_nano.a(lib_a-mlock.o)
                              /usr/lib/gcc/arm-none-eabi/9.2.0/../../../../arm-none-eabi/lib/thumb/v7e-m+fp/hard/libc_nano.a(lib_a-nano-freer.o) (__malloc_lock)
/usr/lib/gcc/arm-none-eabi/9.2.0/../../../../arm-none-eabi/lib/thumb/v7e-m+fp/hard/libc_nano.a(lib_a-reent.o)
                              /usr/lib/gcc/arm-none-eabi/9.2.0/../../../../arm-none-eabi/lib/thumb/v7e-m+fp/hard/libc_nano.a(lib_a-sbrkr.o) (errno)
/usr/lib/gcc/arm-none-eabi/9.2.0/../../../../arm-none-eabi/lib/thumb/v7e-m+fp/hard/libc_nano.a(lib_a-lock.o)
                              /usr/lib/gcc/arm-none-eabi/9.2.0/../../../../arm-none-eabi/lib/thumb/v7e-m+fp/hard/libc_nano.a(lib_a-mlock.o) (__retarget_lock_acquire_recursive)
/usr/lib/gcc/arm-none-eabi/9.2.0/thumb/v7e-m+fp/hard/libgcc.a(_arm_muldf3.o)
                              bin/obj/lvgl/lvgl_source/lv_misc/lv_printf.o (__aeabi_dmul)
/usr/lib/gcc/arm-none-eabi/9.2.0/thumb/v7e-m+fp/hard/libgcc.a(_arm_addsubdf3.o)
                              bin/obj/lvgl/lvgl_source/lv_misc/lv_printf.o (__aeabi_dsub)
/usr/lib/gcc/arm-none-eabi/9.2.0/thumb/v7e-m+fp/hard/libgcc.a(_arm_muldivdf3.o)
                              bin/obj/lvgl/lvgl_source/lv_misc/lv_printf.o (__aeabi_ddiv)
/usr/lib/gcc/arm-none-eabi/9.2.0/thumb/v7e-m+fp/hard/libgcc.a(_arm_cmpdf2.o)
                              bin/obj/lvgl/lvgl_source/lv_misc/lv_printf.o (__aeabi_dcmpeq)
/usr/lib/gcc/arm-none-eabi/9.2.0/thumb/v7e-m+fp/hard/libgcc.a(_arm_fixdfsi.o)
                              bin/obj/lvgl/lvgl_source/lv_misc/lv_printf.o (__aeabi_d2iz)
/usr/lib/gcc/arm-none-eabi/9.2.0/thumb/v7e-m+fp/hard/libgcc.a(_arm_fixunsdfsi.o)
                              bin/obj/lvgl/lvgl_source/lv_misc/lv_printf.o (__aeabi_d2uiz)
/usr/lib/gcc/arm-none-eabi/9.2.0/thumb/v7e-m+fp/hard/libgcc.a(_arm_addsubsf3.o)
                              bin/obj/oven.o (__aeabi_ul2f)
/usr/lib/gcc/arm-none-eabi/9.2.0/thumb/v7e-m+fp/hard/libgcc.a(_aeabi_uldivmod.o)
                              bin/obj/lvgl/lvgl_source/lv_misc/lv_printf.o (__aeabi_uldivmod)
/usr/lib/gcc/arm-none-eabi/9.2.0/thumb/v7e-m+fp/hard/libgcc.a(_udivmoddi4.o)
                              /usr/lib/gcc/arm-none-eabi/9.2.0/thumb/v7e-m+fp/hard/libgcc.a(_aeabi_uldivmod.o) (__udivmoddi4)
[...]
Memory Configuration

Name             Origin             Length             Attributes
irom0            0x0000000000000000 0x0000000000200000 xr
irom1            0x000000000fe10000 0x0000000000008000 xr
irom2            0x0000000004000000 0x0000000000800000 xr
drom0            0x000000000fe00000 0x0000000000001000 r
drom1            0x00000000c0000000 0x0000000000800000 r
iram0            0x0000000010000000 0x0000000000080000 xrw
dram0            0x0000000020000000 0x0000000000080000 rw
*default*        0x0000000000000000 0xffffffffffffffff

Linker script and memory map

LOAD bin/obj/sk9822.o
LOAD bin/obj/pid.o
LOAD bin/obj/exc_handler.o
LOAD bin/obj/oven.o
LOAD bin/obj/ui.o
LOAD bin/obj/mcp9600.o
LOAD bin/obj/main.o
LOAD bin/obj/lv_indev_ft6x36.o
LOAD bin/obj/pac_lookup.o
LOAD bin/obj/blob_fifo.o
LOAD bin/obj/lv_disp_ili9488.o
LOAD bin/obj/startup.o
LOAD bin/obj/lvgl/lvgl_source/lv_misc/lv_circ.o
LOAD bin/obj/lvgl/lvgl_source/lv_misc/lv_txt.o
LOAD bin/obj/lvgl/lvgl_source/lv_misc/lv_mem.o
LOAD bin/obj/lvgl/lvgl_source/lv_misc/lv_utils.o
LOAD bin/obj/lvgl/lvgl_source/lv_misc/lv_bidi.o
LOAD bin/obj/lvgl/lvgl_source/lv_misc/lv_log.o
LOAD bin/obj/lvgl/lvgl_source/lv_misc/lv_ll.o
LOAD bin/obj/lvgl/lvgl_source/lv_misc/lv_printf.o
LOAD bin/obj/lvgl/lvgl_source/lv_misc/lv_fs.o
LOAD bin/obj/lvgl/lvgl_source/lv_misc/lv_math.o
LOAD bin/obj/lvgl/lvgl_source/lv_misc/lv_task.o
LOAD bin/obj/lvgl/lvgl_source/lv_misc/lv_templ.o
LOAD bin/obj/lvgl/lvgl_source/lv_misc/lv_area.o
LOAD bin/obj/lvgl/lvgl_source/lv_misc/lv_anim.o
LOAD bin/obj/lvgl/lvgl_source/lv_misc/lv_gc.o
LOAD bin/obj/lvgl/lvgl_source/lv_misc/lv_async.o
LOAD bin/obj/lvgl/lvgl_source/lv_misc/lv_color.o
LOAD bin/obj/lvgl/lvgl_source/lv_draw/lv_draw_line.o
LOAD bin/obj/lvgl/lvgl_source/lv_draw/lv_img_decoder.o
LOAD bin/obj/lvgl/lvgl_source/lv_draw/lv_draw_label.o
LOAD bin/obj/lvgl/lvgl_source/lv_draw/lv_draw_rect.o
LOAD bin/obj/lvgl/lvgl_source/lv_draw/lv_draw_triangle.o
LOAD bin/obj/lvgl/lvgl_source/lv_draw/lv_draw_basic.o
LOAD bin/obj/lvgl/lvgl_source/lv_draw/lv_draw_img.o
LOAD bin/obj/lvgl/lvgl_source/lv_draw/lv_draw.o
LOAD bin/obj/lvgl/lvgl_source/lv_draw/lv_img_cache.o
LOAD bin/obj/lvgl/lvgl_source/lv_draw/lv_draw_arc.o
LOAD bin/obj/lvgl/lvgl_source/lv_hal/lv_hal_tick.o
LOAD bin/obj/lvgl/lvgl_source/lv_hal/lv_hal_disp.o
LOAD bin/obj/lvgl/lvgl_source/lv_hal/lv_hal_indev.o
LOAD bin/obj/lvgl/lvgl_source/lv_themes/lv_theme_nemo.o
LOAD bin/obj/lvgl/lvgl_source/lv_themes/lv_theme_night.o
LOAD bin/obj/lvgl/lvgl_source/lv_themes/lv_theme_alien.o
LOAD bin/obj/lvgl/lvgl_source/lv_themes/lv_theme_templ.o
LOAD bin/obj/lvgl/lvgl_source/lv_themes/lv_theme_default.o
LOAD bin/obj/lvgl/lvgl_source/lv_themes/lv_theme_mono.o
LOAD bin/obj/lvgl/lvgl_source/lv_themes/lv_theme_material.o
LOAD bin/obj/lvgl/lvgl_source/lv_themes/lv_theme_zen.o
LOAD bin/obj/lvgl/lvgl_source/lv_themes/lv_theme.o
LOAD bin/obj/lvgl/lvgl_source/lv_font/lv_font_fmt_txt.o
LOAD bin/obj/lvgl/lvgl_source/lv_font/lv_font_roboto_28_compressed.o
LOAD bin/obj/lvgl/lvgl_source/lv_font/lv_font_roboto_22.o
LOAD bin/obj/lvgl/lvgl_source/lv_font/lv_font_unscii_8.o
LOAD bin/obj/lvgl/lvgl_source/lv_font/lv_font_roboto_12_subpx.o
LOAD bin/obj/lvgl/lvgl_source/lv_font/lv_font.o
LOAD bin/obj/lvgl/lvgl_source/lv_font/lv_font_roboto_12.o
LOAD bin/obj/lvgl/lvgl_source/lv_font/lv_font_roboto_16.o
LOAD bin/obj/lvgl/lvgl_source/lv_font/lv_font_roboto_28.o
LOAD bin/obj/lvgl/lvgl_source/lv_core/lv_disp.o
LOAD bin/obj/lvgl/lvgl_source/lv_core/lv_style.o
LOAD bin/obj/lvgl/lvgl_source/lv_core/lv_indev.o
LOAD bin/obj/lvgl/lvgl_source/lv_core/lv_refr.o
LOAD bin/obj/lvgl/lvgl_source/lv_core/lv_group.o
LOAD bin/obj/lvgl/lvgl_source/lv_core/lv_debug.o
LOAD bin/obj/lvgl/lvgl_source/lv_core/lv_obj.o
LOAD bin/obj/lvgl/lvgl_source/lv_objx/lv_kb.o
LOAD bin/obj/lvgl/lvgl_source/lv_objx/lv_ddlist.o
LOAD bin/obj/lvgl/lvgl_source/lv_objx/lv_spinbox.o
LOAD bin/obj/lvgl/lvgl_source/lv_objx/lv_page.o
LOAD bin/obj/lvgl/lvgl_source/lv_objx/lv_btn.o
LOAD bin/obj/lvgl/lvgl_source/lv_objx/lv_objx_templ.o
LOAD bin/obj/lvgl/lvgl_source/lv_objx/lv_cpicker.o
LOAD bin/obj/lvgl/lvgl_source/lv_objx/lv_slider.o
LOAD bin/obj/lvgl/lvgl_source/lv_objx/lv_lmeter.o
LOAD bin/obj/lvgl/lvgl_source/lv_objx/lv_roller.o
LOAD bin/obj/lvgl/lvgl_source/lv_objx/lv_btnm.o
LOAD bin/obj/lvgl/lvgl_source/lv_objx/lv_cb.o
LOAD bin/obj/lvgl/lvgl_source/lv_objx/lv_sw.o
LOAD bin/obj/lvgl/lvgl_source/lv_objx/lv_win.o
LOAD bin/obj/lvgl/lvgl_source/lv_objx/lv_tabview.o
LOAD bin/obj/lvgl/lvgl_source/lv_objx/lv_list.o
LOAD bin/obj/lvgl/lvgl_source/lv_objx/lv_img.o
LOAD bin/obj/lvgl/lvgl_source/lv_objx/lv_chart.o
LOAD bin/obj/lvgl/lvgl_source/lv_objx/lv_calendar.o
LOAD bin/obj/lvgl/lvgl_source/lv_objx/lv_led.o
LOAD bin/obj/lvgl/lvgl_source/lv_objx/lv_table.o
LOAD bin/obj/lvgl/lvgl_source/lv_objx/lv_cont.o
LOAD bin/obj/lvgl/lvgl_source/lv_objx/lv_arc.o
LOAD bin/obj/lvgl/lvgl_source/lv_objx/lv_tileview.o
LOAD bin/obj/lvgl/lvgl_source/lv_objx/lv_gauge.o
LOAD bin/obj/lvgl/lvgl_source/lv_objx/lv_preload.o
LOAD bin/obj/lvgl/lvgl_source/lv_objx/lv_label.o
LOAD bin/obj/lvgl/lvgl_source/lv_objx/lv_bar.o
LOAD bin/obj/lvgl/lvgl_source/lv_objx/lv_ta.o
LOAD bin/obj/lvgl/lvgl_source/lv_objx/lv_line.o
LOAD bin/obj/lvgl/lvgl_source/lv_objx/lv_imgbtn.o
LOAD bin/obj/lvgl/lvgl_source/lv_objx/lv_mbox.o
LOAD bin/obj/lvgl/lvgl_source/lv_objx/lv_canvas.o
LOAD bin/obj/peripheral/emu.o
LOAD bin/obj/peripheral/crc.o
LOAD bin/obj/peripheral/ldma.o
LOAD bin/obj/peripheral/rmu.o
LOAD bin/obj/peripheral/dbg.o
LOAD bin/obj/peripheral/crypto.o
LOAD bin/obj/peripheral/msc.o
LOAD bin/obj/peripheral/qspi.o
LOAD bin/obj/peripheral/gpio.o
LOAD bin/obj/peripheral/rtcc.o
LOAD bin/obj/peripheral/trng.o
LOAD bin/obj/peripheral/systick.o
LOAD bin/obj/peripheral/i2c.o
LOAD bin/obj/peripheral/cmu.o
LOAD bin/obj/peripheral/usart.o
LOAD bin/obj/peripheral/adc.o
LOAD bin/obj/printf/printf.o
LOAD bin/obj/md5/md5.o
LOAD /usr/lib/gcc/arm-none-eabi/9.2.0/../../../../arm-none-eabi/lib/thumb/v7e-m+fp/hard/libm.a
LOAD /usr/lib/gcc/arm-none-eabi/9.2.0/../../../../arm-none-eabi/lib/thumb/v7e-m+fp/hard/libc_nano.a
LOAD /usr/lib/gcc/arm-none-eabi/9.2.0/thumb/v7e-m+fp/hard/libgcc.a
LOAD /usr/lib/gcc/arm-none-eabi/9.2.0/../../../../arm-none-eabi/lib/thumb/v7e-m+fp/hard/libnosys.a
                0x0000000000000800                _min_heap_size = 0x800
                0x0000000000000400                _min_stack_size = 0x400
                0x0000000020080000                _estack = ((ORIGIN (dram0) + LENGTH (dram0)) & 0xfffffffffffffff8)

.isr_vector     0x0000000000000000      0x150
                0x0000000000000000                . = ALIGN (0x4)
                0x0000000000000000                _svect = .
 *(.isr_vector)
 .isr_vector    0x0000000000000000      0x150 bin/obj/startup.o
                0x0000000000000000                g_pfnVectors
                0x0000000000000150                . = ALIGN (0x4)
                0x0000000000000150                _evect = .

.text           0x0000000000000150    0x1ddb0
                0x0000000000000150                . = ALIGN (0x4)
                0x0000000000000150                _stext = .
 *(.text)
 .text          0x0000000000000150       0x10 /usr/lib/gcc/arm-none-eabi/9.2.0/../../../../arm-none-eabi/lib/thumb/v7e-m+fp/hard/libc_nano.a(lib_a-strlen.o)
                0x0000000000000150                strlen
 .text          0x0000000000000160      0x378 /usr/lib/gcc/arm-none-eabi/9.2.0/thumb/v7e-m+fp/hard/libgcc.a(_arm_addsubdf3.o)
                0x0000000000000160                __aeabi_drsub
                0x0000000000000168                __aeabi_dsub
                0x0000000000000168                __subdf3
                0x000000000000016c                __adddf3
                0x000000000000016c                __aeabi_dadd
                0x00000000000003e4                __aeabi_ui2d
                0x00000000000003e4                __floatunsidf
                0x0000000000000404                __floatsidf
                0x0000000000000404                __aeabi_i2d
                0x0000000000000428                __extendsfdf2
                0x0000000000000428                __aeabi_f2d
                0x000000000000046c                __aeabi_ul2d
                0x000000000000046c                __floatundidf
                0x000000000000047c                __floatdidf
                0x000000000000047c                __aeabi_l2d
 .text          0x00000000000004d8      0x424 /usr/lib/gcc/arm-none-eabi/9.2.0/thumb/v7e-m+fp/hard/libgcc.a(_arm_muldivdf3.o)
                0x00000000000004d8                __aeabi_dmul
                0x00000000000004d8                __muldf3
                0x000000000000072c                __aeabi_ddiv
                0x000000000000072c                __divdf3
 .text          0x00000000000008fc      0x110 /usr/lib/gcc/arm-none-eabi/9.2.0/thumb/v7e-m+fp/hard/libgcc.a(_arm_cmpdf2.o)
                0x00000000000008fc                __gtdf2
                0x00000000000008fc                __gedf2
                0x0000000000000904                __ltdf2
                0x0000000000000904                __ledf2
                0x000000000000090c                __cmpdf2
                0x000000000000090c                __eqdf2
                0x000000000000090c                __nedf2
                0x0000000000000988                __aeabi_cdrcmple
                0x0000000000000998                __aeabi_cdcmple
                0x0000000000000998                __aeabi_cdcmpeq
                0x00000000000009a8                __aeabi_dcmpeq
                0x00000000000009bc                __aeabi_dcmplt
                0x00000000000009d0                __aeabi_dcmple
                0x00000000000009e4                __aeabi_dcmpge
                0x00000000000009f8                __aeabi_dcmpgt
 .text          0x0000000000000a0c       0x50 /usr/lib/gcc/arm-none-eabi/9.2.0/thumb/v7e-m+fp/hard/libgcc.a(_arm_fixdfsi.o)
                0x0000000000000a0c                __fixdfsi
                0x0000000000000a0c                __aeabi_d2iz
 .text          0x0000000000000a5c       0x40 /usr/lib/gcc/arm-none-eabi/9.2.0/thumb/v7e-m+fp/hard/libgcc.a(_arm_fixunsdfsi.o)
                0x0000000000000a5c                __fixunsdfsi
                0x0000000000000a5c                __aeabi_d2uiz
 .text          0x0000000000000a9c      0x21c /usr/lib/gcc/arm-none-eabi/9.2.0/thumb/v7e-m+fp/hard/libgcc.a(_arm_addsubsf3.o)
                0x0000000000000a9c                __aeabi_frsub
                0x0000000000000aa4                __subsf3
                0x0000000000000aa4                __aeabi_fsub
                0x0000000000000aa8                __aeabi_fadd
                0x0000000000000aa8                __addsf3
                0x0000000000000c08                __aeabi_ui2f
                0x0000000000000c08                __floatunsisf
                0x0000000000000c10                __aeabi_i2f
                0x0000000000000c10                __floatsisf
                0x0000000000000c2c                __floatundisf
                0x0000000000000c2c                __aeabi_ul2f
                0x0000000000000c3c                __floatdisf
                0x0000000000000c3c                __aeabi_l2f
 .text          0x0000000000000cb8       0x30 /usr/lib/gcc/arm-none-eabi/9.2.0/thumb/v7e-m+fp/hard/libgcc.a(_aeabi_uldivmod.o)
                0x0000000000000cb8                __aeabi_uldivmod
 .text          0x0000000000000ce8        0x4 /usr/lib/gcc/arm-none-eabi/9.2.0/thumb/v7e-m+fp/hard/libgcc.a(_dvmd_tls.o)
                0x0000000000000ce8                __aeabi_ldiv0
                0x0000000000000ce8                __aeabi_idiv0
 *(.text*)
 .text.sk9822_update
                0x0000000000000cec       0x24 bin/obj/sk9822.o
                0x0000000000000cec                sk9822_update
 .text.sk9822_set_color
                0x0000000000000d10       0x38 bin/obj/sk9822.o
                0x0000000000000d10                sk9822_set_color
 .text.sk9822_init
                0x0000000000000d48       0x88 bin/obj/sk9822.o
                0x0000000000000d48                sk9822_init
 .text.pid_init
                0x0000000000000dd0       0x5c bin/obj/pid.o
                0x0000000000000dd0                pid_init
 .text.pid_calc
                0x0000000000000e2c       0xec bin/obj/pid.o
                0x0000000000000e2c                pid_calc
 .text._hardfault_isr
                0x0000000000000f18       0x18 bin/obj/exc_handler.o
                0x0000000000000f18                _hardfault_isr
 .text._memmanage_isr
                0x0000000000000f30       0x18 bin/obj/exc_handler.o
                0x0000000000000f30                _memmanage_isr
 .text._busfault_isr
                0x0000000000000f48       0x18 bin/obj/exc_handler.o
                0x0000000000000f48                _busfault_isr
 .text._usagefault_isr
                0x0000000000000f60       0x18 bin/obj/exc_handler.o
                0x0000000000000f60                _usagefault_isr
 .text.hardfault_trace_stack
                0x0000000000000f78       0xe4 bin/obj/exc_handler.o
                0x0000000000000f78                hardfault_trace_stack
 .text.memmanage_trace_stack
                0x000000000000105c       0xf4 bin/obj/exc_handler.o
                0x000000000000105c                memmanage_trace_stack
 .text.busfault_trace_stack
                0x0000000000001150      0x100 bin/obj/exc_handler.o
                0x0000000000001150                busfault_trace_stack
 .text.usagefault_trace_stack
                0x0000000000001250       0xe8 bin/obj/exc_handler.o
                0x0000000000001250                usagefault_trace_stack
 .text._wtimer0_isr
                0x0000000000001338       0x78 bin/obj/oven.o
                0x0000000000001338                _wtimer0_isr
 .text.oven_init
                0x00000000000013b0      0x12c bin/obj/oven.o
                0x00000000000013b0                oven_init
 .text.oven_task
                0x00000000000014dc      0x2b0 bin/obj/oven.o
                0x00000000000014dc                oven_task
 .text.__iRestore.isra.0
                0x000000000000178c        0x6 bin/obj/mcp9600.o
 .text.mcp9600_write_register
                0x0000000000001792       0x2e bin/obj/mcp9600.o
 .text.mcp9600_read_register
                0x00000000000017c0       0x44 bin/obj/mcp9600.o
 .text.mcp9600_read_register16
                0x0000000000001804       0x46 bin/obj/mcp9600.o
 .text.mcp9600_init
                0x000000000000184a       0x32 bin/obj/mcp9600.o
                0x000000000000184a                mcp9600_init
 .text.mcp9600_get_hj_temp
                0x000000000000187c       0x30 bin/obj/mcp9600.o
                0x000000000000187c                mcp9600_get_hj_temp
 .text.mcp9600_get_id
                0x00000000000018ac        0xe bin/obj/mcp9600.o
                0x00000000000018ac                mcp9600_get_id
 .text.mcp9600_get_revision
                0x00000000000018ba        0xc bin/obj/mcp9600.o
                0x00000000000018ba                mcp9600_get_revision
 .text.mcp9600_set_status
                0x00000000000018c6        0x8 bin/obj/mcp9600.o
                0x00000000000018c6                mcp9600_set_status
 .text.mcp9600_get_status
                0x00000000000018ce        0x6 bin/obj/mcp9600.o
                0x00000000000018ce                mcp9600_get_status
 .text.mcp9600_set_sensor_config
                0x00000000000018d4        0x8 bin/obj/mcp9600.o
                0x00000000000018d4                mcp9600_set_sensor_config
 .text.mcp9600_set_config
                0x00000000000018dc        0x8 bin/obj/mcp9600.o
                0x00000000000018dc                mcp9600_set_config
 .text.btn_event_cb
                0x00000000000018e4       0x1c bin/obj/main.o
 .text.ddlist_event_cb
                0x0000000000001900       0x28 bin/obj/main.o
 .text.get_device_name
                0x0000000000001928       0x7c bin/obj/main.o
                0x0000000000001928                get_device_name
 *fill*         0x00000000000019a4        0x4 
 .text.init     0x00000000000019a8      0xaf0 bin/obj/main.o
                0x00000000000019a8                init
 .text.startup.main
                0x0000000000002498      0x3a8 bin/obj/main.o
                0x0000000000002498                main
 .text.lv_indev_ft6x36_lv_drv_read
                0x0000000000002840       0x28 bin/obj/lv_indev_ft6x36.o
 .text.lv_indev_ft6x36_isr
                0x0000000000002868       0x78 bin/obj/lv_indev_ft6x36.o
                0x0000000000002868                lv_indev_ft6x36_isr
 .text.lv_indev_ft6x36_init
                0x00000000000028e0       0x9c bin/obj/lv_indev_ft6x36.o
                0x00000000000028e0                lv_indev_ft6x36_init
 .text.lv_disp_ili9488_send_cmd
                0x000000000000297c       0x40 bin/obj/lv_disp_ili9488.o
 .text.lv_disp_ili9488_flush
                0x00000000000029bc       0xb0 bin/obj/lv_disp_ili9488.o
 .text.lv_disp_ili9488_display_on
                0x0000000000002a6c        0xa bin/obj/lv_disp_ili9488.o
                0x0000000000002a6c                lv_disp_ili9488_display_on
 .text.lv_disp_ili9488_wakeup
                0x0000000000002a76       0x22 bin/obj/lv_disp_ili9488.o
                0x0000000000002a76                lv_disp_ili9488_wakeup
 .text.lv_disp_ili9488_init
                0x0000000000002a98      0x190 bin/obj/lv_disp_ili9488.o
                0x0000000000002a98                lv_disp_ili9488_init
 .text.lv_disp_ili9488_bl_init
                0x0000000000002c28       0x50 bin/obj/lv_disp_ili9488.o
                0x0000000000002c28                lv_disp_ili9488_bl_init
 .text.lv_disp_ili9488_bl_set
                0x0000000000002c78       0x44 bin/obj/lv_disp_ili9488.o
                0x0000000000002c78                lv_disp_ili9488_bl_set
 .text._default_isr
                0x0000000000002cbc        0x2 bin/obj/startup.o
                0x0000000000002cbc                _timer3_isr
                0x0000000000002cbc                _wtimer2_isr
                0x0000000000002cbc                _ebi_isr
                0x0000000000002cbc                _timer5_isr
                0x0000000000002cbc                _letimer0_isr
                0x0000000000002cbc                _cmu_isr
                0x0000000000002cbc                _acmp2_3_isr
                0x0000000000002cbc                _msc_isr
                0x0000000000002cbc                _pcnt1_isr
                0x0000000000002cbc                _can1_isr
                0x0000000000002cbc                _eth_isr
                0x0000000000002cbc                _usart4_rx_isr
                0x0000000000002cbc                _uart0_tx_isr
                0x0000000000002cbc                _uart0_rx_isr
                0x0000000000002cbc                _wdog1_isr
                0x0000000000002cbc                _usart0_rx_isr
                0x0000000000002cbc                _csen_isr
                0x0000000000002cbc                _wtimer1_isr
                0x0000000000002cbc                _can0_isr
                0x0000000000002cbc                _usart4_tx_isr
                0x0000000000002cbc                _letimer1_isr
                0x0000000000002cbc                _usart2_rx_isr
                0x0000000000002cbc                _usart5_tx_isr
                0x0000000000002cbc                _lesense_isr
                0x0000000000002cbc                _uart1_tx_isr
                0x0000000000002cbc                _wdog0_isr
                0x0000000000002cbc                _smu_isr
                0x0000000000002cbc                _usart2_tx_isr
                0x0000000000002cbc                _usb_isr
                0x0000000000002cbc                _usart3_tx_isr
                0x0000000000002cbc                _crypto0_isr
                0x0000000000002cbc                _usart3_rx_isr
                0x0000000000002cbc                _pendsv_isr
                0x0000000000002cbc                _leuart1_isr
                0x0000000000002cbc                _usart0_tx_isr
                0x0000000000002cbc                _idac0_isr
                0x0000000000002cbc                _vdac0_isr
                0x0000000000002cbc                _timer4_isr
                0x0000000000002cbc                _debugmon_isr
                0x0000000000002cbc                _adc1_isr
                0x0000000000002cbc                _trng0_isr
                0x0000000000002cbc                _timer0_isr
                0x0000000000002cbc                _rtc_isr
                0x0000000000002cbc                _lcd_isr
                0x0000000000002cbc                _acmp0_1_isr
                0x0000000000002cbc                _uart1_rx_isr
                0x0000000000002cbc                _i2c0_isr
                0x0000000000002cbc                _timer2_isr
                0x0000000000002cbc                _timer6_isr
                0x0000000000002cbc                _nmi_isr
                0x0000000000002cbc                _i2c2_isr
                0x0000000000002cbc                _svc_isr
                0x0000000000002cbc                _rtcc_isr
                0x0000000000002cbc                _pcnt2_isr
                0x0000000000002cbc                _adc0_isr
                0x0000000000002cbc                _wtimer3_isr
                0x0000000000002cbc                _timer1_isr
                0x0000000000002cbc                _pcnt0_isr
                0x0000000000002cbc                _sdio_isr
                0x0000000000002cbc                _usart1_rx_isr
                0x0000000000002cbc                _cryotimer_isr
                0x0000000000002cbc                _usart5_rx_isr
                0x0000000000002cbc                _leuart0_isr
                0x0000000000002cbc                _usart1_tx_isr
                0x0000000000002cbc                _fpueh_isr
                0x0000000000002cbc                _qspi0_isr
                0x0000000000002cbc                _i2c1_isr
                0x0000000000002cbc                _default_isr
 .text.__libc_init_array
                0x0000000000002cbe        0x2 bin/obj/startup.o
                0x0000000000002cbe                __libc_init_array
 .text._reset_isr
                0x0000000000002cc0       0xa4 bin/obj/startup.o
                0x0000000000002cc0                _reset_isr
 .text.lv_circ_init
                0x0000000000002d64        0xe bin/obj/lvgl/lvgl_source/lv_misc/lv_circ.o
                0x0000000000002d64                lv_circ_init
 .text.lv_circ_cont
                0x0000000000002d72       0x12 bin/obj/lvgl/lvgl_source/lv_misc/lv_circ.o
                0x0000000000002d72                lv_circ_cont
 .text.lv_circ_next
                0x0000000000002d84       0x34 bin/obj/lvgl/lvgl_source/lv_misc/lv_circ.o
                0x0000000000002d84                lv_circ_next
 .text.lv_txt_utf8_size
                0x0000000000002db8       0x34 bin/obj/lvgl/lvgl_source/lv_misc/lv_txt.o
 .text.lv_txt_utf8_next
                0x0000000000002dec       0xd2 bin/obj/lvgl/lvgl_source/lv_misc/lv_txt.o
 *fill*         0x0000000000002ebe        0x2 
 .text.lv_txt_utf8_get_byte_id
                0x0000000000002ec0       0x34 bin/obj/lvgl/lvgl_source/lv_misc/lv_txt.o
 .text.lv_txt_utf8_get_char_id
                0x0000000000002ef4       0x28 bin/obj/lvgl/lvgl_source/lv_misc/lv_txt.o
 .text.lv_txt_utf8_get_length
                0x0000000000002f1c       0x28 bin/obj/lvgl/lvgl_source/lv_misc/lv_txt.o
 .text.lv_txt_utf8_prev
                0x0000000000002f44       0x48 bin/obj/lvgl/lvgl_source/lv_misc/lv_txt.o
 .text.lv_txt_is_cmd
                0x0000000000002f8c       0x3a bin/obj/lvgl/lvgl_source/lv_misc/lv_txt.o
                0x0000000000002f8c                lv_txt_is_cmd
 *fill*         0x0000000000002fc6        0x2 
 .text.lv_txt_get_width
                0x0000000000002fc8       0xa0 bin/obj/lvgl/lvgl_source/lv_misc/lv_txt.o
                0x0000000000002fc8                lv_txt_get_width
 .text.lv_txt_get_next_line
                0x0000000000003068      0x1e8 bin/obj/lvgl/lvgl_source/lv_misc/lv_txt.o
                0x0000000000003068                lv_txt_get_next_line
 .text.lv_txt_get_size
                0x0000000000003250       0xa8 bin/obj/lvgl/lvgl_source/lv_misc/lv_txt.o
                0x0000000000003250                lv_txt_get_size
 .text.lv_mem_init
                0x00000000000032f8        0x2 bin/obj/lvgl/lvgl_source/lv_misc/lv_mem.o
                0x00000000000032f8                lv_mem_init
 *fill*         0x00000000000032fa        0x2 
 .text.lv_mem_alloc
                0x00000000000032fc       0x2c bin/obj/lvgl/lvgl_source/lv_misc/lv_mem.o
                0x00000000000032fc                lv_mem_alloc
 .text.lv_mem_free
                0x0000000000003328       0x20 bin/obj/lvgl/lvgl_source/lv_misc/lv_mem.o
                0x0000000000003328                lv_mem_free
 .text.lv_mem_get_size
                0x0000000000003348       0x1c bin/obj/lvgl/lvgl_source/lv_misc/lv_mem.o
                0x0000000000003348                lv_mem_get_size
 .text.lv_mem_realloc
                0x0000000000003364       0x4c bin/obj/lvgl/lvgl_source/lv_misc/lv_mem.o
                0x0000000000003364                lv_mem_realloc
 .text.lv_utils_bsearch
                0x00000000000033b0       0x40 bin/obj/lvgl/lvgl_source/lv_misc/lv_utils.o
                0x00000000000033b0                lv_utils_bsearch
 .text.node_set_next.isra.0
                0x00000000000033f0       0x26 bin/obj/lvgl/lvgl_source/lv_misc/lv_ll.o
 .text.node_set_prev.isra.0
                0x0000000000003416       0x24 bin/obj/lvgl/lvgl_source/lv_misc/lv_ll.o
 .text.lv_ll_init
                0x000000000000343a       0x14 bin/obj/lvgl/lvgl_source/lv_misc/lv_ll.o
                0x000000000000343a                lv_ll_init
 .text.lv_ll_ins_head
                0x000000000000344e       0x3c bin/obj/lvgl/lvgl_source/lv_misc/lv_ll.o
                0x000000000000344e                lv_ll_ins_head
 .text.lv_ll_ins_tail
                0x000000000000348a       0x3c bin/obj/lvgl/lvgl_source/lv_misc/lv_ll.o
                0x000000000000348a                lv_ll_ins_tail
 .text.lv_ll_get_head
                0x00000000000034c6        0x6 bin/obj/lvgl/lvgl_source/lv_misc/lv_ll.o
                0x00000000000034c6                lv_ll_get_head
 .text.lv_ll_get_tail
                0x00000000000034cc        0x6 bin/obj/lvgl/lvgl_source/lv_misc/lv_ll.o
                0x00000000000034cc                lv_ll_get_tail
 .text.lv_ll_get_next
                0x00000000000034d2       0x20 bin/obj/lvgl/lvgl_source/lv_misc/lv_ll.o
                0x00000000000034d2                lv_ll_get_next
 .text.lv_ll_get_prev
                0x00000000000034f2       0x1e bin/obj/lvgl/lvgl_source/lv_misc/lv_ll.o
                0x00000000000034f2                lv_ll_get_prev
 .text.lv_ll_ins_prev
                0x0000000000003510       0x6a bin/obj/lvgl/lvgl_source/lv_misc/lv_ll.o
                0x0000000000003510                lv_ll_ins_prev
 .text.lv_ll_rem
                0x000000000000357a       0x74 bin/obj/lvgl/lvgl_source/lv_misc/lv_ll.o
                0x000000000000357a                lv_ll_rem
 .text.lv_ll_clear
                0x00000000000035ee       0x28 bin/obj/lvgl/lvgl_source/lv_misc/lv_ll.o
                0x00000000000035ee                lv_ll_clear
 .text.lv_ll_chg_list
                0x0000000000003616       0x66 bin/obj/lvgl/lvgl_source/lv_misc/lv_ll.o
                0x0000000000003616                lv_ll_chg_list
 .text.lv_ll_move_before
                0x000000000000367c       0x5e bin/obj/lvgl/lvgl_source/lv_misc/lv_ll.o
                0x000000000000367c                lv_ll_move_before
 .text.lv_ll_is_empty
                0x00000000000036da       0x18 bin/obj/lvgl/lvgl_source/lv_misc/lv_ll.o
                0x00000000000036da                lv_ll_is_empty
 *fill*         0x00000000000036f2        0x2 
 .text.lv_task_core_init
                0x00000000000036f4       0x1c bin/obj/lvgl/lvgl_source/lv_misc/lv_task.o
                0x00000000000036f4                lv_task_core_init
 .text.lv_task_create_basic
                0x0000000000003710       0xb0 bin/obj/lvgl/lvgl_source/lv_misc/lv_task.o
                0x0000000000003710                lv_task_create_basic
 .text.lv_task_del
                0x00000000000037c0       0x30 bin/obj/lvgl/lvgl_source/lv_misc/lv_task.o
                0x00000000000037c0                lv_task_del
 .text.lv_task_exec
                0x00000000000037f0       0x4c bin/obj/lvgl/lvgl_source/lv_misc/lv_task.o
 .text.lv_task_handler
                0x000000000000383c      0x12c bin/obj/lvgl/lvgl_source/lv_misc/lv_task.o
                0x000000000000383c                lv_task_handler
 .text.lv_task_set_prio
                0x0000000000003968       0x4c bin/obj/lvgl/lvgl_source/lv_misc/lv_task.o
                0x0000000000003968                lv_task_set_prio
 .text.lv_task_create
                0x00000000000039b4       0x3c bin/obj/lvgl/lvgl_source/lv_misc/lv_task.o
                0x00000000000039b4                lv_task_create
 .text.lv_task_ready
                0x00000000000039f0       0x12 bin/obj/lvgl/lvgl_source/lv_misc/lv_task.o
                0x00000000000039f0                lv_task_ready
 .text.lv_area_set
                0x0000000000003a02        0xe bin/obj/lvgl/lvgl_source/lv_misc/lv_area.o
                0x0000000000003a02                lv_area_set
 .text.lv_area_set_width
                0x0000000000003a10        0xa bin/obj/lvgl/lvgl_source/lv_misc/lv_area.o
                0x0000000000003a10                lv_area_set_width
 .text.lv_area_set_height
                0x0000000000003a1a        0xa bin/obj/lvgl/lvgl_source/lv_misc/lv_area.o
                0x0000000000003a1a                lv_area_set_height
 .text.lv_area_set_pos
                0x0000000000003a24       0x1c bin/obj/lvgl/lvgl_source/lv_misc/lv_area.o
                0x0000000000003a24                lv_area_set_pos
 .text.lv_area_get_size
                0x0000000000003a40       0x1c bin/obj/lvgl/lvgl_source/lv_misc/lv_area.o
                0x0000000000003a40                lv_area_get_size
 .text.lv_area_intersect
                0x0000000000003a5c       0x54 bin/obj/lvgl/lvgl_source/lv_misc/lv_area.o
                0x0000000000003a5c                lv_area_intersect
 .text.lv_area_join
                0x0000000000003ab0       0x44 bin/obj/lvgl/lvgl_source/lv_misc/lv_area.o
                0x0000000000003ab0                lv_area_join
 .text.lv_area_is_point_on
                0x0000000000003af4       0x32 bin/obj/lvgl/lvgl_source/lv_misc/lv_area.o
                0x0000000000003af4                lv_area_is_point_on
 .text.lv_area_is_on
                0x0000000000003b26       0x3a bin/obj/lvgl/lvgl_source/lv_misc/lv_area.o
                0x0000000000003b26                lv_area_is_on
 .text.lv_area_is_in
                0x0000000000003b60       0x3a bin/obj/lvgl/lvgl_source/lv_misc/lv_area.o
                0x0000000000003b60                lv_area_is_in
 .text.lv_anim_path_linear
                0x0000000000003b9a       0x26 bin/obj/lvgl/lvgl_source/lv_misc/lv_anim.o
                0x0000000000003b9a                lv_anim_path_linear
 .text.anim_task
                0x0000000000003bc0      0x120 bin/obj/lvgl/lvgl_source/lv_misc/lv_anim.o
 .text.lv_anim_core_init
                0x0000000000003ce0       0x30 bin/obj/lvgl/lvgl_source/lv_misc/lv_anim.o
                0x0000000000003ce0                lv_anim_core_init
 .text.lv_anim_del
                0x0000000000003d10       0x64 bin/obj/lvgl/lvgl_source/lv_misc/lv_anim.o
                0x0000000000003d10                lv_anim_del
 .text.lv_anim_create
                0x0000000000003d74       0x60 bin/obj/lvgl/lvgl_source/lv_misc/lv_anim.o
                0x0000000000003d74                lv_anim_create
 .text.lv_anim_speed_to_time
                0x0000000000003dd4       0x28 bin/obj/lvgl/lvgl_source/lv_misc/lv_anim.o
                0x0000000000003dd4                lv_anim_speed_to_time
 .text.lv_color_hsv_to_rgb
                0x0000000000003dfc       0xd2 bin/obj/lvgl/lvgl_source/lv_misc/lv_color.o
                0x0000000000003dfc                lv_color_hsv_to_rgb
 .text.line_init
                0x0000000000003ece       0x7a bin/obj/lvgl/lvgl_source/lv_draw/lv_draw_line.o
 .text.line_next
                0x0000000000003f48       0x52 bin/obj/lvgl/lvgl_source/lv_draw/lv_draw_line.o
 .text.lv_draw_line
                0x0000000000003f9a      0xc12 bin/obj/lvgl/lvgl_source/lv_draw/lv_draw_line.o
                0x0000000000003f9a                lv_draw_line
 .text.lv_img_decoder_built_in_read_line
                0x0000000000004bac        0x4 bin/obj/lvgl/lvgl_source/lv_draw/lv_img_decoder.o
                0x0000000000004bac                lv_img_decoder_built_in_read_line
 .text.lv_img_decoder_built_in_close
                0x0000000000004bb0       0x1c bin/obj/lvgl/lvgl_source/lv_draw/lv_img_decoder.o
                0x0000000000004bb0                lv_img_decoder_built_in_close
 .text.lv_img_decoder_built_in_open
                0x0000000000004bcc       0x38 bin/obj/lvgl/lvgl_source/lv_draw/lv_img_decoder.o
                0x0000000000004bcc                lv_img_decoder_built_in_open
 .text.lv_img_decoder_built_in_info
                0x0000000000004c04       0x5c bin/obj/lvgl/lvgl_source/lv_draw/lv_img_decoder.o
                0x0000000000004c04                lv_img_decoder_built_in_info
 .text.lv_img_decoder_close
                0x0000000000004c60       0x22 bin/obj/lvgl/lvgl_source/lv_draw/lv_img_decoder.o
                0x0000000000004c60                lv_img_decoder_close
 *fill*         0x0000000000004c82        0x2 
 .text.lv_img_decoder_create
                0x0000000000004c84       0x34 bin/obj/lvgl/lvgl_source/lv_draw/lv_img_decoder.o
                0x0000000000004c84                lv_img_decoder_create
 .text.lv_img_decoder_init
                0x0000000000004cb8       0x4c bin/obj/lvgl/lvgl_source/lv_draw/lv_img_decoder.o
                0x0000000000004cb8                lv_img_decoder_init
 .text.hex_char_to_num
                0x0000000000004d04       0x24 bin/obj/lvgl/lvgl_source/lv_draw/lv_draw_label.o
 .text.lv_draw_label
                0x0000000000004d28      0x4c0 bin/obj/lvgl/lvgl_source/lv_draw/lv_draw_label.o
                0x0000000000004d28                lv_draw_label
 .text.lv_color_mix
                0x00000000000051e8       0x46 bin/obj/lvgl/lvgl_source/lv_draw/lv_draw_rect.o
 .text.lv_draw_cont_radius_corr
                0x000000000000522e       0x3e bin/obj/lvgl/lvgl_source/lv_draw/lv_draw_rect.o
 .text.antialias_get_opa_circ
                0x000000000000526c       0x48 bin/obj/lvgl/lvgl_source/lv_draw/lv_draw_rect.o
 .text.lv_draw_rect
                0x00000000000052b4     0x1dcc bin/obj/lvgl/lvgl_source/lv_draw/lv_draw_rect.o
                0x00000000000052b4                lv_draw_rect
 .text.tri_draw_flat
                0x0000000000007080      0x2e8 bin/obj/lvgl/lvgl_source/lv_draw/lv_draw_triangle.o
                0x0000000000007080                tri_draw_flat
 .text.tri_draw_tall
                0x0000000000007368      0x254 bin/obj/lvgl/lvgl_source/lv_draw/lv_draw_triangle.o
                0x0000000000007368                tri_draw_tall
 .text.lv_draw_triangle
                0x00000000000075bc       0xc0 bin/obj/lvgl/lvgl_source/lv_draw/lv_draw_triangle.o
                0x00000000000075bc                lv_draw_triangle
 .text.lv_color_mix
                0x000000000000767c       0x46 bin/obj/lvgl/lvgl_source/lv_draw/lv_draw_basic.o
 .text.lv_draw_px
                0x00000000000076c2       0x9a bin/obj/lvgl/lvgl_source/lv_draw/lv_draw_basic.o
                0x00000000000076c2                lv_draw_px
 .text.lv_draw_fill
                0x000000000000775c      0x150 bin/obj/lvgl/lvgl_source/lv_draw/lv_draw_basic.o
                0x000000000000775c                lv_draw_fill
 .text.lv_draw_letter
                0x00000000000078ac      0x4a0 bin/obj/lvgl/lvgl_source/lv_draw/lv_draw_basic.o
                0x00000000000078ac                lv_draw_letter
 .text.lv_img_src_get_type
                0x0000000000007d4c       0x20 bin/obj/lvgl/lvgl_source/lv_draw/lv_draw_img.o
                0x0000000000007d4c                lv_img_src_get_type
 .text.lv_draw_get_buf
                0x0000000000007d6c       0x58 bin/obj/lvgl/lvgl_source/lv_draw/lv_draw.o
                0x0000000000007d6c                lv_draw_get_buf
 .text.lv_draw_free_buf
                0x0000000000007dc4       0x20 bin/obj/lvgl/lvgl_source/lv_draw/lv_draw.o
                0x0000000000007dc4                lv_draw_free_buf
 .text.lv_draw_aa_get_opa
                0x0000000000007de4       0x2c bin/obj/lvgl/lvgl_source/lv_draw/lv_draw.o
                0x0000000000007de4                lv_draw_aa_get_opa
 .text.lv_draw_aa_ver_seg
                0x0000000000007e10       0x5e bin/obj/lvgl/lvgl_source/lv_draw/lv_draw.o
                0x0000000000007e10                lv_draw_aa_ver_seg
 .text.lv_draw_aa_hor_seg
                0x0000000000007e6e       0x5e bin/obj/lvgl/lvgl_source/lv_draw/lv_draw.o
                0x0000000000007e6e                lv_draw_aa_hor_seg
 .text.lv_img_cache_invalidate_src
                0x0000000000007ecc       0x58 bin/obj/lvgl/lvgl_source/lv_draw/lv_img_cache.o
                0x0000000000007ecc                lv_img_cache_invalidate_src
 .text.lv_img_cache_set_size
                0x0000000000007f24       0x84 bin/obj/lvgl/lvgl_source/lv_draw/lv_img_cache.o
                0x0000000000007f24                lv_img_cache_set_size
 .text.lv_tick_get
                0x0000000000007fa8        0xc bin/obj/lvgl/lvgl_source/lv_hal/lv_hal_tick.o
                0x0000000000007fa8                lv_tick_get
 .text.lv_tick_elaps
                0x0000000000007fb4       0x10 bin/obj/lvgl/lvgl_source/lv_hal/lv_hal_tick.o
                0x0000000000007fb4                lv_tick_elaps
 .text.lv_disp_drv_init
                0x0000000000007fc4       0x30 bin/obj/lvgl/lvgl_source/lv_hal/lv_hal_disp.o
                0x0000000000007fc4                lv_disp_drv_init
 .text.lv_disp_buf_init
                0x0000000000007ff4       0x1c bin/obj/lvgl/lvgl_source/lv_hal/lv_hal_disp.o
                0x0000000000007ff4                lv_disp_buf_init
 .text.lv_disp_drv_register
                0x0000000000008010       0xe4 bin/obj/lvgl/lvgl_source/lv_hal/lv_hal_disp.o
                0x0000000000008010                lv_disp_drv_register
 .text.lv_disp_get_default
                0x00000000000080f4        0xc bin/obj/lvgl/lvgl_source/lv_hal/lv_hal_disp.o
                0x00000000000080f4                lv_disp_get_default
 .text.lv_disp_get_hor_res
                0x0000000000008100       0x24 bin/obj/lvgl/lvgl_source/lv_hal/lv_hal_disp.o
                0x0000000000008100                lv_disp_get_hor_res
 .text.lv_disp_get_ver_res
                0x0000000000008124       0x24 bin/obj/lvgl/lvgl_source/lv_hal/lv_hal_disp.o
                0x0000000000008124                lv_disp_get_ver_res
 .text.lv_disp_get_antialiasing
                0x0000000000008148       0x14 bin/obj/lvgl/lvgl_source/lv_hal/lv_hal_disp.o
                0x0000000000008148                lv_disp_get_antialiasing
 .text.lv_disp_flush_ready
                0x000000000000815c        0xc bin/obj/lvgl/lvgl_source/lv_hal/lv_hal_disp.o
                0x000000000000815c                lv_disp_flush_ready
 .text.lv_disp_get_next
                0x0000000000008168       0x14 bin/obj/lvgl/lvgl_source/lv_hal/lv_hal_disp.o
                0x0000000000008168                lv_disp_get_next
 .text.lv_disp_get_buf
                0x000000000000817c        0x4 bin/obj/lvgl/lvgl_source/lv_hal/lv_hal_disp.o
                0x000000000000817c                lv_disp_get_buf
 .text.lv_disp_get_inv_buf_size
                0x0000000000008180        0xa bin/obj/lvgl/lvgl_source/lv_hal/lv_hal_disp.o
                0x0000000000008180                lv_disp_get_inv_buf_size
 .text.lv_disp_pop_from_inv_buf
                0x000000000000818a       0x24 bin/obj/lvgl/lvgl_source/lv_hal/lv_hal_disp.o
                0x000000000000818a                lv_disp_pop_from_inv_buf
 .text.lv_disp_is_double_buf
                0x00000000000081ae       0x10 bin/obj/lvgl/lvgl_source/lv_hal/lv_hal_disp.o
                0x00000000000081ae                lv_disp_is_double_buf
 .text.lv_disp_is_true_double_buf
                0x00000000000081be       0x1e bin/obj/lvgl/lvgl_source/lv_hal/lv_hal_disp.o
                0x00000000000081be                lv_disp_is_true_double_buf
 .text.lv_indev_drv_init
                0x00000000000081dc       0x20 bin/obj/lvgl/lvgl_source/lv_hal/lv_hal_indev.o
                0x00000000000081dc                lv_indev_drv_init
 .text.lv_indev_drv_register
                0x00000000000081fc       0x78 bin/obj/lvgl/lvgl_source/lv_hal/lv_hal_indev.o
                0x00000000000081fc                lv_indev_drv_register
 .text.lv_indev_get_next
                0x0000000000008274       0x14 bin/obj/lvgl/lvgl_source/lv_hal/lv_hal_indev.o
                0x0000000000008274                lv_indev_get_next
 .text.lv_indev_read
                0x0000000000008288       0x3a bin/obj/lvgl/lvgl_source/lv_hal/lv_hal_indev.o
                0x0000000000008288                lv_indev_read
 .text.lv_color_hex3
                0x00000000000082c2       0x36 bin/obj/lvgl/lvgl_source/lv_themes/lv_theme_material.o
 .text.lv_theme_material_init
                0x00000000000082f8      0xc4c bin/obj/lvgl/lvgl_source/lv_themes/lv_theme_material.o
                0x00000000000082f8                lv_theme_material_init
 .text.lv_theme_set_current
                0x0000000000008f44       0x10 bin/obj/lvgl/lvgl_source/lv_themes/lv_theme.o
                0x0000000000008f44                lv_theme_set_current
 .text.lv_theme_get_current
                0x0000000000008f54        0xc bin/obj/lvgl/lvgl_source/lv_themes/lv_theme.o
                0x0000000000008f54                lv_theme_get_current
 .text.kern_pair_8_compare
                0x0000000000008f60       0x12 bin/obj/lvgl/lvgl_source/lv_font/lv_font_fmt_txt.o
 .text.kern_pair_16_compare
                0x0000000000008f72       0x12 bin/obj/lvgl/lvgl_source/lv_font/lv_font_fmt_txt.o
 .text.get_bits
                0x0000000000008f84       0x2a bin/obj/lvgl/lvgl_source/lv_font/lv_font_fmt_txt.o
 *fill*         0x0000000000008fae        0x2 
 .text.bits_write
                0x0000000000008fb0       0x3c bin/obj/lvgl/lvgl_source/lv_font/lv_font_fmt_txt.o
 .text.rle_next
                0x0000000000008fec      0x148 bin/obj/lvgl/lvgl_source/lv_font/lv_font_fmt_txt.o
 .text.unicode_list_compare
                0x0000000000009134        0x8 bin/obj/lvgl/lvgl_source/lv_font/lv_font_fmt_txt.o
 .text.get_glyph_dsc_id.isra.0.part.0
                0x000000000000913c       0xb8 bin/obj/lvgl/lvgl_source/lv_font/lv_font_fmt_txt.o
 .text.lv_font_get_bitmap_fmt_txt
                0x00000000000091f4      0x1b0 bin/obj/lvgl/lvgl_source/lv_font/lv_font_fmt_txt.o
                0x00000000000091f4                lv_font_get_bitmap_fmt_txt
 .text.lv_font_get_glyph_dsc_fmt_txt
                0x00000000000093a4      0x114 bin/obj/lvgl/lvgl_source/lv_font/lv_font_fmt_txt.o
                0x00000000000093a4                lv_font_get_glyph_dsc_fmt_txt
 .text.lv_font_get_glyph_bitmap
                0x00000000000094b8        0x4 bin/obj/lvgl/lvgl_source/lv_font/lv_font.o
                0x00000000000094b8                lv_font_get_glyph_bitmap
 .text.lv_font_get_glyph_dsc
                0x00000000000094bc        0xc bin/obj/lvgl/lvgl_source/lv_font/lv_font.o
                0x00000000000094bc                lv_font_get_glyph_dsc
 .text.lv_font_get_glyph_width
                0x00000000000094c8       0x18 bin/obj/lvgl/lvgl_source/lv_font/lv_font.o
                0x00000000000094c8                lv_font_get_glyph_width
 .text.lv_disp_get_scr_act
                0x00000000000094e0        0xe bin/obj/lvgl/lvgl_source/lv_core/lv_disp.o
                0x00000000000094e0                lv_disp_get_scr_act
 .text.lv_disp_load_scr
                0x00000000000094ee       0x14 bin/obj/lvgl/lvgl_source/lv_core/lv_disp.o
                0x00000000000094ee                lv_disp_load_scr
 .text.lv_disp_get_layer_top
                0x0000000000009502        0xe bin/obj/lvgl/lvgl_source/lv_core/lv_disp.o
                0x0000000000009502                lv_disp_get_layer_top
 .text.lv_disp_get_layer_sys
                0x0000000000009510        0xe bin/obj/lvgl/lvgl_source/lv_core/lv_disp.o
                0x0000000000009510                lv_disp_get_layer_sys
 .text.lv_style_copy
                0x000000000000951e        0x6 bin/obj/lvgl/lvgl_source/lv_core/lv_style.o
                0x000000000000951e                lv_style_copy
 .text.lv_style_init
                0x0000000000009524      0x240 bin/obj/lvgl/lvgl_source/lv_core/lv_style.o
                0x0000000000009524                lv_style_init
 .text.indev_reset_check
                0x0000000000009764       0x18 bin/obj/lvgl/lvgl_source/lv_core/lv_indev.o
 .text.indev_proc_reset_query_handler
                0x000000000000977c       0x38 bin/obj/lvgl/lvgl_source/lv_core/lv_indev.o
 .text.indev_search_obj
                0x00000000000097b4       0x60 bin/obj/lvgl/lvgl_source/lv_core/lv_indev.o
 .text.indev_drag_throw.part.0
                0x0000000000009814      0x160 bin/obj/lvgl/lvgl_source/lv_core/lv_indev.o
 .text.indev_proc_press
                0x0000000000009974      0x44c bin/obj/lvgl/lvgl_source/lv_core/lv_indev.o
 .text.lv_indev_reset.part.0
                0x0000000000009dc0       0x1a bin/obj/lvgl/lvgl_source/lv_core/lv_indev.o
 *fill*         0x0000000000009dda        0x2 
 .text.indev_proc_release
                0x0000000000009ddc      0x1a0 bin/obj/lvgl/lvgl_source/lv_core/lv_indev.o
 .text.lv_indev_init
                0x0000000000009f7c        0x4 bin/obj/lvgl/lvgl_source/lv_core/lv_indev.o
                0x0000000000009f7c                lv_indev_init
 .text.lv_indev_read_task
                0x0000000000009f80       0xdc bin/obj/lvgl/lvgl_source/lv_core/lv_indev.o
                0x0000000000009f80                lv_indev_read_task
 .text.lv_indev_get_act
                0x000000000000a05c        0xc bin/obj/lvgl/lvgl_source/lv_core/lv_indev.o
                0x000000000000a05c                lv_indev_get_act
 .text.lv_indev_get_type
                0x000000000000a068        0x6 bin/obj/lvgl/lvgl_source/lv_core/lv_indev.o
                0x000000000000a068                lv_indev_get_type
 .text.lv_indev_get_point
                0x000000000000a06e       0x20 bin/obj/lvgl/lvgl_source/lv_core/lv_indev.o
                0x000000000000a06e                lv_indev_get_point
 .text.lv_indev_is_dragging
                0x000000000000a08e       0x1a bin/obj/lvgl/lvgl_source/lv_core/lv_indev.o
                0x000000000000a08e                lv_indev_is_dragging
 .text.lv_indev_get_vect
                0x000000000000a0a8       0x20 bin/obj/lvgl/lvgl_source/lv_core/lv_indev.o
                0x000000000000a0a8                lv_indev_get_vect
 .text.lv_refr_vdb_flush
                0x000000000000a0c8       0x48 bin/obj/lvgl/lvgl_source/lv_core/lv_refr.o
 .text.lv_refr_get_top_obj
                0x000000000000a110       0x64 bin/obj/lvgl/lvgl_source/lv_core/lv_refr.o
 .text.lv_refr_obj
                0x000000000000a174       0xda bin/obj/lvgl/lvgl_source/lv_core/lv_refr.o
 *fill*         0x000000000000a24e        0x2 
 .text.lv_refr_obj_and_children
                0x000000000000a250       0x58 bin/obj/lvgl/lvgl_source/lv_core/lv_refr.o
 .text.lv_refr_area_part
                0x000000000000a2a8       0x6c bin/obj/lvgl/lvgl_source/lv_core/lv_refr.o
 .text.lv_refr_init
                0x000000000000a314        0x2 bin/obj/lvgl/lvgl_source/lv_core/lv_refr.o
                0x000000000000a314                lv_refr_init
 .text.lv_inv_area
                0x000000000000a316       0xb0 bin/obj/lvgl/lvgl_source/lv_core/lv_refr.o
                0x000000000000a316                lv_inv_area
 *fill*         0x000000000000a3c6        0x2 
 .text.lv_refr_get_disp_refreshing
                0x000000000000a3c8        0xc bin/obj/lvgl/lvgl_source/lv_core/lv_refr.o
                0x000000000000a3c8                lv_refr_get_disp_refreshing
 .text.lv_disp_refr_task
                0x000000000000a3d4      0x344 bin/obj/lvgl/lvgl_source/lv_core/lv_refr.o
                0x000000000000a3d4                lv_disp_refr_task
 .text.lv_debug_check_null
                0x000000000000a718        0x8 bin/obj/lvgl/lvgl_source/lv_core/lv_debug.o
                0x000000000000a718                lv_debug_check_null
 .text.lv_debug_check_style
                0x000000000000a720       0x18 bin/obj/lvgl/lvgl_source/lv_core/lv_debug.o
                0x000000000000a720                lv_debug_check_style
 .text.lv_debug_log_error
                0x000000000000a738       0x1e bin/obj/lvgl/lvgl_source/lv_core/lv_debug.o
                0x000000000000a738                lv_debug_log_error
 .text.refresh_children_position
                0x000000000000a756       0x4e bin/obj/lvgl/lvgl_source/lv_core/lv_obj.o
 .text.lv_obj_set_click.part.0
                0x000000000000a7a4       0x14 bin/obj/lvgl/lvgl_source/lv_core/lv_obj.o
 .text.lv_init  0x000000000000a7b8       0x50 bin/obj/lvgl/lvgl_source/lv_core/lv_obj.o
                0x000000000000a7b8                lv_init
 .text.lv_obj_set_click
                0x000000000000a808       0x20 bin/obj/lvgl/lvgl_source/lv_core/lv_obj.o
                0x000000000000a808                lv_obj_set_click
 .text.lv_obj_set_top
                0x000000000000a828       0x2c bin/obj/lvgl/lvgl_source/lv_core/lv_obj.o
                0x000000000000a828                lv_obj_set_top
 .text.lv_obj_set_drag
                0x000000000000a854       0x2a bin/obj/lvgl/lvgl_source/lv_core/lv_obj.o
                0x000000000000a854                lv_obj_set_drag
 *fill*         0x000000000000a87e        0x2 
 .text.lv_obj_set_drag_throw
                0x000000000000a880       0x2c bin/obj/lvgl/lvgl_source/lv_core/lv_obj.o
                0x000000000000a880                lv_obj_set_drag_throw
 .text.lv_obj_set_protect
                0x000000000000a8ac       0x28 bin/obj/lvgl/lvgl_source/lv_core/lv_obj.o
                0x000000000000a8ac                lv_obj_set_protect
 .text.lv_obj_clear_protect
                0x000000000000a8d4       0x2c bin/obj/lvgl/lvgl_source/lv_core/lv_obj.o
                0x000000000000a8d4                lv_obj_clear_protect
 .text.lv_obj_set_event_cb
                0x000000000000a900       0x20 bin/obj/lvgl/lvgl_source/lv_core/lv_obj.o
                0x000000000000a900                lv_obj_set_event_cb
 .text.lv_event_send_func
                0x000000000000a920       0xa0 bin/obj/lvgl/lvgl_source/lv_core/lv_obj.o
                0x000000000000a920                lv_event_send_func
 .text.lv_event_send
                0x000000000000a9c0       0x38 bin/obj/lvgl/lvgl_source/lv_core/lv_obj.o
                0x000000000000a9c0                lv_event_send
 .text.lv_event_get_data
                0x000000000000a9f8        0xc bin/obj/lvgl/lvgl_source/lv_core/lv_obj.o
                0x000000000000a9f8                lv_event_get_data
 .text.lv_obj_set_signal_cb
                0x000000000000aa04       0x20 bin/obj/lvgl/lvgl_source/lv_core/lv_obj.o
                0x000000000000aa04                lv_obj_set_signal_cb
 .text.lv_obj_set_design_cb
                0x000000000000aa24       0x20 bin/obj/lvgl/lvgl_source/lv_core/lv_obj.o
                0x000000000000aa24                lv_obj_set_design_cb
 .text.lv_obj_allocate_ext_attr
                0x000000000000aa44       0x2c bin/obj/lvgl/lvgl_source/lv_core/lv_obj.o
                0x000000000000aa44                lv_obj_allocate_ext_attr
 .text.lv_obj_get_parent
                0x000000000000aa70       0x14 bin/obj/lvgl/lvgl_source/lv_core/lv_obj.o
                0x000000000000aa70                lv_obj_get_parent
 .text.lv_obj_get_screen
                0x000000000000aa84       0x22 bin/obj/lvgl/lvgl_source/lv_core/lv_obj.o
                0x000000000000aa84                lv_obj_get_screen
 *fill*         0x000000000000aaa6        0x2 
 .text.lv_obj_get_disp
                0x000000000000aaa8       0x58 bin/obj/lvgl/lvgl_source/lv_core/lv_obj.o
                0x000000000000aaa8                lv_obj_get_disp
 .text.lv_obj_get_child
                0x000000000000ab00       0x28 bin/obj/lvgl/lvgl_source/lv_core/lv_obj.o
                0x000000000000ab00                lv_obj_get_child
 .text.lv_obj_get_coords
                0x000000000000ab28       0x22 bin/obj/lvgl/lvgl_source/lv_core/lv_obj.o
                0x000000000000ab28                lv_obj_get_coords
 *fill*         0x000000000000ab4a        0x2 
 .text.lv_obj_get_x
                0x000000000000ab4c       0x34 bin/obj/lvgl/lvgl_source/lv_core/lv_obj.o
                0x000000000000ab4c                lv_obj_get_x
 .text.lv_obj_get_y
                0x000000000000ab80       0x34 bin/obj/lvgl/lvgl_source/lv_core/lv_obj.o
                0x000000000000ab80                lv_obj_get_y
 .text.lv_obj_get_width
                0x000000000000abb4       0x1c bin/obj/lvgl/lvgl_source/lv_core/lv_obj.o
                0x000000000000abb4                lv_obj_get_width
 .text.lv_obj_get_height
                0x000000000000abd0       0x1c bin/obj/lvgl/lvgl_source/lv_core/lv_obj.o
                0x000000000000abd0                lv_obj_get_height
 .text.lv_obj_get_auto_realign
                0x000000000000abec       0x24 bin/obj/lvgl/lvgl_source/lv_core/lv_obj.o
                0x000000000000abec                lv_obj_get_auto_realign
 .text.lv_obj_get_style
                0x000000000000ac10       0x30 bin/obj/lvgl/lvgl_source/lv_core/lv_obj.o
                0x000000000000ac10                lv_obj_get_style
 .text.lv_obj_get_width_fit
                0x000000000000ac40       0x34 bin/obj/lvgl/lvgl_source/lv_core/lv_obj.o
                0x000000000000ac40                lv_obj_get_width_fit
 .text.lv_obj_get_hidden
                0x000000000000ac74       0x1a bin/obj/lvgl/lvgl_source/lv_core/lv_obj.o
                0x000000000000ac74                lv_obj_get_hidden
 *fill*         0x000000000000ac8e        0x2 
 .text.lv_obj_invalidate
                0x000000000000ac90       0xc4 bin/obj/lvgl/lvgl_source/lv_core/lv_obj.o
                0x000000000000ac90                lv_obj_invalidate
 .text.lv_obj_move_foreground
                0x000000000000ad54       0x58 bin/obj/lvgl/lvgl_source/lv_core/lv_obj.o
                0x000000000000ad54                lv_obj_move_foreground
 .text.lv_obj_set_pos
                0x000000000000adac       0x98 bin/obj/lvgl/lvgl_source/lv_core/lv_obj.o
                0x000000000000adac                lv_obj_set_pos
 .text.lv_obj_set_x
                0x000000000000ae44       0x30 bin/obj/lvgl/lvgl_source/lv_core/lv_obj.o
                0x000000000000ae44                lv_obj_set_x
 .text.lv_obj_set_y
                0x000000000000ae74       0x30 bin/obj/lvgl/lvgl_source/lv_core/lv_obj.o
                0x000000000000ae74                lv_obj_set_y
 .text.lv_obj_align
                0x000000000000aea4      0x2a8 bin/obj/lvgl/lvgl_source/lv_core/lv_obj.o
                0x000000000000aea4                lv_obj_align
 .text.lv_obj_align_origo
                0x000000000000b14c      0x158 bin/obj/lvgl/lvgl_source/lv_core/lv_obj.o
                0x000000000000b14c                lv_obj_align_origo
 .text.lv_obj_realign
                0x000000000000b2a4       0x38 bin/obj/lvgl/lvgl_source/lv_core/lv_obj.o
                0x000000000000b2a4                lv_obj_realign
 .text.lv_obj_set_parent
                0x000000000000b2dc       0x8c bin/obj/lvgl/lvgl_source/lv_core/lv_obj.o
                0x000000000000b2dc                lv_obj_set_parent
 .text.lv_obj_refresh_style
                0x000000000000b368       0x34 bin/obj/lvgl/lvgl_source/lv_core/lv_obj.o
                0x000000000000b368                lv_obj_refresh_style
 .text.refresh_children_style
                0x000000000000b39c       0x34 bin/obj/lvgl/lvgl_source/lv_core/lv_obj.o
 .text.lv_obj_set_style
                0x000000000000b3d0       0x48 bin/obj/lvgl/lvgl_source/lv_core/lv_obj.o
                0x000000000000b3d0                lv_obj_set_style
 .text.report_style_mod_core
                0x000000000000b418       0x38 bin/obj/lvgl/lvgl_source/lv_core/lv_obj.o
 .text.lv_obj_report_style_mod
                0x000000000000b450       0x58 bin/obj/lvgl/lvgl_source/lv_core/lv_obj.o
                0x000000000000b450                lv_obj_report_style_mod
 .text.lv_obj_refresh_ext_draw_pad
                0x000000000000b4a8       0x26 bin/obj/lvgl/lvgl_source/lv_core/lv_obj.o
                0x000000000000b4a8                lv_obj_refresh_ext_draw_pad
 *fill*         0x000000000000b4ce        0x2 
 .text.lv_obj_create
                0x000000000000b4d0      0x29c bin/obj/lvgl/lvgl_source/lv_core/lv_obj.o
                0x000000000000b4d0                lv_obj_create
 .text.lv_obj_set_size
                0x000000000000b76c       0xa8 bin/obj/lvgl/lvgl_source/lv_core/lv_obj.o
                0x000000000000b76c                lv_obj_set_size
 .text.lv_obj_set_width
                0x000000000000b814       0x30 bin/obj/lvgl/lvgl_source/lv_core/lv_obj.o
                0x000000000000b814                lv_obj_set_width
 .text.lv_obj_set_height
                0x000000000000b844       0x30 bin/obj/lvgl/lvgl_source/lv_core/lv_obj.o
                0x000000000000b844                lv_obj_set_height
 .text.lv_obj_get_click
                0x000000000000b874       0x24 bin/obj/lvgl/lvgl_source/lv_core/lv_obj.o
                0x000000000000b874                lv_obj_get_click
 .text.lv_obj_get_drag
                0x000000000000b898       0x24 bin/obj/lvgl/lvgl_source/lv_core/lv_obj.o
                0x000000000000b898                lv_obj_get_drag
 .text.lv_obj_get_drag_dir
                0x000000000000b8bc       0x24 bin/obj/lvgl/lvgl_source/lv_core/lv_obj.o
                0x000000000000b8bc                lv_obj_get_drag_dir
 .text.lv_obj_get_drag_throw
                0x000000000000b8e0       0x24 bin/obj/lvgl/lvgl_source/lv_core/lv_obj.o
                0x000000000000b8e0                lv_obj_get_drag_throw
 .text.lv_obj_get_drag_parent
                0x000000000000b904        0xa bin/obj/lvgl/lvgl_source/lv_core/lv_obj.o
                0x000000000000b904                lv_obj_get_drag_parent
 .text.lv_obj_get_base_dir
                0x000000000000b90e        0x4 bin/obj/lvgl/lvgl_source/lv_core/lv_obj.o
                0x000000000000b90e                lv_obj_get_base_dir
 .text.lv_obj_get_opa_scale
                0x000000000000b912       0x2e bin/obj/lvgl/lvgl_source/lv_core/lv_obj.o
                0x000000000000b912                lv_obj_get_opa_scale
 .text.lv_obj_design
                0x000000000000b940       0xa6 bin/obj/lvgl/lvgl_source/lv_core/lv_obj.o
 .text.lv_obj_is_protected
                0x000000000000b9e6       0x20 bin/obj/lvgl/lvgl_source/lv_core/lv_obj.o
                0x000000000000b9e6                lv_obj_is_protected
 *fill*         0x000000000000ba06        0x2 
 .text.lv_obj_get_signal_cb
                0x000000000000ba08       0x20 bin/obj/lvgl/lvgl_source/lv_core/lv_obj.o
                0x000000000000ba08                lv_obj_get_signal_cb
 .text.lv_obj_get_design_cb
                0x000000000000ba28       0x20 bin/obj/lvgl/lvgl_source/lv_core/lv_obj.o
                0x000000000000ba28                lv_obj_get_design_cb
 .text.lv_obj_get_ext_attr
                0x000000000000ba48       0x20 bin/obj/lvgl/lvgl_source/lv_core/lv_obj.o
                0x000000000000ba48                lv_obj_get_ext_attr
 .text.lv_obj_handle_get_type_signal
                0x000000000000ba68       0x1c bin/obj/lvgl/lvgl_source/lv_core/lv_obj.o
                0x000000000000ba68                lv_obj_handle_get_type_signal
 .text.lv_obj_signal
                0x000000000000ba84       0x4c bin/obj/lvgl/lvgl_source/lv_core/lv_obj.o
 .text.lv_ddlist_pos_current_option
                0x000000000000bad0       0x5e bin/obj/lvgl/lvgl_source/lv_objx/lv_ddlist.o
 .text.lv_ddlist_adjust_height
                0x000000000000bb2e       0x12 bin/obj/lvgl/lvgl_source/lv_objx/lv_ddlist.o
 .text.lv_ddlist_anim_finish
                0x000000000000bb40       0x2e bin/obj/lvgl/lvgl_source/lv_objx/lv_ddlist.o
 .text.lv_ddlist_anim_ready_cb
                0x000000000000bb6e        0x6 bin/obj/lvgl/lvgl_source/lv_objx/lv_ddlist.o
 .text.lv_ddlist_refr_size
                0x000000000000bb74       0xf0 bin/obj/lvgl/lvgl_source/lv_objx/lv_ddlist.o
 .text.release_handler
                0x000000000000bc64      0x100 bin/obj/lvgl/lvgl_source/lv_objx/lv_ddlist.o
 .text.lv_ddlist_signal
                0x000000000000bd64      0x13c bin/obj/lvgl/lvgl_source/lv_objx/lv_ddlist.o
 .text.lv_page_set_scrl_fit2
                0x000000000000bea0       0x1a bin/obj/lvgl/lvgl_source/lv_objx/lv_ddlist.o
 .text.lv_ddlist_refr_width
                0x000000000000beba       0xa6 bin/obj/lvgl/lvgl_source/lv_objx/lv_ddlist.o
 .text.lv_ddlist_set_options
                0x000000000000bf60       0xa4 bin/obj/lvgl/lvgl_source/lv_objx/lv_ddlist.o
                0x000000000000bf60                lv_ddlist_set_options
 .text.lv_ddlist_set_style
                0x000000000000c004       0x6c bin/obj/lvgl/lvgl_source/lv_objx/lv_ddlist.o
                0x000000000000c004                lv_ddlist_set_style
 .text.lv_ddlist_get_selected
                0x000000000000c070       0x28 bin/obj/lvgl/lvgl_source/lv_objx/lv_ddlist.o
                0x000000000000c070                lv_ddlist_get_selected
 .text.lv_ddlist_get_style
                0x000000000000c098       0x40 bin/obj/lvgl/lvgl_source/lv_objx/lv_ddlist.o
                0x000000000000c098                lv_ddlist_get_style
 .text.lv_ddlist_create
                0x000000000000c0d8      0x254 bin/obj/lvgl/lvgl_source/lv_objx/lv_ddlist.o
                0x000000000000c0d8                lv_ddlist_create
 .text.lv_ddlist_design
                0x000000000000c32c      0x254 bin/obj/lvgl/lvgl_source/lv_objx/lv_ddlist.o
 .text.lv_ddlist_scrl_signal
                0x000000000000c580       0x80 bin/obj/lvgl/lvgl_source/lv_objx/lv_ddlist.o
 .text.lv_area_copy
                0x000000000000c600        0x6 bin/obj/lvgl/lvgl_source/lv_objx/lv_page.o
 .text.scrl_def_event_cb
                0x000000000000c606       0x22 bin/obj/lvgl/lvgl_source/lv_objx/lv_page.o
 .text.lv_page_sb_refresh
                0x000000000000c628      0x37c bin/obj/lvgl/lvgl_source/lv_objx/lv_page.o
 .text.edge_flash_anim_end
                0x000000000000c9a4       0x20 bin/obj/lvgl/lvgl_source/lv_objx/lv_page.o
 .text.edge_flash_anim
                0x000000000000c9c4       0x16 bin/obj/lvgl/lvgl_source/lv_objx/lv_page.o
 *fill*         0x000000000000c9da        0x2 
 .text.lv_scrl_design
                0x000000000000c9dc       0x28 bin/obj/lvgl/lvgl_source/lv_objx/lv_page.o
 .text.lv_page_set_sb_mode
                0x000000000000ca04       0x70 bin/obj/lvgl/lvgl_source/lv_objx/lv_page.o
                0x000000000000ca04                lv_page_set_sb_mode
 .text.lv_page_set_anim_time
                0x000000000000ca74       0x28 bin/obj/lvgl/lvgl_source/lv_objx/lv_page.o
                0x000000000000ca74                lv_page_set_anim_time
 .text.lv_page_set_style
                0x000000000000ca9c       0x78 bin/obj/lvgl/lvgl_source/lv_objx/lv_page.o
                0x000000000000ca9c                lv_page_set_style
 .text.lv_page_get_scrl
                0x000000000000cb14       0x28 bin/obj/lvgl/lvgl_source/lv_objx/lv_page.o
                0x000000000000cb14                lv_page_get_scrl
 .text.lv_page_get_anim_time
                0x000000000000cb3c       0x28 bin/obj/lvgl/lvgl_source/lv_objx/lv_page.o
                0x000000000000cb3c                lv_page_get_anim_time
 .text.lv_page_get_style
                0x000000000000cb64       0x48 bin/obj/lvgl/lvgl_source/lv_objx/lv_page.o
                0x000000000000cb64                lv_page_get_style
 .text.lv_page_create
                0x000000000000cbac      0x210 bin/obj/lvgl/lvgl_source/lv_objx/lv_page.o
                0x000000000000cbac                lv_page_create
 .text.lv_page_design
                0x000000000000cdbc      0x224 bin/obj/lvgl/lvgl_source/lv_objx/lv_page.o
 .text.lv_page_scroll_hor
                0x000000000000cfe0       0x48 bin/obj/lvgl/lvgl_source/lv_objx/lv_page.o
                0x000000000000cfe0                lv_page_scroll_hor
 .text.lv_page_scroll_ver
                0x000000000000d028       0x48 bin/obj/lvgl/lvgl_source/lv_objx/lv_page.o
                0x000000000000d028                lv_page_scroll_ver
 .text.lv_page_signal
                0x000000000000d070      0x298 bin/obj/lvgl/lvgl_source/lv_objx/lv_page.o
 .text.lv_page_start_edge_flash
                0x000000000000d308       0x58 bin/obj/lvgl/lvgl_source/lv_objx/lv_page.o
                0x000000000000d308                lv_page_start_edge_flash
 .text.lv_page_scrollable_signal
                0x000000000000d360      0x41c bin/obj/lvgl/lvgl_source/lv_objx/lv_page.o
 .text.lv_btn_design
                0x000000000000d77c       0x20 bin/obj/lvgl/lvgl_source/lv_objx/lv_btn.o
 .text.lv_btn_set_state
                0x000000000000d79c       0x44 bin/obj/lvgl/lvgl_source/lv_objx/lv_btn.o
                0x000000000000d79c                lv_btn_set_state
 .text.lv_btn_set_style
                0x000000000000d7e0       0x5c bin/obj/lvgl/lvgl_source/lv_objx/lv_btn.o
                0x000000000000d7e0                lv_btn_set_style
 .text.lv_btn_create
                0x000000000000d83c      0x140 bin/obj/lvgl/lvgl_source/lv_objx/lv_btn.o
                0x000000000000d83c                lv_btn_create
 .text.lv_btn_get_toggle
                0x000000000000d97c       0x2c bin/obj/lvgl/lvgl_source/lv_objx/lv_btn.o
                0x000000000000d97c                lv_btn_get_toggle
 .text.lv_btn_signal
                0x000000000000d9a8      0x13c bin/obj/lvgl/lvgl_source/lv_objx/lv_btn.o
 .text.lv_slider_set_style
                0x000000000000dae4       0x54 bin/obj/lvgl/lvgl_source/lv_objx/lv_slider.o
                0x000000000000dae4                lv_slider_set_style
 .text.lv_slider_create
                0x000000000000db38       0xf4 bin/obj/lvgl/lvgl_source/lv_objx/lv_slider.o
                0x000000000000db38                lv_slider_create
 .text.lv_slider_get_value
                0x000000000000dc2c       0x38 bin/obj/lvgl/lvgl_source/lv_objx/lv_slider.o
                0x000000000000dc2c                lv_slider_get_value
 .text.lv_slider_get_style
                0x000000000000dc64       0x40 bin/obj/lvgl/lvgl_source/lv_objx/lv_slider.o
                0x000000000000dc64                lv_slider_get_style
 .text.lv_slider_design
                0x000000000000dca4      0x524 bin/obj/lvgl/lvgl_source/lv_objx/lv_slider.o
 .text.lv_slider_signal
                0x000000000000e1c8      0x24c bin/obj/lvgl/lvgl_source/lv_objx/lv_slider.o
 .text.lv_chart_create_label_iter
                0x000000000000e414       0x34 bin/obj/lvgl/lvgl_source/lv_objx/lv_chart.o
 .text.lv_chart_draw_lines
                0x000000000000e448      0x13c bin/obj/lvgl/lvgl_source/lv_objx/lv_chart.o
 .text.lv_chart_get_next_label
                0x000000000000e584       0x70 bin/obj/lvgl/lvgl_source/lv_objx/lv_chart.o
 .text.lv_chart_inv_lines
                0x000000000000e5f4       0xa4 bin/obj/lvgl/lvgl_source/lv_objx/lv_chart.o
 .text.lv_chart_draw_y_ticks
                0x000000000000e698      0x276 bin/obj/lvgl/lvgl_source/lv_objx/lv_chart.o
 *fill*         0x000000000000e90e        0x2 
 .text.lv_chart_signal
                0x000000000000e910       0x64 bin/obj/lvgl/lvgl_source/lv_objx/lv_chart.o
 .text.lv_chart_design
                0x000000000000e974      0x908 bin/obj/lvgl/lvgl_source/lv_objx/lv_chart.o
 .text.lv_chart_create
                0x000000000000f27c      0x184 bin/obj/lvgl/lvgl_source/lv_objx/lv_chart.o
                0x000000000000f27c                lv_chart_create
 .text.lv_chart_add_series
                0x000000000000f400       0xa0 bin/obj/lvgl/lvgl_source/lv_objx/lv_chart.o
                0x000000000000f400                lv_chart_add_series
 .text.lv_chart_set_series_width
                0x000000000000f4a0       0x38 bin/obj/lvgl/lvgl_source/lv_objx/lv_chart.o
                0x000000000000f4a0                lv_chart_set_series_width
 .text.lv_chart_refresh
                0x000000000000f4d8       0x28 bin/obj/lvgl/lvgl_source/lv_objx/lv_chart.o
                0x000000000000f4d8                lv_chart_refresh
 .text.lv_chart_set_next
                0x000000000000f500      0x15c bin/obj/lvgl/lvgl_source/lv_objx/lv_chart.o
                0x000000000000f500                lv_chart_set_next
 .text.lv_cont_refr_autofit
                0x000000000000f65c      0x2c8 bin/obj/lvgl/lvgl_source/lv_objx/lv_cont.o
 .text.lv_cont_create
                0x000000000000f924       0xe4 bin/obj/lvgl/lvgl_source/lv_objx/lv_cont.o
                0x000000000000f924                lv_cont_create
 .text.lv_cont_set_layout
                0x000000000000fa08       0x44 bin/obj/lvgl/lvgl_source/lv_objx/lv_cont.o
                0x000000000000fa08                lv_cont_set_layout
 .text.lv_cont_set_fit4
                0x000000000000fa4c       0x90 bin/obj/lvgl/lvgl_source/lv_objx/lv_cont.o
                0x000000000000fa4c                lv_cont_set_fit4
 .text.lv_cont_get_layout
                0x000000000000fadc       0x2c bin/obj/lvgl/lvgl_source/lv_objx/lv_cont.o
                0x000000000000fadc                lv_cont_get_layout
 .text.lv_cont_refr_layout
                0x000000000000fb08      0x59a bin/obj/lvgl/lvgl_source/lv_objx/lv_cont.o
 *fill*         0x00000000000100a2        0x2 
 .text.lv_cont_signal
                0x00000000000100a4       0x78 bin/obj/lvgl/lvgl_source/lv_objx/lv_cont.o
 .text.lv_cont_get_fit_left
                0x000000000001011c       0x2c bin/obj/lvgl/lvgl_source/lv_objx/lv_cont.o
                0x000000000001011c                lv_cont_get_fit_left
 .text.lv_cont_get_fit_right
                0x0000000000010148       0x2c bin/obj/lvgl/lvgl_source/lv_objx/lv_cont.o
                0x0000000000010148                lv_cont_get_fit_right
 .text.lv_cont_get_fit_top
                0x0000000000010174       0x2c bin/obj/lvgl/lvgl_source/lv_objx/lv_cont.o
                0x0000000000010174                lv_cont_get_fit_top
 .text.lv_cont_get_fit_bottom
                0x00000000000101a0       0x2c bin/obj/lvgl/lvgl_source/lv_objx/lv_cont.o
                0x00000000000101a0                lv_cont_get_fit_bottom
 .text.lv_label_dot_tmp_free
                0x00000000000101cc       0x24 bin/obj/lvgl/lvgl_source/lv_objx/lv_label.o
 .text.lv_label_revert_dots
                0x00000000000101f0       0x74 bin/obj/lvgl/lvgl_source/lv_objx/lv_label.o
 .text.lv_label_set_offset_y
                0x0000000000010264       0x16 bin/obj/lvgl/lvgl_source/lv_objx/lv_label.o
 .text.lv_label_set_offset_x
                0x000000000001027a       0x16 bin/obj/lvgl/lvgl_source/lv_objx/lv_label.o
 .text.lv_label_set_dot_tmp
                0x0000000000010290       0x52 bin/obj/lvgl/lvgl_source/lv_objx/lv_label.o
 *fill*         0x00000000000102e2        0x2 
 .text.lv_label_set_align
                0x00000000000102e4       0x40 bin/obj/lvgl/lvgl_source/lv_objx/lv_label.o
                0x00000000000102e4                lv_label_set_align
 .text.lv_label_set_body_draw
                0x0000000000010324       0x44 bin/obj/lvgl/lvgl_source/lv_objx/lv_label.o
                0x0000000000010324                lv_label_set_body_draw
 .text.lv_label_get_text
                0x0000000000010368       0x28 bin/obj/lvgl/lvgl_source/lv_objx/lv_label.o
                0x0000000000010368                lv_label_get_text
 .text.lv_label_get_long_mode
                0x0000000000010390       0x2c bin/obj/lvgl/lvgl_source/lv_objx/lv_label.o
                0x0000000000010390                lv_label_get_long_mode
 .text.lv_label_get_align
                0x00000000000103bc       0x34 bin/obj/lvgl/lvgl_source/lv_objx/lv_label.o
                0x00000000000103bc                lv_label_get_align
 .text.lv_label_get_recolor
                0x00000000000103f0       0x2c bin/obj/lvgl/lvgl_source/lv_objx/lv_label.o
                0x00000000000103f0                lv_label_get_recolor
 .text.lv_label_get_body_draw
                0x000000000001041c       0x2c bin/obj/lvgl/lvgl_source/lv_objx/lv_label.o
                0x000000000001041c                lv_label_get_body_draw
 .text.lv_label_get_letter_on
                0x0000000000010448      0x210 bin/obj/lvgl/lvgl_source/lv_objx/lv_label.o
                0x0000000000010448                lv_label_get_letter_on
 .text.lv_label_refr_text
                0x0000000000010658      0x37c bin/obj/lvgl/lvgl_source/lv_objx/lv_label.o
 .text.lv_label_signal
                0x00000000000109d4       0xd8 bin/obj/lvgl/lvgl_source/lv_objx/lv_label.o
 .text.lv_label_set_text
                0x0000000000010aac       0xcc bin/obj/lvgl/lvgl_source/lv_objx/lv_label.o
                0x0000000000010aac                lv_label_set_text
 .text.lv_label_set_static_text
                0x0000000000010b78       0x60 bin/obj/lvgl/lvgl_source/lv_objx/lv_label.o
                0x0000000000010b78                lv_label_set_static_text
 .text.lv_label_set_long_mode
                0x0000000000010bd8       0x98 bin/obj/lvgl/lvgl_source/lv_objx/lv_label.o
                0x0000000000010bd8                lv_label_set_long_mode
 .text.lv_label_set_recolor
                0x0000000000010c70       0x40 bin/obj/lvgl/lvgl_source/lv_objx/lv_label.o
                0x0000000000010c70                lv_label_set_recolor
 .text.lv_label_create
                0x0000000000010cb0      0x1b0 bin/obj/lvgl/lvgl_source/lv_objx/lv_label.o
                0x0000000000010cb0                lv_label_create
 .text.lv_label_get_text_sel_start
                0x0000000000010e60       0x24 bin/obj/lvgl/lvgl_source/lv_objx/lv_label.o
                0x0000000000010e60                lv_label_get_text_sel_start
 .text.lv_label_get_text_sel_end
                0x0000000000010e84       0x24 bin/obj/lvgl/lvgl_source/lv_objx/lv_label.o
                0x0000000000010e84                lv_label_get_text_sel_end
 .text.lv_label_design
                0x0000000000010ea8      0x21a bin/obj/lvgl/lvgl_source/lv_objx/lv_label.o
 .text.lv_bar_anim
                0x00000000000110c2       0x16 bin/obj/lvgl/lvgl_source/lv_objx/lv_bar.o
 .text.lv_bar_set_value
                0x00000000000110d8       0xa8 bin/obj/lvgl/lvgl_source/lv_objx/lv_bar.o
                0x00000000000110d8                lv_bar_set_value
 .text.lv_bar_anim_ready
                0x0000000000011180       0x20 bin/obj/lvgl/lvgl_source/lv_objx/lv_bar.o
 .text.lv_bar_set_style
                0x00000000000111a0       0x44 bin/obj/lvgl/lvgl_source/lv_objx/lv_bar.o
                0x00000000000111a0                lv_bar_set_style
 .text.lv_bar_create
                0x00000000000111e4      0x130 bin/obj/lvgl/lvgl_source/lv_objx/lv_bar.o
                0x00000000000111e4                lv_bar_create
 .text.lv_bar_get_value
                0x0000000000011314       0x38 bin/obj/lvgl/lvgl_source/lv_objx/lv_bar.o
                0x0000000000011314                lv_bar_get_value
 .text.lv_bar_get_min_value
                0x000000000001134c       0x2c bin/obj/lvgl/lvgl_source/lv_objx/lv_bar.o
                0x000000000001134c                lv_bar_get_min_value
 .text.lv_bar_get_max_value
                0x0000000000011378       0x2c bin/obj/lvgl/lvgl_source/lv_objx/lv_bar.o
                0x0000000000011378                lv_bar_get_max_value
 .text.lv_bar_get_style
                0x00000000000113a4       0x3c bin/obj/lvgl/lvgl_source/lv_objx/lv_bar.o
                0x00000000000113a4                lv_bar_get_style
 .text.lv_bar_design
                0x00000000000113e0      0x1dc bin/obj/lvgl/lvgl_source/lv_objx/lv_bar.o
 .text.lv_bar_signal
                0x00000000000115bc       0x4c bin/obj/lvgl/lvgl_source/lv_objx/lv_bar.o
 .text.emu_vmon_thresh_get
                0x0000000000011608       0x5c bin/obj/peripheral/emu.o
 .text.emu_vmon_thresh_calc
                0x0000000000011664       0x90 bin/obj/peripheral/emu.o
 .text._emu_isr
                0x00000000000116f4       0x6c bin/obj/peripheral/emu.o
                0x00000000000116f4                _emu_isr
 .text.emu_init
                0x0000000000011760       0x34 bin/obj/peripheral/emu.o
                0x0000000000011760                emu_init
 .text.emu_vmon_avdd_config
                0x0000000000011794       0xa4 bin/obj/peripheral/emu.o
                0x0000000000011794                emu_vmon_avdd_config
 .text.emu_vmon_dvdd_config
                0x0000000000011838       0x6c bin/obj/peripheral/emu.o
                0x0000000000011838                emu_vmon_dvdd_config
 .text.emu_vmon_iovdd_config
                0x00000000000118a4       0x6c bin/obj/peripheral/emu.o
                0x00000000000118a4                emu_vmon_iovdd_config
 .text.emu_r5v_vout_config
                0x0000000000011910       0x78 bin/obj/peripheral/emu.o
                0x0000000000011910                emu_r5v_vout_config
 .text.emu_r5v_vin_config
                0x0000000000011988       0x2c bin/obj/peripheral/emu.o
                0x0000000000011988                emu_r5v_vin_config
 .text.emu_r5v_amux_config
                0x00000000000119b4       0x50 bin/obj/peripheral/emu.o
                0x00000000000119b4                emu_r5v_amux_config
 .text.crc_init
                0x0000000000011a04       0x28 bin/obj/peripheral/crc.o
                0x0000000000011a04                crc_init
 .text._ldma_isr
                0x0000000000011a2c       0x40 bin/obj/peripheral/ldma.o
                0x0000000000011a2c                _ldma_isr
 .text.ldma_init
                0x0000000000011a6c       0x38 bin/obj/peripheral/ldma.o
                0x0000000000011a6c                ldma_init
 .text.ldma_ch_config
                0x0000000000011aa4       0x2a bin/obj/peripheral/ldma.o
                0x0000000000011aa4                ldma_ch_config
 *fill*         0x0000000000011ace        0x2 
 .text.ldma_ch_load
                0x0000000000011ad0       0x30 bin/obj/peripheral/ldma.o
                0x0000000000011ad0                ldma_ch_load
 .text.ldma_ch_enable
                0x0000000000011b00       0x14 bin/obj/peripheral/ldma.o
                0x0000000000011b00                ldma_ch_enable
 .text.ldma_ch_disable
                0x0000000000011b14       0x14 bin/obj/peripheral/ldma.o
                0x0000000000011b14                ldma_ch_disable
 .text.ldma_ch_peri_req_enable
                0x0000000000011b28       0x14 bin/obj/peripheral/ldma.o
                0x0000000000011b28                ldma_ch_peri_req_enable
 .text.ldma_ch_peri_req_disable
                0x0000000000011b3c       0x14 bin/obj/peripheral/ldma.o
                0x0000000000011b3c                ldma_ch_peri_req_disable
 .text.ldma_ch_req_clear
                0x0000000000011b50       0x14 bin/obj/peripheral/ldma.o
                0x0000000000011b50                ldma_ch_req_clear
 .text.rmu_init
                0x0000000000011b64       0x30 bin/obj/peripheral/rmu.o
                0x0000000000011b64                rmu_init
 .text.rmu_get_reset_reason
                0x0000000000011b94       0xa4 bin/obj/peripheral/rmu.o
                0x0000000000011b94                rmu_get_reset_reason
 .text.rmu_clear_reset_reason
                0x0000000000011c38        0xc bin/obj/peripheral/rmu.o
                0x0000000000011c38                rmu_clear_reset_reason
 .text.rmu_get_reset_state
                0x0000000000011c44       0x10 bin/obj/peripheral/rmu.o
                0x0000000000011c44                rmu_get_reset_state
 .text.dbg_init
                0x0000000000011c54       0x10 bin/obj/peripheral/dbg.o
                0x0000000000011c54                dbg_init
 .text.dbg_swo_config
                0x0000000000011c64       0x64 bin/obj/peripheral/dbg.o
                0x0000000000011c64                dbg_swo_config
 .text.dbg_swo_send_uint8
                0x0000000000011cc8       0x28 bin/obj/peripheral/dbg.o
                0x0000000000011cc8                dbg_swo_send_uint8
 .text._putchar
                0x0000000000011cf0        0x6 bin/obj/peripheral/dbg.o
                0x0000000000011cf0                _putchar
 *fill*         0x0000000000011cf6        0x2 
 .text.crypto_init
                0x0000000000011cf8       0x14 bin/obj/peripheral/crypto.o
                0x0000000000011cf8                crypto_init
 .text.msc_flash_lock
                0x0000000000011d0c       0x16 bin/obj/peripheral/msc.o
                0x0000000000011d0c                msc_flash_lock
 .text.msc_flash_unlock
                0x0000000000011d22       0x20 bin/obj/peripheral/msc.o
                0x0000000000011d22                msc_flash_unlock
 .text.msc_init
                0x0000000000011d42       0x4a bin/obj/peripheral/msc.o
                0x0000000000011d42                msc_init
 .text.msc_config_waitstates
                0x0000000000011d8c       0xa8 bin/obj/peripheral/msc.o
                0x0000000000011d8c                msc_config_waitstates
 .text.qspi_flash_cmd.part.0
                0x0000000000011e34      0x170 bin/obj/peripheral/qspi.o
 .text.qspi_flash_cmd
                0x0000000000011fa4       0x44 bin/obj/peripheral/qspi.o
                0x0000000000011fa4                qspi_flash_cmd
 .text.qspi_flash_reset
                0x0000000000011fe8       0x36 bin/obj/peripheral/qspi.o
                0x0000000000011fe8                qspi_flash_reset
 .text.qspi_flash_read_status
                0x000000000001201e       0x2a bin/obj/peripheral/qspi.o
                0x000000000001201e                qspi_flash_read_status
 .text.qspi_flash_read_config
                0x0000000000012048       0x2a bin/obj/peripheral/qspi.o
                0x0000000000012048                qspi_flash_read_config
 .text.qspi_flash_write_enable
                0x0000000000012072       0x30 bin/obj/peripheral/qspi.o
                0x0000000000012072                qspi_flash_write_enable
 .text.qspi_flash_write_status_config
                0x00000000000120a2       0x30 bin/obj/peripheral/qspi.o
                0x00000000000120a2                qspi_flash_write_status_config
 *fill*         0x00000000000120d2        0x2 
 .text.qspi_flash_read_jedec_id
                0x00000000000120d4       0x4c bin/obj/peripheral/qspi.o
                0x00000000000120d4                qspi_flash_read_jedec_id
 .text.qspi_flash_read_security
                0x0000000000012120       0x20 bin/obj/peripheral/qspi.o
                0x0000000000012120                qspi_flash_read_security
 .text.qspi_flash_unprotect_all_blocks
                0x0000000000012140       0x22 bin/obj/peripheral/qspi.o
                0x0000000000012140                qspi_flash_unprotect_all_blocks
 *fill*         0x0000000000012162        0x2 
 .text.qspi_flash_init
                0x0000000000012164       0x34 bin/obj/peripheral/qspi.o
                0x0000000000012164                qspi_flash_init
 .text.qspi_init
                0x0000000000012198       0x98 bin/obj/peripheral/qspi.o
                0x0000000000012198                qspi_init
 .text._gpio_even_isr
                0x0000000000012230       0x14 bin/obj/peripheral/gpio.o
                0x0000000000012230                _gpio_even_isr
 .text._gpio_odd_isr
                0x0000000000012244       0x20 bin/obj/peripheral/gpio.o
                0x0000000000012244                _gpio_odd_isr
 .text.gpio_init
                0x0000000000012264      0x150 bin/obj/peripheral/gpio.o
                0x0000000000012264                gpio_init
 .text.play_sound
                0x00000000000123b4       0x74 bin/obj/peripheral/gpio.o
                0x00000000000123b4                play_sound
 .text.rtcc_init
                0x0000000000012428       0x6c bin/obj/peripheral/rtcc.o
                0x0000000000012428                rtcc_init
 .text.trng_init
                0x0000000000012494       0x50 bin/obj/peripheral/trng.o
                0x0000000000012494                trng_init
 .text.trng_pop_random
                0x00000000000124e4       0x14 bin/obj/peripheral/trng.o
                0x00000000000124e4                trng_pop_random
 .text._systick_isr
                0x00000000000124f8       0x18 bin/obj/peripheral/systick.o
                0x00000000000124f8                _systick_isr
 .text.systick_init
                0x0000000000012510       0x30 bin/obj/peripheral/systick.o
                0x0000000000012510                systick_init
 .text.delay_ms
                0x0000000000012540       0x34 bin/obj/peripheral/systick.o
                0x0000000000012540                delay_ms
 .text.i2c0_init
                0x0000000000012574       0x74 bin/obj/peripheral/i2c.o
                0x0000000000012574                i2c0_init
 .text.i2c0_transmit
                0x00000000000125e8      0x100 bin/obj/peripheral/i2c.o
                0x00000000000125e8                i2c0_transmit
 .text.i2c1_init
                0x00000000000126e8       0x78 bin/obj/peripheral/i2c.o
                0x00000000000126e8                i2c1_init
 .text.i2c1_transmit
                0x0000000000012760       0xf0 bin/obj/peripheral/i2c.o
                0x0000000000012760                i2c1_transmit
 .text.cmu_update_clocks
                0x0000000000012850      0x4b0 bin/obj/peripheral/cmu.o
                0x0000000000012850                cmu_update_clocks
 .text.cmu_config_waitstates
                0x0000000000012d00       0x20 bin/obj/peripheral/cmu.o
                0x0000000000012d00                cmu_config_waitstates
 .text.cmu_hfrco_calib
                0x0000000000012d20       0x2c bin/obj/peripheral/cmu.o
                0x0000000000012d20                cmu_hfrco_calib
 .text.cmu_init
                0x0000000000012d4c      0x19c bin/obj/peripheral/cmu.o
                0x0000000000012d4c                cmu_init
 .text.cmu_ushfrco_calib
                0x0000000000012ee8       0x58 bin/obj/peripheral/cmu.o
                0x0000000000012ee8                cmu_ushfrco_calib
 .text.cmu_auxhfrco_calib
                0x0000000000012f40       0x48 bin/obj/peripheral/cmu.o
                0x0000000000012f40                cmu_auxhfrco_calib
 .text.cmu_hfxo_startup_calib
                0x0000000000012f88       0x2c bin/obj/peripheral/cmu.o
                0x0000000000012f88                cmu_hfxo_startup_calib
 .text.cmu_hfxo_steady_calib
                0x0000000000012fb4       0x2c bin/obj/peripheral/cmu.o
                0x0000000000012fb4                cmu_hfxo_steady_calib
 .text.usart0_init
                0x0000000000012fe0       0xd0 bin/obj/peripheral/usart.o
                0x0000000000012fe0                usart0_init
 .text.usart2_init
                0x00000000000130b0       0xd0 bin/obj/peripheral/usart.o
                0x00000000000130b0                usart2_init
 .text.usart2_spi_transfer_byte
                0x0000000000013180       0x24 bin/obj/peripheral/usart.o
                0x0000000000013180                usart2_spi_transfer_byte
 .text.usart2_spi_write_byte
                0x00000000000131a4       0x1c bin/obj/peripheral/usart.o
                0x00000000000131a4                usart2_spi_write_byte
 .text.adc_init
                0x00000000000131c0       0x40 bin/obj/peripheral/adc.o
                0x00000000000131c0                adc_init
 .text.adc_get_avdd
                0x0000000000013200       0x84 bin/obj/peripheral/adc.o
                0x0000000000013200                adc_get_avdd
 .text.adc_get_dvdd
                0x0000000000013284       0x84 bin/obj/peripheral/adc.o
                0x0000000000013284                adc_get_dvdd
 .text.adc_get_iovdd
                0x0000000000013308       0x84 bin/obj/peripheral/adc.o
                0x0000000000013308                adc_get_iovdd
 .text.adc_get_corevdd
                0x000000000001338c       0x84 bin/obj/peripheral/adc.o
                0x000000000001338c                adc_get_corevdd
 .text.adc_get_r5v_vregi
                0x0000000000013410       0xa0 bin/obj/peripheral/adc.o
                0x0000000000013410                adc_get_r5v_vregi
 .text.adc_get_r5v_vregi_current
                0x00000000000134b0       0xa4 bin/obj/peripheral/adc.o
                0x00000000000134b0                adc_get_r5v_vregi_current
 .text.adc_get_r5v_vbus
                0x0000000000013554       0xa0 bin/obj/peripheral/adc.o
                0x0000000000013554                adc_get_r5v_vbus
 .text.adc_get_r5v_vbus_current
                0x00000000000135f4       0xa4 bin/obj/peripheral/adc.o
                0x00000000000135f4                adc_get_r5v_vbus_current
 .text.adc_get_r5v_vrego
                0x0000000000013698       0xa0 bin/obj/peripheral/adc.o
                0x0000000000013698                adc_get_r5v_vrego
 .text._out_buffer
                0x0000000000013738        0x8 bin/obj/printf/printf.o
 .text._out_null
                0x0000000000013740        0x2 bin/obj/printf/printf.o
 .text._ntoa_format
                0x0000000000013742      0x184 bin/obj/printf/printf.o
 .text._ntoa_long
                0x00000000000138c6       0x82 bin/obj/printf/printf.o
 .text._ntoa_long_long
                0x0000000000013948       0xaa bin/obj/printf/printf.o
 .text._out_char
                0x00000000000139f2        0x8 bin/obj/printf/printf.o
 *fill*         0x00000000000139fa        0x6 
 .text._vsnprintf
                0x0000000000013a00      0x7f0 bin/obj/printf/printf.o
 .text.printf   0x00000000000141f0       0x28 bin/obj/printf/printf.o
                0x00000000000141f0                printf
 .text.snprintf
                0x0000000000014218       0x28 bin/obj/printf/printf.o
                0x0000000000014218                snprintf
 .text.roundf   0x0000000000014240       0x4c /usr/lib/gcc/arm-none-eabi/9.2.0/../../../../arm-none-eabi/lib/thumb/v7e-m+fp/hard/libm.a(lib_a-sf_round.o)
                0x0000000000014240                roundf
 .text.malloc   0x000000000001428c       0x10 /usr/lib/gcc/arm-none-eabi/9.2.0/../../../../arm-none-eabi/lib/thumb/v7e-m+fp/hard/libc_nano.a(lib_a-malloc.o)
                0x000000000001428c                malloc
 .text.free     0x000000000001429c       0x10 /usr/lib/gcc/arm-none-eabi/9.2.0/../../../../arm-none-eabi/lib/thumb/v7e-m+fp/hard/libc_nano.a(lib_a-malloc.o)
                0x000000000001429c                free
 .text.memcpy   0x00000000000142ac       0x1c /usr/lib/gcc/arm-none-eabi/9.2.0/../../../../arm-none-eabi/lib/thumb/v7e-m+fp/hard/libc_nano.a(lib_a-memcpy-stub.o)
                0x00000000000142ac                memcpy
 .text.memset   0x00000000000142c8       0x10 /usr/lib/gcc/arm-none-eabi/9.2.0/../../../../arm-none-eabi/lib/thumb/v7e-m+fp/hard/libc_nano.a(lib_a-memset.o)
                0x00000000000142c8                memset
 .text._free_r  0x00000000000142d8       0xa0 /usr/lib/gcc/arm-none-eabi/9.2.0/../../../../arm-none-eabi/lib/thumb/v7e-m+fp/hard/libc_nano.a(lib_a-nano-freer.o)
                0x00000000000142d8                _free_r
 .text._malloc_r
                0x0000000000014378       0xb4 /usr/lib/gcc/arm-none-eabi/9.2.0/../../../../arm-none-eabi/lib/thumb/v7e-m+fp/hard/libc_nano.a(lib_a-nano-mallocr.o)
                0x0000000000014378                _malloc_r
 .text._sbrk_r  0x000000000001442c       0x20 /usr/lib/gcc/arm-none-eabi/9.2.0/../../../../arm-none-eabi/lib/thumb/v7e-m+fp/hard/libc_nano.a(lib_a-sbrkr.o)
                0x000000000001442c                _sbrk_r
 .text.strcpy   0x000000000001444c       0x10 /usr/lib/gcc/arm-none-eabi/9.2.0/../../../../arm-none-eabi/lib/thumb/v7e-m+fp/hard/libc_nano.a(lib_a-strcpy.o)
                0x000000000001444c                strcpy
 .text.strncpy  0x000000000001445c       0x26 /usr/lib/gcc/arm-none-eabi/9.2.0/../../../../arm-none-eabi/lib/thumb/v7e-m+fp/hard/libc_nano.a(lib_a-strncpy.o)
                0x000000000001445c                strncpy
 *fill*         0x0000000000014482        0x2 
 .text.__malloc_lock
                0x0000000000014484        0xc /usr/lib/gcc/arm-none-eabi/9.2.0/../../../../arm-none-eabi/lib/thumb/v7e-m+fp/hard/libc_nano.a(lib_a-mlock.o)
                0x0000000000014484                __malloc_lock
 .text.__malloc_unlock
                0x0000000000014490        0xc /usr/lib/gcc/arm-none-eabi/9.2.0/../../../../arm-none-eabi/lib/thumb/v7e-m+fp/hard/libc_nano.a(lib_a-mlock.o)
                0x0000000000014490                __malloc_unlock
 .text.__retarget_lock_acquire_recursive
                0x000000000001449c        0x2 /usr/lib/gcc/arm-none-eabi/9.2.0/../../../../arm-none-eabi/lib/thumb/v7e-m+fp/hard/libc_nano.a(lib_a-lock.o)
                0x000000000001449c                __retarget_lock_acquire_recursive
 .text.__retarget_lock_release_recursive
                0x000000000001449e        0x2 /usr/lib/gcc/arm-none-eabi/9.2.0/../../../../arm-none-eabi/lib/thumb/v7e-m+fp/hard/libc_nano.a(lib_a-lock.o)
                0x000000000001449e                __retarget_lock_release_recursive
 .text.__udivmoddi4
                0x00000000000144a0      0x2aa /usr/lib/gcc/arm-none-eabi/9.2.0/thumb/v7e-m+fp/hard/libgcc.a(_udivmoddi4.o)
                0x00000000000144a0                __udivmoddi4
 *fill*         0x000000000001474a        0x2 
 .text._sbrk    0x000000000001474c       0x1c /usr/lib/gcc/arm-none-eabi/9.2.0/../../../../arm-none-eabi/lib/thumb/v7e-m+fp/hard/libnosys.a(sbrk.o)
                0x000000000001474c                _sbrk
 *(.rodata)
 .rodata        0x0000000000014768       0x10 bin/obj/lvgl/lvgl_source/lv_draw/lv_draw_basic.o
 .rodata        0x0000000000014778        0x2 bin/obj/lvgl/lvgl_source/lv_themes/lv_theme_material.o